<!doctype html public "-//w3c//dtd html 4.0 transitional//en">
<html><head>
<title>Static Call Graph - [.\out_DA14585\Objects\ble_app_ota_585_29.axf]</title></head>
<body><HR>
<H1>Static Call Graph for image .\out_DA14585\Objects\ble_app_ota_585_29.axf</H1><HR>
<BR><P>#&#060CALLGRAPH&#062# ARM Linker, 6160001: Last Updated: Wed Oct  1 08:06:36 2025
<BR><P>
<H3>Maximum Stack Usage =        488 bytes + Unknown(Cycles, Untraceable Function Pointers)</H3><H3>
Call chain for Maximum Stack Depth:</H3>
app_entry_point_handler &rArr; user_catch_rest_hndl &rArr; arch_printf &rArr; arch_itoa
<P>
<H3>
Mutually Recursive functions
</H3> <LI><a href="#[3]">SVC_Handler</a>&nbsp;&nbsp;&nbsp;&rArr;&nbsp;&nbsp;&nbsp;<a href="#[3]">SVC_Handler</a><BR>
 <LI><a href="#[4]">PendSV_Handler</a>&nbsp;&nbsp;&nbsp;&rArr;&nbsp;&nbsp;&nbsp;<a href="#[4]">PendSV_Handler</a><BR>
 <LI><a href="#[e]">BLE_RF_DIAG_Handler</a>&nbsp;&nbsp;&nbsp;&rArr;&nbsp;&nbsp;&nbsp;<a href="#[e]">BLE_RF_DIAG_Handler</a><BR>
 <LI><a href="#[167]">adc_usDelay</a>&nbsp;&nbsp;&nbsp;&rArr;&nbsp;&nbsp;&nbsp;<a href="#[167]">adc_usDelay</a><BR>
</UL>
<P>
<H3>
Function Pointers
</H3><UL>
 <LI><a href="#[c]">ADC_Handler</a> from lto-llvm-2321f4.o(.text.ADC_Handler) referenced from startup_da14585_586.o(RESET)
 <LI><a href="#[e]">BLE_RF_DIAG_Handler</a> from startup_da14585_586.o(.text) referenced from startup_da14585_586.o(RESET)
 <LI><a href="#[6]">BLE_WAKEUP_LP_Handler</a> from lto-llvm-2321f4.o(.text.BLE_WAKEUP_LP_Handler) referenced from startup_da14585_586.o(RESET)
 <LI><a href="#[a7]">DCoffsetCalibration_func</a> from da14585_symbols.txt(ABSOLUTE) referenced from lto-llvm-2321f4.o(.rodata)
 <LI><a href="#[1a]">DMA_Handler</a> from startup_da14585_586.o(.text) referenced from startup_da14585_586.o(RESET)
 <LI><a href="#[28]">EPD_2IN13_V2_SendCommand</a> from lto-llvm-2321f4.o(.text.EPD_2IN13_V2_SendCommand) referenced from lto-llvm-2321f4.o(.text.display)
 <LI><a href="#[29]">EPD_2IN13_V2_SendData</a> from lto-llvm-2321f4.o(.text.EPD_2IN13_V2_SendData) referenced from lto-llvm-2321f4.o(.text.display)
 <LI><a href="#[2b]">EPD_DrawUTF8</a> from lto-llvm-2321f4.o(.text.EPD_DrawUTF8) referenced from lto-llvm-2321f4.o(.text.do_display_update_with_analog_clock)
 <LI><a href="#[10]">GPIO0_Handler</a> from lto-llvm-2321f4.o(.text.GPIO0_Handler) referenced from startup_da14585_586.o(RESET)
 <LI><a href="#[11]">GPIO1_Handler</a> from lto-llvm-2321f4.o(.text.GPIO1_Handler) referenced from startup_da14585_586.o(RESET)
 <LI><a href="#[12]">GPIO2_Handler</a> from lto-llvm-2321f4.o(.text.GPIO2_Handler) referenced from startup_da14585_586.o(RESET)
 <LI><a href="#[13]">GPIO3_Handler</a> from lto-llvm-2321f4.o(.text.GPIO3_Handler) referenced from startup_da14585_586.o(RESET)
 <LI><a href="#[14]">GPIO4_Handler</a> from lto-llvm-2321f4.o(.text.GPIO4_Handler) referenced from startup_da14585_586.o(RESET)
 <LI><a href="#[26]">GPIO_ConfigurePin</a> from lto-llvm-2321f4.o(.text.GPIO_ConfigurePin) referenced from lto-llvm-2321f4.o(.text.app_suotar_spi_config)
 <LI><a href="#[2]">HardFault_Handler</a> from startup_da14585_586.o(.text) referenced from startup_da14585_586.o(RESET)
 <LI><a href="#[22]">HardFault_HandlerC</a> from lto-llvm-2321f4.o(.text.HardFault_HandlerC) referenced from startup_da14585_586.o(.text)
 <LI><a href="#[a]">I2C_Handler</a> from lto-llvm-2321f4.o(.text.I2C_Handler) referenced from startup_da14585_586.o(RESET)
 <LI><a href="#[94]">JT_l2cc_pdu_recv_ind_handler_func</a> from patch.o(.text) referenced from lto-llvm-2321f4.o(.rodata)
 <LI><a href="#[91]">JT_l2cc_pdu_unpack_func</a> from patch.o(.text) referenced from lto-llvm-2321f4.o(.rodata)
 <LI><a href="#[9e]">JT_llc_le_length_effective_func</a> from patch.o(.text) referenced from lto-llvm-2321f4.o(.rodata)
 <LI><a href="#[d]">KEYBRD_Handler</a> from startup_da14585_586.o(.text) referenced from startup_da14585_586.o(RESET)
 <LI><a href="#[1]">NMI_Handler</a> from startup_da14585_586.o(.text) referenced from startup_da14585_586.o(RESET)
 <LI><a href="#[21]">NMI_HandlerC</a> from lto-llvm-2321f4.o(.text.NMI_HandlerC) referenced from startup_da14585_586.o(.text)
 <LI><a href="#[41]">PATCHED_atts_mtu_exc_req</a> from patch.o(.text) referenced from patch.o(.constdata)
 <LI><a href="#[4a]">PATCHED_gapm_adv_sanity</a> from patch.o(.text) referenced from patch.o(.constdata)
 <LI><a href="#[46]">PATCHED_gapm_get_ad_type_flag</a> from patch.o(.text) referenced from patch.o(.constdata)
 <LI><a href="#[3e]">PATCHED_gapm_reset_cmd_handler</a> from patch.o(.text) referenced from patch.o(.constdata)
 <LI><a href="#[3c]">PATCHED_hci_acl_data_rx_handler</a> from patch.o(.text) referenced from patch.o(.constdata)
 <LI><a href="#[3f]">PATCHED_hci_command_handler</a> from patch.o(.text) referenced from patch.o(.constdata)
 <LI><a href="#[4b]">PATCHED_llc_ch_map_req_ind</a> from patch.o(.text) referenced from patch.o(.constdata)
 <LI><a href="#[40]">PATCHED_llc_data_ind_handler</a> from patch.o(.text) referenced from patch.o(.constdata)
 <LI><a href="#[47]">PATCHED_llc_util_gen_skdx</a> from patch.o(.text) referenced from patch.o(.constdata)
 <LI><a href="#[3b]">PATCHED_llcp_length_req_handler</a> from patch.o(.text) referenced from patch.o(.constdata)
 <LI><a href="#[3d]">PATCHED_llcp_length_rsp_handler</a> from patch.o(.text) referenced from patch.o(.constdata)
 <LI><a href="#[48]">PATCHED_lld_evt_move_to_master</a> from patch.o(.text) referenced from patch.o(.constdata)
 <LI><a href="#[49]">PATCHED_llm_adv_report_set</a> from patch.o(.text) referenced from patch.o(.constdata)
 <LI><a href="#[4c]">PATCHED_llm_con_req_ind</a> from patch.o(.text) referenced from patch.o(.constdata)
 <LI><a href="#[44]">PATCHED_smpc_check_key_distrib</a> from patch.o(.text) referenced from patch.o(.constdata)
 <LI><a href="#[45]">PATCHED_smpc_construct_id_addr_info_pdu</a> from patch.o(.text) referenced from patch.o(.constdata)
 <LI><a href="#[42]">PATCHED_smpc_dhkey_calc_start</a> from smpc_util.o(.text) referenced from patch.o(.constdata)
 <LI><a href="#[43]">PATCHED_smpc_is_sec_mode_reached</a> from patch.o(.text) referenced from patch.o(.constdata)
 <LI><a href="#[4d]">PATCHED_smpc_recv_pair_rand_pdu</a> from patch.o(.text) referenced from patch.o(.constdata)
 <LI><a href="#[4e]">PATCHED_smpc_recv_public_key_exchange_pdu</a> from patch.o(.text) referenced from patch.o(.constdata)
 <LI><a href="#[17]">PCM_Handler</a> from startup_da14585_586.o(.text) referenced from startup_da14585_586.o(RESET)
 <LI><a href="#[9a]">PK_PointMult_func</a> from patch.o(.text) referenced from lto-llvm-2321f4.o(.rodata)
 <LI><a href="#[4]">PendSV_Handler</a> from startup_da14585_586.o(.text) referenced from startup_da14585_586.o(RESET)
 <LI><a href="#[a8]">PllLF_IFF_MIX_CapCalibration_func</a> from da14585_symbols.txt(ABSOLUTE) referenced from lto-llvm-2321f4.o(.rodata)
 <LI><a href="#[35]">RADIOCNTL_Handler</a> from lto-llvm-2321f4.o(.text.RADIOCNTL_Handler) referenced from lto-llvm-2321f4.o(.text.rf_init_func)
 <LI><a href="#[1b]">RESERVED21_Handler</a> from startup_da14585_586.o(.text) referenced from startup_da14585_586.o(RESET)
 <LI><a href="#[1c]">RESERVED22_Handler</a> from startup_da14585_586.o(.text) referenced from startup_da14585_586.o(RESET)
 <LI><a href="#[1d]">RESERVED23_Handler</a> from startup_da14585_586.o(.text) referenced from startup_da14585_586.o(RESET)
 <LI><a href="#[f]">RFCAL_Handler</a> from startup_da14585_586.o(.text) referenced from startup_da14585_586.o(RESET)
 <LI><a href="#[0]">Reset_Handler</a> from startup_da14585_586.o(.text) referenced from startup_da14585_586.o(RESET)
 <LI><a href="#[b]">SPI_Handler</a> from startup_da14585_586.o(.text) referenced from startup_da14585_586.o(RESET)
 <LI><a href="#[18]">SRCIN_Handler</a> from startup_da14585_586.o(.text) referenced from startup_da14585_586.o(RESET)
 <LI><a href="#[19]">SRCOUT_Handler</a> from startup_da14585_586.o(.text) referenced from startup_da14585_586.o(RESET)
 <LI><a href="#[3]">SVC_Handler</a> from startup_da14585_586.o(.text) referenced from startup_da14585_586.o(RESET)
 <LI><a href="#[15]">SWTIM_Handler</a> from startup_da14585_586.o(.text) referenced from startup_da14585_586.o(RESET)
 <LI><a href="#[5]">SysTick_Handler</a> from lto-llvm-2321f4.o(.text.SysTick_Handler) referenced from startup_da14585_586.o(RESET)
 <LI><a href="#[1f]">SystemInit</a> from lto-llvm-2321f4.o(system_DA14xxx) referenced from startup_da14585_586.o(.text)
 <LI><a href="#[9]">UART2_Handler</a> from lto-llvm-2321f4.o(.text.UART2_Handler) referenced from startup_da14585_586.o(RESET)
 <LI><a href="#[8]">UART_Handler</a> from da14585_symbols.txt(ABSOLUTE) referenced from startup_da14585_586.o(RESET)
 <LI><a href="#[65]">UART_Handler_func</a> from da14585_symbols.txt(ABSOLUTE) referenced from lto-llvm-2321f4.o(.rodata)
 <LI><a href="#[16]">WKUP_QUADEC_Handler</a> from lto-llvm-2321f4.o(.text.WKUP_QUADEC_Handler) referenced from startup_da14585_586.o(RESET)
 <LI><a href="#[2d]">__2sprintf</a> from printf8.o(i.__0sprintf$8) referenced from lto-llvm-2321f4.o(.text.do_min_work_with_analog_clock)
 <LI><a href="#[20]">__main</a> from entry.o(.ARM.Collect$$$$00000000) referenced from startup_da14585_586.o(.text)
 <LI><a href="#[3a]">_sputc</a> from printf8.o(i._sputc) referenced from printf8.o(i.__0sprintf$8)
 <LI><a href="#[23]">adv_data_update_timer_cb</a> from lto-llvm-2321f4.o(.text.adv_data_update_timer_cb) referenced from lto-llvm-2321f4.o(.text.adv_data_update_timer_cb)
 <LI><a href="#[23]">adv_data_update_timer_cb</a> from lto-llvm-2321f4.o(.text.adv_data_update_timer_cb) referenced from lto-llvm-2321f4.o(.text.user_app_adv_start)
 <LI><a href="#[f0]">app_bass_alert_timer_handler</a> from lto-llvm-2321f4.o(.text.app_bass_alert_timer_handler) referenced from lto-llvm-2321f4.o(.rodata)
 <LI><a href="#[f1]">app_bass_connect_timer_handler</a> from lto-llvm-2321f4.o(.text.app_bass_connect_timer_handler) referenced from lto-llvm-2321f4.o(.rodata)
 <LI><a href="#[d2]">app_bass_create_db</a> from lto-llvm-2321f4.o(.text.app_bass_create_db) referenced from lto-llvm-2321f4.o(.rodata)
 <LI><a href="#[d3]">app_bass_enable</a> from lto-llvm-2321f4.o(.text.app_bass_enable) referenced from lto-llvm-2321f4.o(.rodata)
 <LI><a href="#[fc]">app_bass_process_handler</a> from lto-llvm-2321f4.o(.text.app_bass_process_handler) referenced from lto-llvm-2321f4.o(.rodata)
 <LI><a href="#[ef]">app_bass_timer_handler</a> from lto-llvm-2321f4.o(.text.app_bass_timer_handler) referenced from lto-llvm-2321f4.o(.rodata)
 <LI><a href="#[24]">app_custs1_create_db</a> from lto-llvm-2321f4.o(.text.app_custs1_create_db) referenced from lto-llvm-2321f4.o(.text.app_db_init_next)
 <LI><a href="#[fe]">app_custs1_process_handler</a> from lto-llvm-2321f4.o(.text.app_custs1_process_handler) referenced from lto-llvm-2321f4.o(.rodata)
 <LI><a href="#[d4]">app_diss_create_db</a> from lto-llvm-2321f4.o(.text.app_diss_create_db) referenced from lto-llvm-2321f4.o(.rodata)
 <LI><a href="#[fb]">app_diss_process_handler</a> from lto-llvm-2321f4.o(.text.app_diss_process_handler) referenced from lto-llvm-2321f4.o(.rodata)
 <LI><a href="#[d6]">app_entry_point_handler</a> from lto-llvm-2321f4.o(.text.app_entry_point_handler) referenced from lto-llvm-2321f4.o(.rodata)
 <LI><a href="#[f7]">app_gap_process_handler</a> from lto-llvm-2321f4.o(.text.app_gap_process_handler) referenced from lto-llvm-2321f4.o(.rodata)
 <LI><a href="#[f9]">app_msg_utils_api_process_handler</a> from lto-llvm-2321f4.o(.text.app_msg_utils_api_process_handler) referenced from lto-llvm-2321f4.o(.rodata)
 <LI><a href="#[fa]">app_sec_process_handler</a> from lto-llvm-2321f4.o(.text.app_sec_process_handler) referenced from lto-llvm-2321f4.o(.rodata)
 <LI><a href="#[d5]">app_suotar_create_db</a> from lto-llvm-2321f4.o(.text.app_suotar_create_db) referenced from lto-llvm-2321f4.o(.rodata)
 <LI><a href="#[fd]">app_suotar_process_handler</a> from lto-llvm-2321f4.o(.text.app_suotar_process_handler) referenced from lto-llvm-2321f4.o(.rodata)
 <LI><a href="#[f8]">app_timer_api_process_handler</a> from lto-llvm-2321f4.o(.text.app_timer_api_process_handler) referenced from lto-llvm-2321f4.o(.rodata)
 <LI><a href="#[2f]">arch_printf</a> from lto-llvm-2321f4.o(.text.arch_printf) referenced from lto-llvm-2321f4.o(.text.gapm_profile_added_ind_handler)
 <LI><a href="#[97]">attc_l2cc_pdu_recv_handler_func</a> from da14585_symbols.txt(ABSOLUTE) referenced from lto-llvm-2321f4.o(.rodata)
 <LI><a href="#[96]">atts_l2cc_pdu_recv_handler_func</a> from da14585_symbols.txt(ABSOLUTE) referenced from lto-llvm-2321f4.o(.rodata)
 <LI><a href="#[4f]">atts_mtu_exc_req</a> from da14585_symbols.txt(ABSOLUTE) referenced from patch.o(.constdata)
 <LI><a href="#[a5]">ba431_get_rand_func</a> from lto-llvm-2321f4.o(.text.ba431_get_rand_func) referenced from lto-llvm-2321f4.o(.rodata)
 <LI><a href="#[ee]">bass_batt_level_ntf_cfg_ind_handler</a> from lto-llvm-2321f4.o(.text.bass_batt_level_ntf_cfg_ind_handler) referenced from lto-llvm-2321f4.o(.rodata)
 <LI><a href="#[cd]">bass_batt_level_upd_req_handler</a> from lto-llvm-2321f4.o(.text.bass_batt_level_upd_req_handler) referenced from lto-llvm-2321f4.o(.rodata)
 <LI><a href="#[ed]">bass_batt_level_upd_rsp_handler</a> from lto-llvm-2321f4.o(.text.bass_batt_level_upd_rsp_handler) referenced from lto-llvm-2321f4.o(.rodata)
 <LI><a href="#[cb]">bass_cleanup</a> from lto-llvm-2321f4.o(.text.bass_cleanup) referenced from lto-llvm-2321f4.o(.rodata)
 <LI><a href="#[ca]">bass_create</a> from lto-llvm-2321f4.o(.text.bass_create) referenced from lto-llvm-2321f4.o(.rodata)
 <LI><a href="#[c9]">bass_destroy</a> from lto-llvm-2321f4.o(.text.bass_destroy) referenced from lto-llvm-2321f4.o(.rodata)
 <LI><a href="#[cc]">bass_enable_req_handler</a> from lto-llvm-2321f4.o(.text.bass_enable_req_handler) referenced from lto-llvm-2321f4.o(.rodata)
 <LI><a href="#[ec]">bass_enable_rsp_handler</a> from lto-llvm-2321f4.o(.text.bass_enable_rsp_handler) referenced from lto-llvm-2321f4.o(.rodata)
 <LI><a href="#[c8]">bass_init</a> from lto-llvm-2321f4.o(.text.bass_init) referenced from lto-llvm-2321f4.o(.rodata)
 <LI><a href="#[98]">crypto_init_func</a> from lto-llvm-2321f4.o(.text.crypto_init_func) referenced from lto-llvm-2321f4.o(.rodata)
 <LI><a href="#[be]">custs1_att_info_rsp_handler</a> from lto-llvm-2321f4.o(.text.custs1_att_info_rsp_handler) referenced from lto-llvm-2321f4.o(.rodata)
 <LI><a href="#[b6]">custs1_cleanup</a> from lto-llvm-2321f4.o(.text.custs1_cleanup) referenced from lto-llvm-2321f4.o(.rodata)
 <LI><a href="#[b5]">custs1_create</a> from lto-llvm-2321f4.o(.text.custs1_create) referenced from lto-llvm-2321f4.o(.rodata)
 <LI><a href="#[b4]">custs1_destroy</a> from lto-llvm-2321f4.o(.text.custs1_destroy) referenced from lto-llvm-2321f4.o(.rodata)
 <LI><a href="#[b3]">custs1_init</a> from lto-llvm-2321f4.o(.text.custs1_init) referenced from lto-llvm-2321f4.o(.rodata)
 <LI><a href="#[bd]">custs1_val_ind_req_handler</a> from lto-llvm-2321f4.o(.text.custs1_val_ind_req_handler) referenced from lto-llvm-2321f4.o(.rodata)
 <LI><a href="#[bb]">custs1_val_ntf_req_handler</a> from lto-llvm-2321f4.o(.text.custs1_val_ntf_req_handler) referenced from lto-llvm-2321f4.o(.rodata)
 <LI><a href="#[bc]">custs1_val_set_req_handler</a> from lto-llvm-2321f4.o(.text.custs1_val_set_req_handler) referenced from lto-llvm-2321f4.o(.rodata)
 <LI><a href="#[bf]">custs1_value_req_rsp_handler</a> from lto-llvm-2321f4.o(.text.custs1_value_req_rsp_handler) referenced from lto-llvm-2321f4.o(.rodata)
 <LI><a href="#[8d]">dbg_init_func_empty</a> from lto-llvm-2321f4.o(.text.dbg_init_func_empty) referenced from lto-llvm-2321f4.o(.rodata)
 <LI><a href="#[8e]">dbg_platform_reset_complete_func_empty</a> from lto-llvm-2321f4.o(.text.dbg_platform_reset_complete_func_empty) referenced from lto-llvm-2321f4.o(.rodata)
 <LI><a href="#[a3]">dia_rand_func</a> from lto-llvm-2321f4.o(.text.dia_rand_func) referenced from lto-llvm-2321f4.o(.rodata)
 <LI><a href="#[a4]">dia_srand_func</a> from lto-llvm-2321f4.o(.text.dia_srand_func) referenced from lto-llvm-2321f4.o(.rodata)
 <LI><a href="#[2a]">display</a> from lto-llvm-2321f4.o(.text.display) referenced from lto-llvm-2321f4.o(.text.display)
 <LI><a href="#[2a]">display</a> from lto-llvm-2321f4.o(.text.display) referenced from lto-llvm-2321f4.o(.text.user_catch_rest_hndl)
 <LI><a href="#[af]">diss_cleanup</a> from lto-llvm-2321f4.o(.text.diss_cleanup) referenced from lto-llvm-2321f4.o(.rodata)
 <LI><a href="#[ae]">diss_create</a> from lto-llvm-2321f4.o(.text.diss_create) referenced from lto-llvm-2321f4.o(.rodata)
 <LI><a href="#[ad]">diss_destroy</a> from lto-llvm-2321f4.o(.text.diss_destroy) referenced from lto-llvm-2321f4.o(.rodata)
 <LI><a href="#[ac]">diss_init</a> from lto-llvm-2321f4.o(.text.diss_init) referenced from lto-llvm-2321f4.o(.rodata)
 <LI><a href="#[b0]">diss_set_value_req_handler</a> from lto-llvm-2321f4.o(.text.diss_set_value_req_handler) referenced from lto-llvm-2321f4.o(.rodata)
 <LI><a href="#[b2]">diss_value_cfm_handler</a> from lto-llvm-2321f4.o(.text.diss_value_cfm_handler) referenced from lto-llvm-2321f4.o(.rodata)
 <LI><a href="#[f2]">diss_value_req_ind_handler</a> from lto-llvm-2321f4.o(.text.diss_value_req_ind_handler) referenced from lto-llvm-2321f4.o(.rodata)
 <LI><a href="#[2c]">do_min_work_with_analog_clock</a> from lto-llvm-2321f4.o(.text.do_min_work_with_analog_clock) referenced from lto-llvm-2321f4.o(.text.do_min_work_with_analog_clock)
 <LI><a href="#[2c]">do_min_work_with_analog_clock</a> from lto-llvm-2321f4.o(.text.do_min_work_with_analog_clock) referenced from lto-llvm-2321f4.o(.text.gapm_profile_added_ind_handler)
 <LI><a href="#[2c]">do_min_work_with_analog_clock</a> from lto-llvm-2321f4.o(.text.do_min_work_with_analog_clock) referenced from lto-llvm-2321f4.o(.text.user_catch_rest_hndl)
 <LI><a href="#[e6]">gapc_bond_ind_handler</a> from lto-llvm-2321f4.o(.text.gapc_bond_ind_handler) referenced from lto-llvm-2321f4.o(.rodata)
 <LI><a href="#[e5]">gapc_bond_req_ind_handler</a> from lto-llvm-2321f4.o(.text.gapc_bond_req_ind_handler) referenced from lto-llvm-2321f4.o(.rodata)
 <LI><a href="#[d9]">gapc_cmp_evt_handler</a> from lto-llvm-2321f4.o(.text.gapc_cmp_evt_handler) referenced from lto-llvm-2321f4.o(.rodata)
 <LI><a href="#[da]">gapc_connection_req_ind_handler</a> from lto-llvm-2321f4.o(.text.gapc_connection_req_ind_handler) referenced from lto-llvm-2321f4.o(.rodata)
 <LI><a href="#[db]">gapc_disconnect_ind_handler</a> from lto-llvm-2321f4.o(.text.gapc_disconnect_ind_handler) referenced from lto-llvm-2321f4.o(.rodata)
 <LI><a href="#[e8]">gapc_encrypt_ind_handler</a> from lto-llvm-2321f4.o(.text.gapc_encrypt_ind_handler) referenced from lto-llvm-2321f4.o(.rodata)
 <LI><a href="#[e7]">gapc_encrypt_req_ind_handler</a> from lto-llvm-2321f4.o(.text.gapc_encrypt_req_ind_handler) referenced from lto-llvm-2321f4.o(.rodata)
 <LI><a href="#[dc]">gapc_get_dev_info_req_ind_handler</a> from lto-llvm-2321f4.o(.text.gapc_get_dev_info_req_ind_handler) referenced from lto-llvm-2321f4.o(.rodata)
 <LI><a href="#[e1]">gapc_le_pkt_size_ind_handler</a> from lto-llvm-2321f4.o(.text.gapc_le_pkt_size_ind_handler) referenced from lto-llvm-2321f4.o(.rodata)
 <LI><a href="#[95]">gapc_lecb_connect_cfm_handler_func</a> from da14585_symbols.txt(ABSOLUTE) referenced from lto-llvm-2321f4.o(.rodata)
 <LI><a href="#[e0]">gapc_param_update_req_ind_handler</a> from lto-llvm-2321f4.o(.text.gapc_param_update_req_ind_handler) referenced from lto-llvm-2321f4.o(.rodata)
 <LI><a href="#[e3]">gapc_peer_features_ind_handler</a> from lto-llvm-2321f4.o(.text.gapc_peer_features_ind_handler) referenced from lto-llvm-2321f4.o(.rodata)
 <LI><a href="#[e4]">gapc_security_ind_handler</a> from lto-llvm-2321f4.o(.text.gapc_security_ind_handler) referenced from lto-llvm-2321f4.o(.rodata)
 <LI><a href="#[dd]">gapc_set_dev_info_req_ind_handler</a> from lto-llvm-2321f4.o(.text.gapc_set_dev_info_req_ind_handler) referenced from lto-llvm-2321f4.o(.rodata)
 <LI><a href="#[e9]">gapm_addr_solved_ind_handler</a> from lto-llvm-2321f4.o(.text.gapm_addr_solved_ind_handler) referenced from lto-llvm-2321f4.o(.rodata)
 <LI><a href="#[df]">gapm_adv_report_ind_handler</a> from lto-llvm-2321f4.o(.text.gapm_adv_report_ind_handler) referenced from lto-llvm-2321f4.o(.rodata)
 <LI><a href="#[58]">gapm_adv_sanity</a> from da14585_symbols.txt(ABSOLUTE) referenced from patch.o(.constdata)
 <LI><a href="#[d8]">gapm_cmp_evt_handler</a> from lto-llvm-2321f4.o(.text.gapm_cmp_evt_handler) referenced from lto-llvm-2321f4.o(.rodata)
 <LI><a href="#[d7]">gapm_device_ready_ind_handler</a> from lto-llvm-2321f4.o(.text.gapm_device_ready_ind_handler) referenced from lto-llvm-2321f4.o(.rodata)
 <LI><a href="#[54]">gapm_get_ad_type_flag</a> from da14585_symbols.txt(ABSOLUTE) referenced from patch.o(.constdata)
 <LI><a href="#[de]">gapm_profile_added_ind_handler</a> from lto-llvm-2321f4.o(.text.gapm_profile_added_ind_handler) referenced from lto-llvm-2321f4.o(.rodata)
 <LI><a href="#[eb]">gapm_ral_addr_ind_handler</a> from lto-llvm-2321f4.o(.text.gapm_ral_addr_ind_handler) referenced from lto-llvm-2321f4.o(.rodata)
 <LI><a href="#[ea]">gapm_ral_size_ind_handler</a> from lto-llvm-2321f4.o(.text.gapm_ral_size_ind_handler) referenced from lto-llvm-2321f4.o(.rodata)
 <LI><a href="#[b9]">gattc_att_info_req_ind_handler</a> from lto-llvm-2321f4.o(.text.gattc_att_info_req_ind_handler) referenced from lto-llvm-2321f4.o(.rodata)
 <LI><a href="#[ce]">gattc_att_info_req_ind_handler.107</a> from lto-llvm-2321f4.o(.text.gattc_att_info_req_ind_handler.107) referenced from lto-llvm-2321f4.o(.rodata)
 <LI><a href="#[ba]">gattc_cmp_evt_handler</a> from lto-llvm-2321f4.o(.text.gattc_cmp_evt_handler) referenced from lto-llvm-2321f4.o(.rodata)
 <LI><a href="#[d1]">gattc_cmp_evt_handler.110</a> from lto-llvm-2321f4.o(.text.gattc_cmp_evt_handler.110) referenced from lto-llvm-2321f4.o(.rodata)
 <LI><a href="#[b1]">gattc_read_req_ind_handler</a> from lto-llvm-2321f4.o(.text.gattc_read_req_ind_handler) referenced from lto-llvm-2321f4.o(.rodata)
 <LI><a href="#[c4]">gattc_read_req_ind_handler.101</a> from lto-llvm-2321f4.o(.text.gattc_read_req_ind_handler.101) referenced from lto-llvm-2321f4.o(.rodata)
 <LI><a href="#[d0]">gattc_read_req_ind_handler.109</a> from lto-llvm-2321f4.o(.text.gattc_read_req_ind_handler.109) referenced from lto-llvm-2321f4.o(.rodata)
 <LI><a href="#[b7]">gattc_read_req_ind_handler.74</a> from lto-llvm-2321f4.o(.text.gattc_read_req_ind_handler.74) referenced from lto-llvm-2321f4.o(.rodata)
 <LI><a href="#[e2]">gattc_svc_changed_cfg_ind_handler</a> from lto-llvm-2321f4.o(.text.gattc_svc_changed_cfg_ind_handler) referenced from lto-llvm-2321f4.o(.rodata)
 <LI><a href="#[b8]">gattc_write_req_ind_handler</a> from lto-llvm-2321f4.o(.text.gattc_write_req_ind_handler) referenced from lto-llvm-2321f4.o(.rodata)
 <LI><a href="#[c5]">gattc_write_req_ind_handler.102</a> from lto-llvm-2321f4.o(.text.gattc_write_req_ind_handler.102) referenced from lto-llvm-2321f4.o(.rodata)
 <LI><a href="#[cf]">gattc_write_req_ind_handler.108</a> from lto-llvm-2321f4.o(.text.gattc_write_req_ind_handler.108) referenced from lto-llvm-2321f4.o(.rodata)
 <LI><a href="#[67]">gtl_eif_init_func</a> from da14585_symbols.txt(ABSOLUTE) referenced from lto-llvm-2321f4.o(.rodata)
 <LI><a href="#[69]">gtl_eif_read_hdr_func</a> from da14585_symbols.txt(ABSOLUTE) referenced from lto-llvm-2321f4.o(.rodata)
 <LI><a href="#[6a]">gtl_eif_read_payl_func</a> from da14585_symbols.txt(ABSOLUTE) referenced from lto-llvm-2321f4.o(.rodata)
 <LI><a href="#[68]">gtl_eif_read_start_func</a> from da14585_symbols.txt(ABSOLUTE) referenced from lto-llvm-2321f4.o(.rodata)
 <LI><a href="#[6c]">gtl_eif_rx_done_func</a> from da14585_symbols.txt(ABSOLUTE) referenced from lto-llvm-2321f4.o(.rodata)
 <LI><a href="#[6b]">gtl_eif_tx_done_func</a> from da14585_symbols.txt(ABSOLUTE) referenced from lto-llvm-2321f4.o(.rodata)
 <LI><a href="#[66]">gtl_init_func</a> from da14585_symbols.txt(ABSOLUTE) referenced from lto-llvm-2321f4.o(.rodata)
 <LI><a href="#[6d]">h4tl_init_func</a> from da14585_symbols.txt(ABSOLUTE) referenced from lto-llvm-2321f4.o(.rodata)
 <LI><a href="#[72]">h4tl_out_of_sync_func</a> from da14585_symbols.txt(ABSOLUTE) referenced from lto-llvm-2321f4.o(.rodata)
 <LI><a href="#[6f]">h4tl_read_hdr_func</a> from da14585_symbols.txt(ABSOLUTE) referenced from lto-llvm-2321f4.o(.rodata)
 <LI><a href="#[71]">h4tl_read_next_out_of_sync_func</a> from da14585_symbols.txt(ABSOLUTE) referenced from lto-llvm-2321f4.o(.rodata)
 <LI><a href="#[70]">h4tl_read_payl_func</a> from da14585_symbols.txt(ABSOLUTE) referenced from lto-llvm-2321f4.o(.rodata)
 <LI><a href="#[6e]">h4tl_read_start_func</a> from da14585_symbols.txt(ABSOLUTE) referenced from lto-llvm-2321f4.o(.rodata)
 <LI><a href="#[74]">h4tl_rx_done_func</a> from da14585_symbols.txt(ABSOLUTE) referenced from lto-llvm-2321f4.o(.rodata)
 <LI><a href="#[73]">h4tl_tx_done_func</a> from da14585_symbols.txt(ABSOLUTE) referenced from lto-llvm-2321f4.o(.rodata)
 <LI><a href="#[8f]">hci_rd_local_supp_feats_cmd_handler_func</a> from da14585_symbols.txt(ABSOLUTE) referenced from lto-llvm-2321f4.o(.rodata)
 <LI><a href="#[75]">ke_task_init_func</a> from da14585_symbols.txt(ABSOLUTE) referenced from lto-llvm-2321f4.o(.rodata)
 <LI><a href="#[76]">ke_timer_init_func</a> from da14585_symbols.txt(ABSOLUTE) referenced from lto-llvm-2321f4.o(.rodata)
 <LI><a href="#[93]">l2c_process_sdu_func</a> from da14585_symbols.txt(ABSOLUTE) referenced from lto-llvm-2321f4.o(.rodata)
 <LI><a href="#[92]">l2c_send_lecb_message_func</a> from da14585_symbols.txt(ABSOLUTE) referenced from lto-llvm-2321f4.o(.rodata)
 <LI><a href="#[90]">l2cc_pdu_pack_func</a> from da14585_symbols.txt(ABSOLUTE) referenced from lto-llvm-2321f4.o(.rodata)
 <LI><a href="#[59]">llc_ch_map_req_ind</a> from da14585_symbols.txt(ABSOLUTE) referenced from patch.o(.constdata)
 <LI><a href="#[9f]">llc_le_length_conn_init_func</a> from da14585_symbols.txt(ABSOLUTE) referenced from lto-llvm-2321f4.o(.rodata)
 <LI><a href="#[a2]">llc_pdu_send_func</a> from da14585_symbols.txt(ABSOLUTE) referenced from lto-llvm-2321f4.o(.rodata)
 <LI><a href="#[55]">llc_util_gen_skdx</a> from da14585_symbols.txt(ABSOLUTE) referenced from patch.o(.constdata)
 <LI><a href="#[a1]">lld_data_tx_check_func</a> from da14585_symbols.txt(ABSOLUTE) referenced from lto-llvm-2321f4.o(.rodata)
 <LI><a href="#[a0]">lld_data_tx_prog_func</a> from da14585_symbols.txt(ABSOLUTE) referenced from lto-llvm-2321f4.o(.rodata)
 <LI><a href="#[56]">lld_evt_move_to_master</a> from da14585_symbols.txt(ABSOLUTE) referenced from patch.o(.constdata)
 <LI><a href="#[7e]">lld_sleep_compensate_func</a> from lto-llvm-2321f4.o(.text.lld_sleep_compensate_func) referenced from lto-llvm-2321f4.o(.rodata)
 <LI><a href="#[7f]">lld_sleep_init_func</a> from lto-llvm-2321f4.o(.text.lld_sleep_init_func) referenced from lto-llvm-2321f4.o(.rodata)
 <LI><a href="#[81]">lld_sleep_lpcycles_2_us_sel_func</a> from lto-llvm-2321f4.o(.text.lld_sleep_lpcycles_2_us_sel_func) referenced from lto-llvm-2321f4.o(.rodata)
 <LI><a href="#[80]">lld_sleep_us_2_lpcycles_sel_func</a> from lto-llvm-2321f4.o(.text.lld_sleep_us_2_lpcycles_sel_func) referenced from lto-llvm-2321f4.o(.rodata)
 <LI><a href="#[84]">lld_test_mode_rx_func</a> from da14585_symbols.txt(ABSOLUTE) referenced from lto-llvm-2321f4.o(.rodata)
 <LI><a href="#[83]">lld_test_mode_tx_func</a> from da14585_symbols.txt(ABSOLUTE) referenced from lto-llvm-2321f4.o(.rodata)
 <LI><a href="#[82]">lld_test_stop_func</a> from da14585_symbols.txt(ABSOLUTE) referenced from lto-llvm-2321f4.o(.rodata)
 <LI><a href="#[57]">llm_adv_report_set</a> from da14585_symbols.txt(ABSOLUTE) referenced from patch.o(.constdata)
 <LI><a href="#[5a]">llm_con_req_ind</a> from da14585_symbols.txt(ABSOLUTE) referenced from patch.o(.constdata)
 <LI><a href="#[9c]">llm_create_p256_key_func</a> from patch.o(.text) referenced from lto-llvm-2321f4.o(.rodata)
 <LI><a href="#[77]">llm_encryption_done_func</a> from da14585_symbols.txt(ABSOLUTE) referenced from lto-llvm-2321f4.o(.rodata)
 <LI><a href="#[99]">llm_le_adv_report_ind_func</a> from da14585_symbols.txt(ABSOLUTE) referenced from lto-llvm-2321f4.o(.rodata)
 <LI><a href="#[9d]">llm_p256_req_handler_func</a> from patch.o(.text) referenced from lto-llvm-2321f4.o(.rodata)
 <LI><a href="#[9b]">llm_p256_start_func</a> from da14585_symbols.txt(ABSOLUTE) referenced from lto-llvm-2321f4.o(.rodata)
 <LI><a href="#[1e]">main</a> from lto-llvm-2321f4.o(.text.main) referenced from entry9a.o(.ARM.Collect$$$$0000000B)
 <LI><a href="#[a6]">modulationGainCalibration_func</a> from da14585_symbols.txt(ABSOLUTE) referenced from lto-llvm-2321f4.o(.rodata)
 <LI><a href="#[7a]">nvds_del_func</a> from lto-llvm-2321f4.o(.text.nvds_del_func) referenced from lto-llvm-2321f4.o(.rodata)
 <LI><a href="#[78]">nvds_get_func</a> from lto-llvm-2321f4.o(.text.nvds_get_func) referenced from lto-llvm-2321f4.o(.rodata)
 <LI><a href="#[7b]">nvds_init_func</a> from lto-llvm-2321f4.o(.text.nvds_init_func) referenced from lto-llvm-2321f4.o(.rodata)
 <LI><a href="#[79]">nvds_put_func</a> from lto-llvm-2321f4.o(.text.nvds_put_func) referenced from lto-llvm-2321f4.o(.rodata)
 <LI><a href="#[2e]">param_update_request_timer_cb</a> from lto-llvm-2321f4.o(.text.param_update_request_timer_cb) referenced from lto-llvm-2321f4.o(.text.gapc_connection_req_ind_handler)
 <LI><a href="#[7d]">platform_reset_func</a> from lto-llvm-2321f4.o(.text.platform_reset_func) referenced from lto-llvm-2321f4.o(.rodata)
 <LI><a href="#[88]">prf_add_profile_func</a> from lto-llvm-2321f4.o(.text.prf_add_profile_func) referenced from lto-llvm-2321f4.o(.rodata)
 <LI><a href="#[8a]">prf_cleanup_func</a> from lto-llvm-2321f4.o(.text.prf_cleanup_func) referenced from lto-llvm-2321f4.o(.rodata)
 <LI><a href="#[89]">prf_create_func</a> from lto-llvm-2321f4.o(.text.prf_create_func) referenced from lto-llvm-2321f4.o(.rodata)
 <LI><a href="#[8b]">prf_get_id_from_task_func</a> from lto-llvm-2321f4.o(.text.prf_get_id_from_task_func) referenced from lto-llvm-2321f4.o(.rodata)
 <LI><a href="#[8c]">prf_get_task_from_id_func</a> from lto-llvm-2321f4.o(.text.prf_get_task_from_id_func) referenced from lto-llvm-2321f4.o(.rodata)
 <LI><a href="#[87]">prf_init_func</a> from lto-llvm-2321f4.o(.text.prf_init_func) referenced from lto-llvm-2321f4.o(.rodata)
 <LI><a href="#[38]">rf_force_agc_enable</a> from lto-llvm-2321f4.o(.text.rf_force_agc_enable) referenced from lto-llvm-2321f4.o(.text.rf_init_func)
 <LI><a href="#[5d]">rf_init_func</a> from lto-llvm-2321f4.o(.text.rf_init_func) referenced from lto-llvm-2321f4.o(.rodata)
 <LI><a href="#[32]">rf_reg_rd</a> from lto-llvm-2321f4.o(.text.rf_reg_rd) referenced from lto-llvm-2321f4.o(.text.rf_init_func)
 <LI><a href="#[31]">rf_reg_wr</a> from lto-llvm-2321f4.o(.text.rf_reg_wr) referenced from lto-llvm-2321f4.o(.text.rf_init_func)
 <LI><a href="#[5e]">rf_reinit_func</a> from lto-llvm-2321f4.o(.text.rf_reinit_func) referenced from lto-llvm-2321f4.o(.rodata)
 <LI><a href="#[36]">rf_reset</a> from lto-llvm-2321f4.o(.text.rf_reset) referenced from lto-llvm-2321f4.o(.text.rf_init_func)
 <LI><a href="#[37]">rf_rssi_convert</a> from lto-llvm-2321f4.o(.text.rf_rssi_convert) referenced from lto-llvm-2321f4.o(.text.rf_init_func)
 <LI><a href="#[33]">rf_sleep</a> from lto-llvm-2321f4.o(.text.rf_sleep) referenced from lto-llvm-2321f4.o(.text.rf_init_func)
 <LI><a href="#[34]">rf_txpwr_dbm_get</a> from lto-llvm-2321f4.o(.text.rf_txpwr_dbm_get) referenced from lto-llvm-2321f4.o(.text.rf_init_func)
 <LI><a href="#[7]">rwble_isr</a> from lto-llvm-2321f4.o(.text.rwble_isr) referenced from startup_da14585_586.o(RESET)
 <LI><a href="#[7c]">rwip_eif_get_func</a> from da14585_symbols.txt(ABSOLUTE) referenced from lto-llvm-2321f4.o(.rodata)
 <LI><a href="#[52]">smpc_check_key_distrib</a> from da14585_symbols.txt(ABSOLUTE) referenced from patch.o(.constdata)
 <LI><a href="#[85]">smpc_check_param_func</a> from da14585_symbols.txt(ABSOLUTE) referenced from lto-llvm-2321f4.o(.rodata)
 <LI><a href="#[53]">smpc_construct_id_addr_info_pdu</a> from da14585_symbols.txt(ABSOLUTE) referenced from patch.o(.constdata)
 <LI><a href="#[aa]">smpc_dhkey_calc_ind_func</a> from da14585_symbols.txt(ABSOLUTE) referenced from lto-llvm-2321f4.o(.rodata)
 <LI><a href="#[50]">smpc_dhkey_calc_start</a> from da14585_symbols.txt(ABSOLUTE) referenced from patch.o(.constdata)
 <LI><a href="#[51]">smpc_is_sec_mode_reached</a> from da14585_symbols.txt(ABSOLUTE) referenced from patch.o(.constdata)
 <LI><a href="#[86]">smpc_pdu_recv_func</a> from da14585_symbols.txt(ABSOLUTE) referenced from lto-llvm-2321f4.o(.rodata)
 <LI><a href="#[a9]">smpc_public_key_exchange_start_func</a> from da14585_symbols.txt(ABSOLUTE) referenced from lto-llvm-2321f4.o(.rodata)
 <LI><a href="#[5b]">smpc_recv_pair_rand_pdu</a> from da14585_symbols.txt(ABSOLUTE) referenced from patch.o(.constdata)
 <LI><a href="#[5c]">smpc_recv_public_key_exchange_pdu</a> from da14585_symbols.txt(ABSOLUTE) referenced from patch.o(.constdata)
 <LI><a href="#[ab]">smpm_ecdh_key_create_func</a> from da14585_symbols.txt(ABSOLUTE) referenced from lto-llvm-2321f4.o(.rodata)
 <LI><a href="#[39]">spi_access</a> from lto-llvm-2321f4.o(.text.spi_access) referenced from lto-llvm-2321f4.o(.text.spi_flash_auto_detect)
 <LI><a href="#[c3]">suotar_cleanup</a> from lto-llvm-2321f4.o(.text.suotar_cleanup) referenced from lto-llvm-2321f4.o(.rodata)
 <LI><a href="#[c2]">suotar_create</a> from lto-llvm-2321f4.o(.text.suotar_create) referenced from lto-llvm-2321f4.o(.rodata)
 <LI><a href="#[c1]">suotar_destroy</a> from lto-llvm-2321f4.o(.text.suotar_destroy) referenced from lto-llvm-2321f4.o(.rodata)
 <LI><a href="#[f4]">suotar_gpio_map_ind_handler</a> from lto-llvm-2321f4.o(.text.suotar_gpio_map_ind_handler) referenced from lto-llvm-2321f4.o(.rodata)
 <LI><a href="#[c0]">suotar_init</a> from lto-llvm-2321f4.o(.text.suotar_init) referenced from lto-llvm-2321f4.o(.rodata)
 <LI><a href="#[c6]">suotar_mem_info_update_req_handler</a> from lto-llvm-2321f4.o(.text.suotar_mem_info_update_req_handler) referenced from lto-llvm-2321f4.o(.rodata)
 <LI><a href="#[f6]">suotar_patch_data_ind_handler</a> from lto-llvm-2321f4.o(.text.suotar_patch_data_ind_handler) referenced from lto-llvm-2321f4.o(.rodata)
 <LI><a href="#[f5]">suotar_patch_len_ind_handler</a> from lto-llvm-2321f4.o(.text.suotar_patch_len_ind_handler) referenced from lto-llvm-2321f4.o(.rodata)
 <LI><a href="#[f3]">suotar_patch_mem_dev_ind_handler</a> from lto-llvm-2321f4.o(.text.suotar_patch_mem_dev_ind_handler) referenced from lto-llvm-2321f4.o(.rodata)
 <LI><a href="#[c7]">suotar_status_update_req_handler</a> from lto-llvm-2321f4.o(.text.suotar_status_update_req_handler) referenced from lto-llvm-2321f4.o(.rodata)
 <LI><a href="#[25]">timer_canceled_handler</a> from lto-llvm-2321f4.o(.text.timer_canceled_handler) referenced from lto-llvm-2321f4.o(.text.app_easy_timer_cancel)
 <LI><a href="#[25]">timer_canceled_handler</a> from lto-llvm-2321f4.o(.text.timer_canceled_handler) referenced from lto-llvm-2321f4.o(.text.app_timer_api_process_handler)
 <LI><a href="#[27]">timer_modified_handler</a> from lto-llvm-2321f4.o(.text.timer_modified_handler) referenced from lto-llvm-2321f4.o(.text.app_timer_api_process_handler)
 <LI><a href="#[30]">uart_callback</a> from lto-llvm-2321f4.o(.text.uart_callback) referenced from lto-llvm-2321f4.o(.text.main)
 <LI><a href="#[62]">uart_finish_transfers_func</a> from da14585_symbols.txt(ABSOLUTE) referenced from lto-llvm-2321f4.o(.rodata)
 <LI><a href="#[61]">uart_flow_off_func</a> from da14585_symbols.txt(ABSOLUTE) referenced from lto-llvm-2321f4.o(.rodata)
 <LI><a href="#[60]">uart_flow_on_func</a> from da14585_symbols.txt(ABSOLUTE) referenced from lto-llvm-2321f4.o(.rodata)
 <LI><a href="#[5f]">uart_init_func</a> from da14585_symbols.txt(ABSOLUTE) referenced from lto-llvm-2321f4.o(.rodata)
 <LI><a href="#[63]">uart_read_func</a> from da14585_symbols.txt(ABSOLUTE) referenced from lto-llvm-2321f4.o(.rodata)
 <LI><a href="#[64]">uart_write_func</a> from da14585_symbols.txt(ABSOLUTE) referenced from lto-llvm-2321f4.o(.rodata)
</UL>
<P>
<H3>
Global Symbols
</H3>
<P><STRONG><a name="[7c]"></a>rwip_eif_get_func</STRONG> (Thumb, 0 bytes, Stack size 0 bytes, da14585_symbols.txt(ABSOLUTE), UNUSED)
<BR>[Address Reference Count : 1]<UL><LI> lto-llvm-2321f4.o(.rodata)
</UL>
<P><STRONG><a name="[1c0]"></a>ble_init</STRONG> (Thumb, 0 bytes, Stack size 0 bytes, da14585_symbols.txt(ABSOLUTE))
<BR><BR>[Called By]<UL><LI><a href="#[1e]">&gt;&gt;</a>&nbsp;&nbsp;&nbsp;main
</UL>

<P><STRONG><a name="[1c9]"></a>ble_regs_push</STRONG> (Thumb, 0 bytes, Stack size 0 bytes, da14585_symbols.txt(ABSOLUTE))
<BR><BR>[Called By]<UL><LI><a href="#[1e]">&gt;&gt;</a>&nbsp;&nbsp;&nbsp;main
</UL>

<P><STRONG><a name="[15e]"></a>ble_regs_pop</STRONG> (Thumb, 0 bytes, Stack size 0 bytes, da14585_symbols.txt(ABSOLUTE))
<BR><BR>[Called By]<UL><LI><a href="#[6]">&gt;&gt;</a>&nbsp;&nbsp;&nbsp;BLE_WAKEUP_LP_Handler
</UL>

<P><STRONG><a name="[1d4]"></a>rf_reinit</STRONG> (Thumb, 0 bytes, Stack size 0 bytes, da14585_symbols.txt(ABSOLUTE))
<BR><BR>[Called By]<UL><LI><a href="#[7]">&gt;&gt;</a>&nbsp;&nbsp;&nbsp;rwble_isr
</UL>

<P><STRONG><a name="[136]"></a>smpc_pdu_recv</STRONG> (Thumb, 0 bytes, Stack size 0 bytes, da14585_symbols.txt(ABSOLUTE))
<BR><BR>[Called By]<UL><LI><a href="#[94]">&gt;&gt;</a>&nbsp;&nbsp;&nbsp;JT_l2cc_pdu_recv_ind_handler_func
</UL>

<P><STRONG><a name="[8]"></a>UART_Handler</STRONG> (Thumb, 0 bytes, Stack size 0 bytes, da14585_symbols.txt(ABSOLUTE), UNUSED)
<BR>[Address Reference Count : 1]<UL><LI> startup_da14585_586.o(RESET)
</UL>
<P><STRONG><a name="[127]"></a>platform_reset</STRONG> (Thumb, 0 bytes, Stack size 0 bytes, da14585_symbols.txt(ABSOLUTE))
<BR><BR>[Called By]<UL><LI><a href="#[3e]">&gt;&gt;</a>&nbsp;&nbsp;&nbsp;PATCHED_gapm_reset_cmd_handler
<LI><a href="#[177]">&gt;&gt;</a>&nbsp;&nbsp;&nbsp;user_catch_rest_hndl
<LI><a href="#[f3]">&gt;&gt;</a>&nbsp;&nbsp;&nbsp;suotar_patch_mem_dev_ind_handler
<LI><a href="#[db]">&gt;&gt;</a>&nbsp;&nbsp;&nbsp;gapc_disconnect_ind_handler
</UL>

<P><STRONG><a name="[16e]"></a>prf_get_task_from_id</STRONG> (Thumb, 0 bytes, Stack size 0 bytes, da14585_symbols.txt(ABSOLUTE))
<BR><BR>[Called By]<UL><LI><a href="#[1d8]">&gt;&gt;</a>&nbsp;&nbsp;&nbsp;suotar_send_status_update_req
<LI><a href="#[1d7]">&gt;&gt;</a>&nbsp;&nbsp;&nbsp;suotar_send_mem_info_update_req
<LI><a href="#[198]">&gt;&gt;</a>&nbsp;&nbsp;&nbsp;bls_att_pushNotifyData
<LI><a href="#[170]">&gt;&gt;</a>&nbsp;&nbsp;&nbsp;app_batt_lvl
<LI><a href="#[d3]">&gt;&gt;</a>&nbsp;&nbsp;&nbsp;app_bass_enable
</UL>

<P><STRONG><a name="[12e]"></a>l2cc_pdu_unpack</STRONG> (Thumb, 0 bytes, Stack size 0 bytes, da14585_symbols.txt(ABSOLUTE))
<BR><BR>[Called By]<UL><LI><a href="#[3c]">&gt;&gt;</a>&nbsp;&nbsp;&nbsp;PATCHED_hci_acl_data_rx_handler
</UL>

<P><STRONG><a name="[132]"></a>l2c_send_lecb_message</STRONG> (Thumb, 0 bytes, Stack size 0 bytes, da14585_symbols.txt(ABSOLUTE))
<BR><BR>[Called By]<UL><LI><a href="#[3c]">&gt;&gt;</a>&nbsp;&nbsp;&nbsp;PATCHED_hci_acl_data_rx_handler
</UL>

<P><STRONG><a name="[130]"></a>l2c_process_sdu</STRONG> (Thumb, 0 bytes, Stack size 0 bytes, da14585_symbols.txt(ABSOLUTE))
<BR><BR>[Called By]<UL><LI><a href="#[3c]">&gt;&gt;</a>&nbsp;&nbsp;&nbsp;PATCHED_hci_acl_data_rx_handler
</UL>

<P><STRONG><a name="[11b]"></a>PK_PointMult</STRONG> (Thumb, 0 bytes, Stack size 0 bytes, da14585_symbols.txt(ABSOLUTE))
<BR><BR>[Called By]<UL><LI><a href="#[9c]">&gt;&gt;</a>&nbsp;&nbsp;&nbsp;llm_create_p256_key_func
</UL>

<P><STRONG><a name="[123]"></a>llm_p256_start</STRONG> (Thumb, 0 bytes, Stack size 0 bytes, da14585_symbols.txt(ABSOLUTE))
<BR><BR>[Called By]<UL><LI><a href="#[9d]">&gt;&gt;</a>&nbsp;&nbsp;&nbsp;llm_p256_req_handler_func
</UL>

<P><STRONG><a name="[11e]"></a>llm_create_p256_key</STRONG> (Thumb, 0 bytes, Stack size 0 bytes, da14585_symbols.txt(ABSOLUTE))
<BR><BR>[Called By]<UL><LI><a href="#[9d]">&gt;&gt;</a>&nbsp;&nbsp;&nbsp;llm_p256_req_handler_func
</UL>

<P><STRONG><a name="[10d]"></a>dia_rand</STRONG> (Thumb, 0 bytes, Stack size 0 bytes, da14585_symbols.txt(ABSOLUTE))
<BR><BR>[Called By]<UL><LI><a href="#[47]">&gt;&gt;</a>&nbsp;&nbsp;&nbsp;PATCHED_llc_util_gen_skdx
<LI><a href="#[e5]">&gt;&gt;</a>&nbsp;&nbsp;&nbsp;gapc_bond_req_ind_handler
<LI><a href="#[a5]">&gt;&gt;</a>&nbsp;&nbsp;&nbsp;ba431_get_rand_func
<LI><a href="#[17f]">&gt;&gt;</a>&nbsp;&nbsp;&nbsp;app_fill_random_byte_array
</UL>

<P><STRONG><a name="[1bf]"></a>dia_srand</STRONG> (Thumb, 0 bytes, Stack size 0 bytes, da14585_symbols.txt(ABSOLUTE))
<BR><BR>[Called By]<UL><LI><a href="#[1e]">&gt;&gt;</a>&nbsp;&nbsp;&nbsp;main
</UL>

<P><STRONG><a name="[11a]"></a>ba431_get_rand</STRONG> (Thumb, 0 bytes, Stack size 0 bytes, da14585_symbols.txt(ABSOLUTE))
<BR><BR>[Called By]<UL><LI><a href="#[9c]">&gt;&gt;</a>&nbsp;&nbsp;&nbsp;llm_create_p256_key_func
</UL>

<P><STRONG><a name="[157]"></a>modulationGainCalibration</STRONG> (Thumb, 0 bytes, Stack size 0 bytes, da14585_symbols.txt(ABSOLUTE))
<BR><BR>[Called By]<UL><LI><a href="#[154]">&gt;&gt;</a>&nbsp;&nbsp;&nbsp;rf_calibration_585
</UL>

<P><STRONG><a name="[155]"></a>DCoffsetCalibration</STRONG> (Thumb, 0 bytes, Stack size 0 bytes, da14585_symbols.txt(ABSOLUTE))
<BR><BR>[Called By]<UL><LI><a href="#[154]">&gt;&gt;</a>&nbsp;&nbsp;&nbsp;rf_calibration_585
<LI><a href="#[1e]">&gt;&gt;</a>&nbsp;&nbsp;&nbsp;main
</UL>

<P><STRONG><a name="[156]"></a>PllLF_IFF_MIX_CapCalibration</STRONG> (Thumb, 0 bytes, Stack size 0 bytes, da14585_symbols.txt(ABSOLUTE))
<BR><BR>[Called By]<UL><LI><a href="#[154]">&gt;&gt;</a>&nbsp;&nbsp;&nbsp;rf_calibration_585
<LI><a href="#[1e]">&gt;&gt;</a>&nbsp;&nbsp;&nbsp;main
</UL>

<P><STRONG><a name="[128]"></a>smpm_ecdh_key_create</STRONG> (Thumb, 0 bytes, Stack size 0 bytes, da14585_symbols.txt(ABSOLUTE))
<BR><BR>[Called By]<UL><LI><a href="#[3e]">&gt;&gt;</a>&nbsp;&nbsp;&nbsp;PATCHED_gapm_reset_cmd_handler
</UL>

<P><STRONG><a name="[133]"></a>co_buf_rx_free</STRONG> (Thumb, 0 bytes, Stack size 0 bytes, da14585_symbols.txt(ABSOLUTE))
<BR><BR>[Called By]<UL><LI><a href="#[40]">&gt;&gt;</a>&nbsp;&nbsp;&nbsp;PATCHED_llc_data_ind_handler
<LI><a href="#[3c]">&gt;&gt;</a>&nbsp;&nbsp;&nbsp;PATCHED_hci_acl_data_rx_handler
</UL>

<P><STRONG><a name="[10f]"></a>co_buf_rx_buffer_get</STRONG> (Thumb, 0 bytes, Stack size 0 bytes, da14585_symbols.txt(ABSOLUTE))
<BR><BR>[Called By]<UL><LI><a href="#[4c]">&gt;&gt;</a>&nbsp;&nbsp;&nbsp;PATCHED_llm_con_req_ind
<LI><a href="#[49]">&gt;&gt;</a>&nbsp;&nbsp;&nbsp;PATCHED_llm_adv_report_set
<LI><a href="#[3c]">&gt;&gt;</a>&nbsp;&nbsp;&nbsp;PATCHED_hci_acl_data_rx_handler
</UL>

<P><STRONG><a name="[1a2]"></a>co_list_init</STRONG> (Thumb, 0 bytes, Stack size 0 bytes, da14585_symbols.txt(ABSOLUTE))
<BR><BR>[Called By]<UL><LI><a href="#[ac]">&gt;&gt;</a>&nbsp;&nbsp;&nbsp;diss_init
<LI><a href="#[b3]">&gt;&gt;</a>&nbsp;&nbsp;&nbsp;custs1_init
</UL>

<P><STRONG><a name="[121]"></a>co_list_pop_front</STRONG> (Thumb, 0 bytes, Stack size 0 bytes, da14585_symbols.txt(ABSOLUTE))
<BR><BR>[Called By]<UL><LI><a href="#[9d]">&gt;&gt;</a>&nbsp;&nbsp;&nbsp;llm_p256_req_handler_func
<LI><a href="#[ad]">&gt;&gt;</a>&nbsp;&nbsp;&nbsp;diss_destroy
<LI><a href="#[b4]">&gt;&gt;</a>&nbsp;&nbsp;&nbsp;custs1_destroy
</UL>

<P><STRONG><a name="[12f]"></a>co_list_push_back</STRONG> (Thumb, 0 bytes, Stack size 0 bytes, da14585_symbols.txt(ABSOLUTE))
<BR><BR>[Called By]<UL><LI><a href="#[3c]">&gt;&gt;</a>&nbsp;&nbsp;&nbsp;PATCHED_hci_acl_data_rx_handler
<LI><a href="#[b0]">&gt;&gt;</a>&nbsp;&nbsp;&nbsp;diss_set_value_req_handler
<LI><a href="#[19a]">&gt;&gt;</a>&nbsp;&nbsp;&nbsp;custs1_att_set_value
</UL>

<P><STRONG><a name="[19b]"></a>co_list_extract</STRONG> (Thumb, 0 bytes, Stack size 0 bytes, da14585_symbols.txt(ABSOLUTE))
<BR><BR>[Called By]<UL><LI><a href="#[b0]">&gt;&gt;</a>&nbsp;&nbsp;&nbsp;diss_set_value_req_handler
<LI><a href="#[19a]">&gt;&gt;</a>&nbsp;&nbsp;&nbsp;custs1_att_set_value
</UL>

<P><STRONG><a name="[9f]"></a>llc_le_length_conn_init_func</STRONG> (Thumb, 0 bytes, Stack size 0 bytes, da14585_symbols.txt(ABSOLUTE), UNUSED)
<BR>[Address Reference Count : 1]<UL><LI> lto-llvm-2321f4.o(.rodata)
</UL>
<P><STRONG><a name="[14f]"></a>llc_start</STRONG> (Thumb, 0 bytes, Stack size 0 bytes, da14585_symbols.txt(ABSOLUTE))
<BR><BR>[Called By]<UL><LI><a href="#[4c]">&gt;&gt;</a>&nbsp;&nbsp;&nbsp;PATCHED_llm_con_req_ind
</UL>

<P><STRONG><a name="[143]"></a>llc_common_enc_key_ref_comp_evt_send</STRONG> (Thumb, 0 bytes, Stack size 0 bytes, da14585_symbols.txt(ABSOLUTE))
<BR><BR>[Called By]<UL><LI><a href="#[40]">&gt;&gt;</a>&nbsp;&nbsp;&nbsp;PATCHED_llc_data_ind_handler
</UL>

<P><STRONG><a name="[144]"></a>llc_common_enc_change_evt_send</STRONG> (Thumb, 0 bytes, Stack size 0 bytes, da14585_symbols.txt(ABSOLUTE))
<BR><BR>[Called By]<UL><LI><a href="#[40]">&gt;&gt;</a>&nbsp;&nbsp;&nbsp;PATCHED_llc_data_ind_handler
</UL>

<P><STRONG><a name="[139]"></a>llc_map_update_ind</STRONG> (Thumb, 0 bytes, Stack size 0 bytes, da14585_symbols.txt(ABSOLUTE))
<BR><BR>[Called By]<UL><LI><a href="#[4b]">&gt;&gt;</a>&nbsp;&nbsp;&nbsp;PATCHED_llc_ch_map_req_ind
</UL>

<P><STRONG><a name="[a2]"></a>llc_pdu_send_func</STRONG> (Thumb, 0 bytes, Stack size 0 bytes, da14585_symbols.txt(ABSOLUTE), UNUSED)
<BR>[Address Reference Count : 1]<UL><LI> lto-llvm-2321f4.o(.rodata)
</UL>
<P><STRONG><a name="[107]"></a>llc_length_rsp_pdu_send</STRONG> (Thumb, 0 bytes, Stack size 0 bytes, da14585_symbols.txt(ABSOLUTE))
<BR><BR>[Called By]<UL><LI><a href="#[3b]">&gt;&gt;</a>&nbsp;&nbsp;&nbsp;PATCHED_llcp_length_req_handler
</UL>

<P><STRONG><a name="[108]"></a>llc_length_ind</STRONG> (Thumb, 0 bytes, Stack size 0 bytes, da14585_symbols.txt(ABSOLUTE))
<BR><BR>[Called By]<UL><LI><a href="#[3d]">&gt;&gt;</a>&nbsp;&nbsp;&nbsp;PATCHED_llcp_length_rsp_handler
<LI><a href="#[3b]">&gt;&gt;</a>&nbsp;&nbsp;&nbsp;PATCHED_llcp_length_req_handler
</UL>

<P><STRONG><a name="[59]"></a>llc_ch_map_req_ind</STRONG> (Thumb, 0 bytes, Stack size 0 bytes, da14585_symbols.txt(ABSOLUTE), UNUSED)
<BR>[Address Reference Count : 1]<UL><LI> patch.o(.constdata)
</UL>
<P><STRONG><a name="[145]"></a>llc_util_get_free_conhdl</STRONG> (Thumb, 0 bytes, Stack size 0 bytes, da14585_symbols.txt(ABSOLUTE))
<BR><BR>[Called By]<UL><LI><a href="#[4c]">&gt;&gt;</a>&nbsp;&nbsp;&nbsp;PATCHED_llm_con_req_ind
</UL>

<P><STRONG><a name="[106]"></a>llc_util_dicon_procedure</STRONG> (Thumb, 0 bytes, Stack size 0 bytes, da14585_symbols.txt(ABSOLUTE))
<BR><BR>[Called By]<UL><LI><a href="#[3d]">&gt;&gt;</a>&nbsp;&nbsp;&nbsp;PATCHED_llcp_length_rsp_handler
<LI><a href="#[3b]">&gt;&gt;</a>&nbsp;&nbsp;&nbsp;PATCHED_llcp_length_req_handler
<LI><a href="#[40]">&gt;&gt;</a>&nbsp;&nbsp;&nbsp;PATCHED_llc_data_ind_handler
</UL>

<P><STRONG><a name="[55]"></a>llc_util_gen_skdx</STRONG> (Thumb, 0 bytes, Stack size 0 bytes, da14585_symbols.txt(ABSOLUTE), UNUSED)
<BR>[Address Reference Count : 1]<UL><LI> patch.o(.constdata)
</UL>
<P><STRONG><a name="[150]"></a>llc_util_update_channel_map</STRONG> (Thumb, 0 bytes, Stack size 0 bytes, da14585_symbols.txt(ABSOLUTE))
<BR><BR>[Called By]<UL><LI><a href="#[4c]">&gt;&gt;</a>&nbsp;&nbsp;&nbsp;PATCHED_llm_con_req_ind
</UL>

<P><STRONG><a name="[142]"></a>lld_get_mode</STRONG> (Thumb, 0 bytes, Stack size 0 bytes, da14585_symbols.txt(ABSOLUTE))
<BR><BR>[Called By]<UL><LI><a href="#[40]">&gt;&gt;</a>&nbsp;&nbsp;&nbsp;PATCHED_llc_data_ind_handler
</UL>

<P><STRONG><a name="[14e]"></a>lld_move_to_slave</STRONG> (Thumb, 0 bytes, Stack size 0 bytes, da14585_symbols.txt(ABSOLUTE))
<BR><BR>[Called By]<UL><LI><a href="#[4c]">&gt;&gt;</a>&nbsp;&nbsp;&nbsp;PATCHED_llm_con_req_ind
</UL>

<P><STRONG><a name="[138]"></a>lld_ch_map_ind</STRONG> (Thumb, 0 bytes, Stack size 0 bytes, da14585_symbols.txt(ABSOLUTE))
<BR><BR>[Called By]<UL><LI><a href="#[4b]">&gt;&gt;</a>&nbsp;&nbsp;&nbsp;PATCHED_llc_ch_map_req_ind
</UL>

<P><STRONG><a name="[1d1]"></a>lld_crypt_isr</STRONG> (Thumb, 0 bytes, Stack size 0 bytes, da14585_symbols.txt(ABSOLUTE))
<BR><BR>[Called By]<UL><LI><a href="#[7]">&gt;&gt;</a>&nbsp;&nbsp;&nbsp;rwble_isr
</UL>

<P><STRONG><a name="[83]"></a>lld_test_mode_tx_func</STRONG> (Thumb, 0 bytes, Stack size 0 bytes, da14585_symbols.txt(ABSOLUTE), UNUSED)
<BR>[Address Reference Count : 1]<UL><LI> lto-llvm-2321f4.o(.rodata)
</UL>
<P><STRONG><a name="[84]"></a>lld_test_mode_rx_func</STRONG> (Thumb, 0 bytes, Stack size 0 bytes, da14585_symbols.txt(ABSOLUTE), UNUSED)
<BR>[Address Reference Count : 1]<UL><LI> lto-llvm-2321f4.o(.rodata)
</UL>
<P><STRONG><a name="[82]"></a>lld_test_stop_func</STRONG> (Thumb, 0 bytes, Stack size 0 bytes, da14585_symbols.txt(ABSOLUTE), UNUSED)
<BR>[Address Reference Count : 1]<UL><LI> lto-llvm-2321f4.o(.rodata)
</UL>
<P><STRONG><a name="[a1]"></a>lld_data_tx_check_func</STRONG> (Thumb, 0 bytes, Stack size 0 bytes, da14585_symbols.txt(ABSOLUTE), UNUSED)
<BR>[Address Reference Count : 1]<UL><LI> lto-llvm-2321f4.o(.rodata)
</UL>
<P><STRONG><a name="[a0]"></a>lld_data_tx_prog_func</STRONG> (Thumb, 0 bytes, Stack size 0 bytes, da14585_symbols.txt(ABSOLUTE), UNUSED)
<BR>[Address Reference Count : 1]<UL><LI> lto-llvm-2321f4.o(.rodata)
</UL>
<P><STRONG><a name="[111]"></a>lld_evt_elt_delete</STRONG> (Thumb, 0 bytes, Stack size 0 bytes, da14585_symbols.txt(ABSOLUTE))
<BR><BR>[Called By]<UL><LI><a href="#[48]">&gt;&gt;</a>&nbsp;&nbsp;&nbsp;PATCHED_lld_evt_move_to_master
</UL>

<P><STRONG><a name="[114]"></a>lld_evt_channel_next</STRONG> (Thumb, 0 bytes, Stack size 0 bytes, da14585_symbols.txt(ABSOLUTE))
<BR><BR>[Called By]<UL><LI><a href="#[48]">&gt;&gt;</a>&nbsp;&nbsp;&nbsp;PATCHED_lld_evt_move_to_master
</UL>

<P><STRONG><a name="[137]"></a>lld_evt_schedule_next</STRONG> (Thumb, 0 bytes, Stack size 0 bytes, da14585_symbols.txt(ABSOLUTE))
<BR><BR>[Called By]<UL><LI><a href="#[4b]">&gt;&gt;</a>&nbsp;&nbsp;&nbsp;PATCHED_llc_ch_map_req_ind
</UL>

<P><STRONG><a name="[56]"></a>lld_evt_move_to_master</STRONG> (Thumb, 0 bytes, Stack size 0 bytes, da14585_symbols.txt(ABSOLUTE), UNUSED)
<BR>[Address Reference Count : 1]<UL><LI> patch.o(.constdata)
</UL>
<P><STRONG><a name="[1d0]"></a>lld_evt_timer_isr</STRONG> (Thumb, 0 bytes, Stack size 0 bytes, da14585_symbols.txt(ABSOLUTE))
<BR><BR>[Called By]<UL><LI><a href="#[7]">&gt;&gt;</a>&nbsp;&nbsp;&nbsp;rwble_isr
</UL>

<P><STRONG><a name="[1ce]"></a>lld_evt_end_isr</STRONG> (Thumb, 0 bytes, Stack size 0 bytes, da14585_symbols.txt(ABSOLUTE))
<BR><BR>[Called By]<UL><LI><a href="#[7]">&gt;&gt;</a>&nbsp;&nbsp;&nbsp;rwble_isr
</UL>

<P><STRONG><a name="[1cd]"></a>lld_evt_rx_isr</STRONG> (Thumb, 0 bytes, Stack size 0 bytes, da14585_symbols.txt(ABSOLUTE))
<BR><BR>[Called By]<UL><LI><a href="#[7]">&gt;&gt;</a>&nbsp;&nbsp;&nbsp;rwble_isr
</UL>

<P><STRONG><a name="[1bb]"></a>lld_sleep_us_2_lpcycles_func</STRONG> (Thumb, 0 bytes, Stack size 0 bytes, da14585_symbols.txt(ABSOLUTE))
<BR><BR>[Called By]<UL><LI><a href="#[80]">&gt;&gt;</a>&nbsp;&nbsp;&nbsp;lld_sleep_us_2_lpcycles_sel_func
</UL>

<P><STRONG><a name="[1b9]"></a>lld_sleep_lpcycles_2_us_func</STRONG> (Thumb, 0 bytes, Stack size 0 bytes, da14585_symbols.txt(ABSOLUTE))
<BR><BR>[Called By]<UL><LI><a href="#[81]">&gt;&gt;</a>&nbsp;&nbsp;&nbsp;lld_sleep_lpcycles_2_us_sel_func
<LI><a href="#[7e]">&gt;&gt;</a>&nbsp;&nbsp;&nbsp;lld_sleep_compensate_func
</UL>

<P><STRONG><a name="[1c8]"></a>lld_sleep_enter</STRONG> (Thumb, 0 bytes, Stack size 0 bytes, da14585_symbols.txt(ABSOLUTE))
<BR><BR>[Called By]<UL><LI><a href="#[1e]">&gt;&gt;</a>&nbsp;&nbsp;&nbsp;main
</UL>

<P><STRONG><a name="[151]"></a>llm_wl_from_rl_restore</STRONG> (Thumb, 0 bytes, Stack size 0 bytes, da14585_symbols.txt(ABSOLUTE))
<BR><BR>[Called By]<UL><LI><a href="#[4c]">&gt;&gt;</a>&nbsp;&nbsp;&nbsp;PATCHED_llm_con_req_ind
</UL>

<P><STRONG><a name="[5a]"></a>llm_con_req_ind</STRONG> (Thumb, 0 bytes, Stack size 0 bytes, da14585_symbols.txt(ABSOLUTE), UNUSED)
<BR>[Address Reference Count : 1]<UL><LI> patch.o(.constdata)
</UL>
<P><STRONG><a name="[57]"></a>llm_adv_report_set</STRONG> (Thumb, 0 bytes, Stack size 0 bytes, da14585_symbols.txt(ABSOLUTE), UNUSED)
<BR>[Address Reference Count : 1]<UL><LI> patch.o(.constdata)
</UL>
<P><STRONG><a name="[99]"></a>llm_le_adv_report_ind_func</STRONG> (Thumb, 0 bytes, Stack size 0 bytes, da14585_symbols.txt(ABSOLUTE), UNUSED)
<BR>[Address Reference Count : 1]<UL><LI> lto-llvm-2321f4.o(.rodata)
</UL>
<P><STRONG><a name="[77]"></a>llm_encryption_done_func</STRONG> (Thumb, 0 bytes, Stack size 0 bytes, da14585_symbols.txt(ABSOLUTE), UNUSED)
<BR>[Address Reference Count : 1]<UL><LI> lto-llvm-2321f4.o(.rodata)
</UL>
<P><STRONG><a name="[9b]"></a>llm_p256_start_func</STRONG> (Thumb, 0 bytes, Stack size 0 bytes, da14585_symbols.txt(ABSOLUTE), UNUSED)
<BR><BR>[Called By]<UL><LI><a href="#[158]">&gt;&gt;</a>&nbsp;&nbsp;&nbsp;JT_llm_p256_start_func
</UL>
<BR>[Address Reference Count : 1]<UL><LI> lto-llvm-2321f4.o(.rodata)
</UL>
<P><STRONG><a name="[14a]"></a>llm_wlpub_addr_set</STRONG> (Thumb, 0 bytes, Stack size 0 bytes, da14585_symbols.txt(ABSOLUTE))
<BR><BR>[Called By]<UL><LI><a href="#[4c]">&gt;&gt;</a>&nbsp;&nbsp;&nbsp;PATCHED_llm_con_req_ind
</UL>

<P><STRONG><a name="[14b]"></a>llm_wlpriv_addr_set</STRONG> (Thumb, 0 bytes, Stack size 0 bytes, da14585_symbols.txt(ABSOLUTE))
<BR><BR>[Called By]<UL><LI><a href="#[4c]">&gt;&gt;</a>&nbsp;&nbsp;&nbsp;PATCHED_llm_con_req_ind
</UL>

<P><STRONG><a name="[8f]"></a>hci_rd_local_supp_feats_cmd_handler_func</STRONG> (Thumb, 0 bytes, Stack size 0 bytes, da14585_symbols.txt(ABSOLUTE), UNUSED)
<BR>[Address Reference Count : 1]<UL><LI> lto-llvm-2321f4.o(.rodata)
</UL>
<P><STRONG><a name="[149]"></a>llm_util_bd_addr_in_wl</STRONG> (Thumb, 0 bytes, Stack size 0 bytes, da14585_symbols.txt(ABSOLUTE))
<BR><BR>[Called By]<UL><LI><a href="#[4c]">&gt;&gt;</a>&nbsp;&nbsp;&nbsp;PATCHED_llm_con_req_ind
</UL>

<P><STRONG><a name="[11d]"></a>llm_util_check_evt_mask</STRONG> (Thumb, 0 bytes, Stack size 0 bytes, da14585_symbols.txt(ABSOLUTE))
<BR><BR>[Called By]<UL><LI><a href="#[9d]">&gt;&gt;</a>&nbsp;&nbsp;&nbsp;llm_p256_req_handler_func
</UL>

<P><STRONG><a name="[14c]"></a>llm_util_bl_check</STRONG> (Thumb, 0 bytes, Stack size 0 bytes, da14585_symbols.txt(ABSOLUTE))
<BR><BR>[Called By]<UL><LI><a href="#[4c]">&gt;&gt;</a>&nbsp;&nbsp;&nbsp;PATCHED_llm_con_req_ind
</UL>

<P><STRONG><a name="[14d]"></a>llm_util_bl_add</STRONG> (Thumb, 0 bytes, Stack size 0 bytes, da14585_symbols.txt(ABSOLUTE))
<BR><BR>[Called By]<UL><LI><a href="#[4c]">&gt;&gt;</a>&nbsp;&nbsp;&nbsp;PATCHED_llm_con_req_ind
</UL>

<P><STRONG><a name="[146]"></a>llm_util_rl_check</STRONG> (Thumb, 0 bytes, Stack size 0 bytes, da14585_symbols.txt(ABSOLUTE))
<BR><BR>[Called By]<UL><LI><a href="#[4c]">&gt;&gt;</a>&nbsp;&nbsp;&nbsp;PATCHED_llm_con_req_ind
</UL>

<P><STRONG><a name="[147]"></a>llm_util_rl_peer_find</STRONG> (Thumb, 0 bytes, Stack size 0 bytes, da14585_symbols.txt(ABSOLUTE))
<BR><BR>[Called By]<UL><LI><a href="#[4c]">&gt;&gt;</a>&nbsp;&nbsp;&nbsp;PATCHED_llm_con_req_ind
</UL>

<P><STRONG><a name="[148]"></a>llm_util_rl_peer_resolv</STRONG> (Thumb, 0 bytes, Stack size 0 bytes, da14585_symbols.txt(ABSOLUTE))
<BR><BR>[Called By]<UL><LI><a href="#[4c]">&gt;&gt;</a>&nbsp;&nbsp;&nbsp;PATCHED_llm_con_req_ind
</UL>

<P><STRONG><a name="[112]"></a>ea_time_get_halfslot_rounded</STRONG> (Thumb, 0 bytes, Stack size 0 bytes, da14585_symbols.txt(ABSOLUTE))
<BR><BR>[Called By]<UL><LI><a href="#[48]">&gt;&gt;</a>&nbsp;&nbsp;&nbsp;PATCHED_lld_evt_move_to_master
</UL>

<P><STRONG><a name="[110]"></a>ea_interval_create</STRONG> (Thumb, 0 bytes, Stack size 0 bytes, da14585_symbols.txt(ABSOLUTE))
<BR><BR>[Called By]<UL><LI><a href="#[48]">&gt;&gt;</a>&nbsp;&nbsp;&nbsp;PATCHED_lld_evt_move_to_master
</UL>

<P><STRONG><a name="[115]"></a>ea_interval_insert</STRONG> (Thumb, 0 bytes, Stack size 0 bytes, da14585_symbols.txt(ABSOLUTE))
<BR><BR>[Called By]<UL><LI><a href="#[48]">&gt;&gt;</a>&nbsp;&nbsp;&nbsp;PATCHED_lld_evt_move_to_master
</UL>

<P><STRONG><a name="[1cc]"></a>ea_finetimer_isr</STRONG> (Thumb, 0 bytes, Stack size 0 bytes, da14585_symbols.txt(ABSOLUTE))
<BR><BR>[Called By]<UL><LI><a href="#[7]">&gt;&gt;</a>&nbsp;&nbsp;&nbsp;rwble_isr
</UL>

<P><STRONG><a name="[1cf]"></a>ea_sw_isr</STRONG> (Thumb, 0 bytes, Stack size 0 bytes, da14585_symbols.txt(ABSOLUTE))
<BR><BR>[Called By]<UL><LI><a href="#[7]">&gt;&gt;</a>&nbsp;&nbsp;&nbsp;rwble_isr
</UL>

<P><STRONG><a name="[1c3]"></a>ea_sleep_check</STRONG> (Thumb, 0 bytes, Stack size 0 bytes, da14585_symbols.txt(ABSOLUTE))
<BR><BR>[Called By]<UL><LI><a href="#[1e]">&gt;&gt;</a>&nbsp;&nbsp;&nbsp;main
</UL>

<P><STRONG><a name="[5f]"></a>uart_init_func</STRONG> (Thumb, 0 bytes, Stack size 0 bytes, da14585_symbols.txt(ABSOLUTE), UNUSED)
<BR>[Address Reference Count : 1]<UL><LI> lto-llvm-2321f4.o(.rodata)
</UL>
<P><STRONG><a name="[60]"></a>uart_flow_on_func</STRONG> (Thumb, 0 bytes, Stack size 0 bytes, da14585_symbols.txt(ABSOLUTE), UNUSED)
<BR>[Address Reference Count : 1]<UL><LI> lto-llvm-2321f4.o(.rodata)
</UL>
<P><STRONG><a name="[61]"></a>uart_flow_off_func</STRONG> (Thumb, 0 bytes, Stack size 0 bytes, da14585_symbols.txt(ABSOLUTE), UNUSED)
<BR>[Address Reference Count : 1]<UL><LI> lto-llvm-2321f4.o(.rodata)
</UL>
<P><STRONG><a name="[62]"></a>uart_finish_transfers_func</STRONG> (Thumb, 0 bytes, Stack size 0 bytes, da14585_symbols.txt(ABSOLUTE), UNUSED)
<BR>[Address Reference Count : 1]<UL><LI> lto-llvm-2321f4.o(.rodata)
</UL>
<P><STRONG><a name="[63]"></a>uart_read_func</STRONG> (Thumb, 0 bytes, Stack size 0 bytes, da14585_symbols.txt(ABSOLUTE), UNUSED)
<BR>[Address Reference Count : 1]<UL><LI> lto-llvm-2321f4.o(.rodata)
</UL>
<P><STRONG><a name="[64]"></a>uart_write_func</STRONG> (Thumb, 0 bytes, Stack size 0 bytes, da14585_symbols.txt(ABSOLUTE), UNUSED)
<BR>[Address Reference Count : 1]<UL><LI> lto-llvm-2321f4.o(.rodata)
</UL>
<P><STRONG><a name="[65]"></a>UART_Handler_func</STRONG> (Thumb, 0 bytes, Stack size 0 bytes, da14585_symbols.txt(ABSOLUTE), UNUSED)
<BR>[Address Reference Count : 1]<UL><LI> lto-llvm-2321f4.o(.rodata)
</UL>
<P><STRONG><a name="[a6]"></a>modulationGainCalibration_func</STRONG> (Thumb, 0 bytes, Stack size 0 bytes, da14585_symbols.txt(ABSOLUTE), UNUSED)
<BR>[Address Reference Count : 1]<UL><LI> lto-llvm-2321f4.o(.rodata)
</UL>
<P><STRONG><a name="[a7]"></a>DCoffsetCalibration_func</STRONG> (Thumb, 0 bytes, Stack size 0 bytes, da14585_symbols.txt(ABSOLUTE), UNUSED)
<BR>[Address Reference Count : 1]<UL><LI> lto-llvm-2321f4.o(.rodata)
</UL>
<P><STRONG><a name="[a8]"></a>PllLF_IFF_MIX_CapCalibration_func</STRONG> (Thumb, 0 bytes, Stack size 0 bytes, da14585_symbols.txt(ABSOLUTE), UNUSED)
<BR>[Address Reference Count : 1]<UL><LI> lto-llvm-2321f4.o(.rodata)
</UL>
<P><STRONG><a name="[66]"></a>gtl_init_func</STRONG> (Thumb, 0 bytes, Stack size 0 bytes, da14585_symbols.txt(ABSOLUTE), UNUSED)
<BR>[Address Reference Count : 1]<UL><LI> lto-llvm-2321f4.o(.rodata)
</UL>
<P><STRONG><a name="[68]"></a>gtl_eif_read_start_func</STRONG> (Thumb, 0 bytes, Stack size 0 bytes, da14585_symbols.txt(ABSOLUTE), UNUSED)
<BR>[Address Reference Count : 1]<UL><LI> lto-llvm-2321f4.o(.rodata)
</UL>
<P><STRONG><a name="[69]"></a>gtl_eif_read_hdr_func</STRONG> (Thumb, 0 bytes, Stack size 0 bytes, da14585_symbols.txt(ABSOLUTE), UNUSED)
<BR>[Address Reference Count : 1]<UL><LI> lto-llvm-2321f4.o(.rodata)
</UL>
<P><STRONG><a name="[6a]"></a>gtl_eif_read_payl_func</STRONG> (Thumb, 0 bytes, Stack size 0 bytes, da14585_symbols.txt(ABSOLUTE), UNUSED)
<BR>[Address Reference Count : 1]<UL><LI> lto-llvm-2321f4.o(.rodata)
</UL>
<P><STRONG><a name="[6b]"></a>gtl_eif_tx_done_func</STRONG> (Thumb, 0 bytes, Stack size 0 bytes, da14585_symbols.txt(ABSOLUTE), UNUSED)
<BR>[Address Reference Count : 1]<UL><LI> lto-llvm-2321f4.o(.rodata)
</UL>
<P><STRONG><a name="[6c]"></a>gtl_eif_rx_done_func</STRONG> (Thumb, 0 bytes, Stack size 0 bytes, da14585_symbols.txt(ABSOLUTE), UNUSED)
<BR>[Address Reference Count : 1]<UL><LI> lto-llvm-2321f4.o(.rodata)
</UL>
<P><STRONG><a name="[67]"></a>gtl_eif_init_func</STRONG> (Thumb, 0 bytes, Stack size 0 bytes, da14585_symbols.txt(ABSOLUTE), UNUSED)
<BR>[Address Reference Count : 1]<UL><LI> lto-llvm-2321f4.o(.rodata)
</UL>
<P><STRONG><a name="[11f]"></a>hci_send_2_host</STRONG> (Thumb, 0 bytes, Stack size 0 bytes, da14585_symbols.txt(ABSOLUTE))
<BR><BR>[Called By]<UL><LI><a href="#[9d]">&gt;&gt;</a>&nbsp;&nbsp;&nbsp;llm_p256_req_handler_func
<LI><a href="#[3f]">&gt;&gt;</a>&nbsp;&nbsp;&nbsp;PATCHED_hci_command_handler
<LI><a href="#[40]">&gt;&gt;</a>&nbsp;&nbsp;&nbsp;PATCHED_llc_data_ind_handler
</UL>

<P><STRONG><a name="[6e]"></a>h4tl_read_start_func</STRONG> (Thumb, 0 bytes, Stack size 0 bytes, da14585_symbols.txt(ABSOLUTE), UNUSED)
<BR>[Address Reference Count : 1]<UL><LI> lto-llvm-2321f4.o(.rodata)
</UL>
<P><STRONG><a name="[6f]"></a>h4tl_read_hdr_func</STRONG> (Thumb, 0 bytes, Stack size 0 bytes, da14585_symbols.txt(ABSOLUTE), UNUSED)
<BR>[Address Reference Count : 1]<UL><LI> lto-llvm-2321f4.o(.rodata)
</UL>
<P><STRONG><a name="[70]"></a>h4tl_read_payl_func</STRONG> (Thumb, 0 bytes, Stack size 0 bytes, da14585_symbols.txt(ABSOLUTE), UNUSED)
<BR>[Address Reference Count : 1]<UL><LI> lto-llvm-2321f4.o(.rodata)
</UL>
<P><STRONG><a name="[71]"></a>h4tl_read_next_out_of_sync_func</STRONG> (Thumb, 0 bytes, Stack size 0 bytes, da14585_symbols.txt(ABSOLUTE), UNUSED)
<BR>[Address Reference Count : 1]<UL><LI> lto-llvm-2321f4.o(.rodata)
</UL>
<P><STRONG><a name="[72]"></a>h4tl_out_of_sync_func</STRONG> (Thumb, 0 bytes, Stack size 0 bytes, da14585_symbols.txt(ABSOLUTE), UNUSED)
<BR>[Address Reference Count : 1]<UL><LI> lto-llvm-2321f4.o(.rodata)
</UL>
<P><STRONG><a name="[73]"></a>h4tl_tx_done_func</STRONG> (Thumb, 0 bytes, Stack size 0 bytes, da14585_symbols.txt(ABSOLUTE), UNUSED)
<BR>[Address Reference Count : 1]<UL><LI> lto-llvm-2321f4.o(.rodata)
</UL>
<P><STRONG><a name="[74]"></a>h4tl_rx_done_func</STRONG> (Thumb, 0 bytes, Stack size 0 bytes, da14585_symbols.txt(ABSOLUTE), UNUSED)
<BR>[Address Reference Count : 1]<UL><LI> lto-llvm-2321f4.o(.rodata)
</UL>
<P><STRONG><a name="[6d]"></a>h4tl_init_func</STRONG> (Thumb, 0 bytes, Stack size 0 bytes, da14585_symbols.txt(ABSOLUTE), UNUSED)
<BR>[Address Reference Count : 1]<UL><LI> lto-llvm-2321f4.o(.rodata)
</UL>
<P><STRONG><a name="[97]"></a>attc_l2cc_pdu_recv_handler_func</STRONG> (Thumb, 0 bytes, Stack size 0 bytes, da14585_symbols.txt(ABSOLUTE), UNUSED)
<BR>[Address Reference Count : 1]<UL><LI> lto-llvm-2321f4.o(.rodata)
</UL>
<P><STRONG><a name="[1a0]"></a>attmdb_add_service</STRONG> (Thumb, 0 bytes, Stack size 0 bytes, da14585_symbols.txt(ABSOLUTE))
<BR><BR>[Called By]<UL><LI><a href="#[c0]">&gt;&gt;</a>&nbsp;&nbsp;&nbsp;suotar_init
<LI><a href="#[b3]">&gt;&gt;</a>&nbsp;&nbsp;&nbsp;custs1_init
</UL>

<P><STRONG><a name="[1b5]"></a>attmdb_get_service</STRONG> (Thumb, 0 bytes, Stack size 0 bytes, da14585_symbols.txt(ABSOLUTE))
<BR><BR>[Called By]<UL><LI><a href="#[1a3]">&gt;&gt;</a>&nbsp;&nbsp;&nbsp;get_cfg_handle
<LI><a href="#[b8]">&gt;&gt;</a>&nbsp;&nbsp;&nbsp;gattc_write_req_ind_handler
</UL>

<P><STRONG><a name="[1b6]"></a>attmdb_get_attribute</STRONG> (Thumb, 0 bytes, Stack size 0 bytes, da14585_symbols.txt(ABSOLUTE))
<BR><BR>[Called By]<UL><LI><a href="#[1a3]">&gt;&gt;</a>&nbsp;&nbsp;&nbsp;get_cfg_handle
<LI><a href="#[b8]">&gt;&gt;</a>&nbsp;&nbsp;&nbsp;gattc_write_req_ind_handler
</UL>

<P><STRONG><a name="[1a1]"></a>attmdb_att_set_value</STRONG> (Thumb, 0 bytes, Stack size 0 bytes, da14585_symbols.txt(ABSOLUTE))
<BR><BR>[Called By]<UL><LI><a href="#[c7]">&gt;&gt;</a>&nbsp;&nbsp;&nbsp;suotar_status_update_req_handler
<LI><a href="#[c6]">&gt;&gt;</a>&nbsp;&nbsp;&nbsp;suotar_mem_info_update_req_handler
<LI><a href="#[c0]">&gt;&gt;</a>&nbsp;&nbsp;&nbsp;suotar_init
<LI><a href="#[c3]">&gt;&gt;</a>&nbsp;&nbsp;&nbsp;suotar_cleanup
<LI><a href="#[c5]">&gt;&gt;</a>&nbsp;&nbsp;&nbsp;gattc_write_req_ind_handler.102
<LI><a href="#[b8]">&gt;&gt;</a>&nbsp;&nbsp;&nbsp;gattc_write_req_ind_handler
<LI><a href="#[bc]">&gt;&gt;</a>&nbsp;&nbsp;&nbsp;custs1_val_set_req_handler
<LI><a href="#[b3]">&gt;&gt;</a>&nbsp;&nbsp;&nbsp;custs1_init
</UL>

<P><STRONG><a name="[1b7]"></a>attmdb_get_uuid</STRONG> (Thumb, 0 bytes, Stack size 0 bytes, da14585_symbols.txt(ABSOLUTE))
<BR><BR>[Called By]<UL><LI><a href="#[1a3]">&gt;&gt;</a>&nbsp;&nbsp;&nbsp;get_cfg_handle
<LI><a href="#[b8]">&gt;&gt;</a>&nbsp;&nbsp;&nbsp;gattc_write_req_ind_handler
</UL>

<P><STRONG><a name="[1b4]"></a>attmdb_get_value</STRONG> (Thumb, 0 bytes, Stack size 0 bytes, da14585_symbols.txt(ABSOLUTE))
<BR><BR>[Called By]<UL><LI><a href="#[c4]">&gt;&gt;</a>&nbsp;&nbsp;&nbsp;gattc_read_req_ind_handler.101
</UL>

<P><STRONG><a name="[196]"></a>attmdb_att_set_permission</STRONG> (Thumb, 0 bytes, Stack size 0 bytes, da14585_symbols.txt(ABSOLUTE))
<BR><BR>[Called By]<UL><LI><a href="#[c8]">&gt;&gt;</a>&nbsp;&nbsp;&nbsp;bass_init
</UL>

<P><STRONG><a name="[1b8]"></a>attmdb_att_get_permission</STRONG> (Thumb, 0 bytes, Stack size 0 bytes, da14585_symbols.txt(ABSOLUTE))
<BR><BR>[Called By]<UL><LI><a href="#[b8]">&gt;&gt;</a>&nbsp;&nbsp;&nbsp;gattc_write_req_ind_handler
</UL>

<P><STRONG><a name="[195]"></a>attm_svc_create_db</STRONG> (Thumb, 0 bytes, Stack size 0 bytes, da14585_symbols.txt(ABSOLUTE))
<BR><BR>[Called By]<UL><LI><a href="#[ac]">&gt;&gt;</a>&nbsp;&nbsp;&nbsp;diss_init
<LI><a href="#[c8]">&gt;&gt;</a>&nbsp;&nbsp;&nbsp;bass_init
</UL>

<P><STRONG><a name="[4f]"></a>atts_mtu_exc_req</STRONG> (Thumb, 0 bytes, Stack size 0 bytes, da14585_symbols.txt(ABSOLUTE), UNUSED)
<BR>[Address Reference Count : 1]<UL><LI> patch.o(.constdata)
</UL>
<P><STRONG><a name="[96]"></a>atts_l2cc_pdu_recv_handler_func</STRONG> (Thumb, 0 bytes, Stack size 0 bytes, da14585_symbols.txt(ABSOLUTE), UNUSED)
<BR>[Address Reference Count : 1]<UL><LI> lto-llvm-2321f4.o(.rodata)
</UL>
<P><STRONG><a name="[101]"></a>atts_allocate_pdu</STRONG> (Thumb, 0 bytes, Stack size 0 bytes, da14585_symbols.txt(ABSOLUTE))
<BR><BR>[Called By]<UL><LI><a href="#[41]">&gt;&gt;</a>&nbsp;&nbsp;&nbsp;PATCHED_atts_mtu_exc_req
</UL>

<P><STRONG><a name="[103]"></a>atts_send_pdu</STRONG> (Thumb, 0 bytes, Stack size 0 bytes, da14585_symbols.txt(ABSOLUTE))
<BR><BR>[Called By]<UL><LI><a href="#[41]">&gt;&gt;</a>&nbsp;&nbsp;&nbsp;PATCHED_atts_mtu_exc_req
</UL>

<P><STRONG><a name="[1b3]"></a>gattc_get_mtu</STRONG> (Thumb, 0 bytes, Stack size 0 bytes, da14585_symbols.txt(ABSOLUTE))
<BR><BR>[Called By]<UL><LI><a href="#[c4]">&gt;&gt;</a>&nbsp;&nbsp;&nbsp;gattc_read_req_ind_handler.101
</UL>

<P><STRONG><a name="[104]"></a>gattc_set_mtu</STRONG> (Thumb, 0 bytes, Stack size 0 bytes, da14585_symbols.txt(ABSOLUTE))
<BR><BR>[Called By]<UL><LI><a href="#[41]">&gt;&gt;</a>&nbsp;&nbsp;&nbsp;PATCHED_atts_mtu_exc_req
</UL>

<P><STRONG><a name="[102]"></a>gattm_get_max_mtu</STRONG> (Thumb, 0 bytes, Stack size 0 bytes, da14585_symbols.txt(ABSOLUTE))
<BR><BR>[Called By]<UL><LI><a href="#[41]">&gt;&gt;</a>&nbsp;&nbsp;&nbsp;PATCHED_atts_mtu_exc_req
<LI><a href="#[3c]">&gt;&gt;</a>&nbsp;&nbsp;&nbsp;PATCHED_hci_acl_data_rx_handler
</UL>

<P><STRONG><a name="[52]"></a>smpc_check_key_distrib</STRONG> (Thumb, 0 bytes, Stack size 0 bytes, da14585_symbols.txt(ABSOLUTE), UNUSED)
<BR>[Address Reference Count : 1]<UL><LI> patch.o(.constdata)
</UL>
<P><STRONG><a name="[13d]"></a>smpc_generate_e1</STRONG> (Thumb, 0 bytes, Stack size 0 bytes, da14585_symbols.txt(ABSOLUTE))
<BR><BR>[Called By]<UL><LI><a href="#[4d]">&gt;&gt;</a>&nbsp;&nbsp;&nbsp;PATCHED_smpc_recv_pair_rand_pdu
</UL>

<P><STRONG><a name="[13f]"></a>smpc_pairing_end</STRONG> (Thumb, 0 bytes, Stack size 0 bytes, da14585_symbols.txt(ABSOLUTE))
<BR><BR>[Called By]<UL><LI><a href="#[42]">&gt;&gt;</a>&nbsp;&nbsp;&nbsp;PATCHED_smpc_dhkey_calc_start
<LI><a href="#[4e]">&gt;&gt;</a>&nbsp;&nbsp;&nbsp;PATCHED_smpc_recv_public_key_exchange_pdu
<LI><a href="#[4d]">&gt;&gt;</a>&nbsp;&nbsp;&nbsp;PATCHED_smpc_recv_pair_rand_pdu
</UL>

<P><STRONG><a name="[13e]"></a>smpc_pdu_send</STRONG> (Thumb, 0 bytes, Stack size 0 bytes, da14585_symbols.txt(ABSOLUTE))
<BR><BR>[Called By]<UL><LI><a href="#[42]">&gt;&gt;</a>&nbsp;&nbsp;&nbsp;PATCHED_smpc_dhkey_calc_start
<LI><a href="#[4e]">&gt;&gt;</a>&nbsp;&nbsp;&nbsp;PATCHED_smpc_recv_public_key_exchange_pdu
<LI><a href="#[4d]">&gt;&gt;</a>&nbsp;&nbsp;&nbsp;PATCHED_smpc_recv_pair_rand_pdu
</UL>

<P><STRONG><a name="[51]"></a>smpc_is_sec_mode_reached</STRONG> (Thumb, 0 bytes, Stack size 0 bytes, da14585_symbols.txt(ABSOLUTE), UNUSED)
<BR>[Address Reference Count : 1]<UL><LI> patch.o(.constdata)
</UL>
<P><STRONG><a name="[86]"></a>smpc_pdu_recv_func</STRONG> (Thumb, 0 bytes, Stack size 0 bytes, da14585_symbols.txt(ABSOLUTE), UNUSED)
<BR>[Address Reference Count : 1]<UL><LI> lto-llvm-2321f4.o(.rodata)
</UL>
<P><STRONG><a name="[13a]"></a>smpc_generate_f4</STRONG> (Thumb, 0 bytes, Stack size 0 bytes, da14585_symbols.txt(ABSOLUTE))
<BR><BR>[Called By]<UL><LI><a href="#[4d]">&gt;&gt;</a>&nbsp;&nbsp;&nbsp;PATCHED_smpc_recv_pair_rand_pdu
</UL>

<P><STRONG><a name="[140]"></a>smpc_generate_g2</STRONG> (Thumb, 0 bytes, Stack size 0 bytes, da14585_symbols.txt(ABSOLUTE))
<BR><BR>[Called By]<UL><LI><a href="#[4d]">&gt;&gt;</a>&nbsp;&nbsp;&nbsp;PATCHED_smpc_recv_pair_rand_pdu
</UL>

<P><STRONG><a name="[141]"></a>smpc_generate_f5</STRONG> (Thumb, 0 bytes, Stack size 0 bytes, da14585_symbols.txt(ABSOLUTE))
<BR><BR>[Called By]<UL><LI><a href="#[4d]">&gt;&gt;</a>&nbsp;&nbsp;&nbsp;PATCHED_smpc_recv_pair_rand_pdu
</UL>

<P><STRONG><a name="[191]"></a>gapc_get_conhdl</STRONG> (Thumb, 0 bytes, Stack size 0 bytes, da14585_symbols.txt(ABSOLUTE))
<BR><BR>[Called By]<UL><LI><a href="#[c5]">&gt;&gt;</a>&nbsp;&nbsp;&nbsp;gattc_write_req_ind_handler.102
<LI><a href="#[cc]">&gt;&gt;</a>&nbsp;&nbsp;&nbsp;bass_enable_req_handler
</UL>

<P><STRONG><a name="[13c]"></a>gapc_get_role</STRONG> (Thumb, 0 bytes, Stack size 0 bytes, da14585_symbols.txt(ABSOLUTE))
<BR><BR>[Called By]<UL><LI><a href="#[42]">&gt;&gt;</a>&nbsp;&nbsp;&nbsp;PATCHED_smpc_dhkey_calc_start
<LI><a href="#[4e]">&gt;&gt;</a>&nbsp;&nbsp;&nbsp;PATCHED_smpc_recv_public_key_exchange_pdu
<LI><a href="#[4d]">&gt;&gt;</a>&nbsp;&nbsp;&nbsp;PATCHED_smpc_recv_pair_rand_pdu
</UL>

<P><STRONG><a name="[12b]"></a>gapc_search_lecb_channel</STRONG> (Thumb, 0 bytes, Stack size 0 bytes, da14585_symbols.txt(ABSOLUTE))
<BR><BR>[Called By]<UL><LI><a href="#[3c]">&gt;&gt;</a>&nbsp;&nbsp;&nbsp;PATCHED_hci_acl_data_rx_handler
<LI><a href="#[129]">&gt;&gt;</a>&nbsp;&nbsp;&nbsp;l2cc_handle_invalid_pdu
</UL>

<P><STRONG><a name="[134]"></a>gapc_lecnx_check_rx</STRONG> (Thumb, 0 bytes, Stack size 0 bytes, da14585_symbols.txt(ABSOLUTE))
<BR><BR>[Called By]<UL><LI><a href="#[91]">&gt;&gt;</a>&nbsp;&nbsp;&nbsp;JT_l2cc_pdu_unpack_func
</UL>

<P><STRONG><a name="[135]"></a>l2cc_pdu_recv_ind_handler_func</STRONG> (Thumb, 0 bytes, Stack size 0 bytes, da14585_symbols.txt(ABSOLUTE))
<BR><BR>[Called By]<UL><LI><a href="#[94]">&gt;&gt;</a>&nbsp;&nbsp;&nbsp;JT_l2cc_pdu_recv_ind_handler_func
</UL>

<P><STRONG><a name="[95]"></a>gapc_lecb_connect_cfm_handler_func</STRONG> (Thumb, 0 bytes, Stack size 0 bytes, da14585_symbols.txt(ABSOLUTE), UNUSED)
<BR>[Address Reference Count : 1]<UL><LI> lto-llvm-2321f4.o(.rodata)
</UL>
<P><STRONG><a name="[124]"></a>gapm_send_error_evt</STRONG> (Thumb, 0 bytes, Stack size 0 bytes, da14585_symbols.txt(ABSOLUTE))
<BR><BR>[Called By]<UL><LI><a href="#[3e]">&gt;&gt;</a>&nbsp;&nbsp;&nbsp;PATCHED_gapm_reset_cmd_handler
</UL>

<P><STRONG><a name="[58]"></a>gapm_adv_sanity</STRONG> (Thumb, 0 bytes, Stack size 0 bytes, da14585_symbols.txt(ABSOLUTE), UNUSED)
<BR>[Address Reference Count : 1]<UL><LI> patch.o(.constdata)
</UL>
<P><STRONG><a name="[126]"></a>gapm_basic_hci_cmd_send</STRONG> (Thumb, 0 bytes, Stack size 0 bytes, da14585_symbols.txt(ABSOLUTE))
<BR><BR>[Called By]<UL><LI><a href="#[3e]">&gt;&gt;</a>&nbsp;&nbsp;&nbsp;PATCHED_gapm_reset_cmd_handler
</UL>

<P><STRONG><a name="[54]"></a>gapm_get_ad_type_flag</STRONG> (Thumb, 0 bytes, Stack size 0 bytes, da14585_symbols.txt(ABSOLUTE), UNUSED)
<BR>[Address Reference Count : 1]<UL><LI> patch.o(.constdata)
</UL>
<P><STRONG><a name="[10b]"></a>gapm_get_bdaddr</STRONG> (Thumb, 0 bytes, Stack size 0 bytes, da14585_symbols.txt(ABSOLUTE))
<BR><BR>[Called By]<UL><LI><a href="#[45]">&gt;&gt;</a>&nbsp;&nbsp;&nbsp;PATCHED_smpc_construct_id_addr_info_pdu
</UL>

<P><STRONG><a name="[90]"></a>l2cc_pdu_pack_func</STRONG> (Thumb, 0 bytes, Stack size 0 bytes, da14585_symbols.txt(ABSOLUTE), UNUSED)
<BR>[Address Reference Count : 1]<UL><LI> lto-llvm-2321f4.o(.rodata)
</UL>
<P><STRONG><a name="[12a]"></a>l2cc_detect_dest</STRONG> (Thumb, 0 bytes, Stack size 0 bytes, da14585_symbols.txt(ABSOLUTE))
<BR><BR>[Called By]<UL><LI><a href="#[3c]">&gt;&gt;</a>&nbsp;&nbsp;&nbsp;PATCHED_hci_acl_data_rx_handler
<LI><a href="#[129]">&gt;&gt;</a>&nbsp;&nbsp;&nbsp;l2cc_handle_invalid_pdu
</UL>

<P><STRONG><a name="[93]"></a>l2c_process_sdu_func</STRONG> (Thumb, 0 bytes, Stack size 0 bytes, da14585_symbols.txt(ABSOLUTE), UNUSED)
<BR>[Address Reference Count : 1]<UL><LI> lto-llvm-2321f4.o(.rodata)
</UL>
<P><STRONG><a name="[92]"></a>l2c_send_lecb_message_func</STRONG> (Thumb, 0 bytes, Stack size 0 bytes, da14585_symbols.txt(ABSOLUTE), UNUSED)
<BR>[Address Reference Count : 1]<UL><LI> lto-llvm-2321f4.o(.rodata)
</UL>
<P><STRONG><a name="[85]"></a>smpc_check_param_func</STRONG> (Thumb, 0 bytes, Stack size 0 bytes, da14585_symbols.txt(ABSOLUTE), UNUSED)
<BR>[Address Reference Count : 1]<UL><LI> lto-llvm-2321f4.o(.rodata)
</UL>
<P><STRONG><a name="[53]"></a>smpc_construct_id_addr_info_pdu</STRONG> (Thumb, 0 bytes, Stack size 0 bytes, da14585_symbols.txt(ABSOLUTE), UNUSED)
<BR>[Address Reference Count : 1]<UL><LI> patch.o(.constdata)
</UL>
<P><STRONG><a name="[5b]"></a>smpc_recv_pair_rand_pdu</STRONG> (Thumb, 0 bytes, Stack size 0 bytes, da14585_symbols.txt(ABSOLUTE), UNUSED)
<BR>[Address Reference Count : 1]<UL><LI> patch.o(.constdata)
</UL>
<P><STRONG><a name="[5c]"></a>smpc_recv_public_key_exchange_pdu</STRONG> (Thumb, 0 bytes, Stack size 0 bytes, da14585_symbols.txt(ABSOLUTE), UNUSED)
<BR>[Address Reference Count : 1]<UL><LI> patch.o(.constdata)
</UL>
<P><STRONG><a name="[a9]"></a>smpc_public_key_exchange_start_func</STRONG> (Thumb, 0 bytes, Stack size 0 bytes, da14585_symbols.txt(ABSOLUTE), UNUSED)
<BR>[Address Reference Count : 1]<UL><LI> lto-llvm-2321f4.o(.rodata)
</UL>
<P><STRONG><a name="[50]"></a>smpc_dhkey_calc_start</STRONG> (Thumb, 0 bytes, Stack size 0 bytes, da14585_symbols.txt(ABSOLUTE))
<BR><BR>[Called By]<UL><LI><a href="#[4e]">&gt;&gt;</a>&nbsp;&nbsp;&nbsp;PATCHED_smpc_recv_public_key_exchange_pdu
</UL>
<BR>[Address Reference Count : 1]<UL><LI> patch.o(.constdata)
</UL>
<P><STRONG><a name="[aa]"></a>smpc_dhkey_calc_ind_func</STRONG> (Thumb, 0 bytes, Stack size 0 bytes, da14585_symbols.txt(ABSOLUTE), UNUSED)
<BR>[Address Reference Count : 1]<UL><LI> lto-llvm-2321f4.o(.rodata)
</UL>
<P><STRONG><a name="[ab]"></a>smpm_ecdh_key_create_func</STRONG> (Thumb, 0 bytes, Stack size 0 bytes, da14585_symbols.txt(ABSOLUTE), UNUSED)
<BR>[Address Reference Count : 1]<UL><LI> lto-llvm-2321f4.o(.rodata)
</UL>
<P><STRONG><a name="[1c6]"></a>ke_sleep_check</STRONG> (Thumb, 0 bytes, Stack size 0 bytes, da14585_symbols.txt(ABSOLUTE))
<BR><BR>[Called By]<UL><LI><a href="#[1e]">&gt;&gt;</a>&nbsp;&nbsp;&nbsp;main
</UL>

<P><STRONG><a name="[12c]"></a>ke_malloc</STRONG> (Thumb, 0 bytes, Stack size 0 bytes, da14585_symbols.txt(ABSOLUTE))
<BR><BR>[Called By]<UL><LI><a href="#[3c]">&gt;&gt;</a>&nbsp;&nbsp;&nbsp;PATCHED_hci_acl_data_rx_handler
<LI><a href="#[129]">&gt;&gt;</a>&nbsp;&nbsp;&nbsp;l2cc_handle_invalid_pdu
<LI><a href="#[c0]">&gt;&gt;</a>&nbsp;&nbsp;&nbsp;suotar_init
<LI><a href="#[b0]">&gt;&gt;</a>&nbsp;&nbsp;&nbsp;diss_set_value_req_handler
<LI><a href="#[ac]">&gt;&gt;</a>&nbsp;&nbsp;&nbsp;diss_init
<LI><a href="#[b3]">&gt;&gt;</a>&nbsp;&nbsp;&nbsp;custs1_init
<LI><a href="#[19a]">&gt;&gt;</a>&nbsp;&nbsp;&nbsp;custs1_att_set_value
<LI><a href="#[c8]">&gt;&gt;</a>&nbsp;&nbsp;&nbsp;bass_init
<LI><a href="#[18e]">&gt;&gt;</a>&nbsp;&nbsp;&nbsp;arch_printf_flush
</UL>

<P><STRONG><a name="[12d]"></a>ke_free</STRONG> (Thumb, 0 bytes, Stack size 0 bytes, da14585_symbols.txt(ABSOLUTE))
<BR><BR>[Called By]<UL><LI><a href="#[3c]">&gt;&gt;</a>&nbsp;&nbsp;&nbsp;PATCHED_hci_acl_data_rx_handler
<LI><a href="#[129]">&gt;&gt;</a>&nbsp;&nbsp;&nbsp;l2cc_handle_invalid_pdu
<LI><a href="#[30]">&gt;&gt;</a>&nbsp;&nbsp;&nbsp;uart_callback
<LI><a href="#[c0]">&gt;&gt;</a>&nbsp;&nbsp;&nbsp;suotar_init
<LI><a href="#[c1]">&gt;&gt;</a>&nbsp;&nbsp;&nbsp;suotar_destroy
<LI><a href="#[b0]">&gt;&gt;</a>&nbsp;&nbsp;&nbsp;diss_set_value_req_handler
<LI><a href="#[ad]">&gt;&gt;</a>&nbsp;&nbsp;&nbsp;diss_destroy
<LI><a href="#[b3]">&gt;&gt;</a>&nbsp;&nbsp;&nbsp;custs1_init
<LI><a href="#[19d]">&gt;&gt;</a>&nbsp;&nbsp;&nbsp;custs1_exe_operation
<LI><a href="#[b4]">&gt;&gt;</a>&nbsp;&nbsp;&nbsp;custs1_destroy
<LI><a href="#[19a]">&gt;&gt;</a>&nbsp;&nbsp;&nbsp;custs1_att_set_value
<LI><a href="#[c8]">&gt;&gt;</a>&nbsp;&nbsp;&nbsp;bass_init
<LI><a href="#[190]">&gt;&gt;</a>&nbsp;&nbsp;&nbsp;bass_exe_operation
<LI><a href="#[c9]">&gt;&gt;</a>&nbsp;&nbsp;&nbsp;bass_destroy
</UL>

<P><STRONG><a name="[119]"></a>ke_msg_alloc</STRONG> (Thumb, 0 bytes, Stack size 0 bytes, da14585_symbols.txt(ABSOLUTE))
<BR><BR>[Called By]<UL><LI><a href="#[9d]">&gt;&gt;</a>&nbsp;&nbsp;&nbsp;llm_p256_req_handler_func
<LI><a href="#[9c]">&gt;&gt;</a>&nbsp;&nbsp;&nbsp;llm_create_p256_key_func
<LI><a href="#[42]">&gt;&gt;</a>&nbsp;&nbsp;&nbsp;PATCHED_smpc_dhkey_calc_start
<LI><a href="#[3f]">&gt;&gt;</a>&nbsp;&nbsp;&nbsp;PATCHED_hci_command_handler
<LI><a href="#[3c]">&gt;&gt;</a>&nbsp;&nbsp;&nbsp;PATCHED_hci_acl_data_rx_handler
<LI><a href="#[129]">&gt;&gt;</a>&nbsp;&nbsp;&nbsp;l2cc_handle_invalid_pdu
<LI><a href="#[177]">&gt;&gt;</a>&nbsp;&nbsp;&nbsp;user_catch_rest_hndl
<LI><a href="#[1af]">&gt;&gt;</a>&nbsp;&nbsp;&nbsp;user_app_adv_start
<LI><a href="#[c7]">&gt;&gt;</a>&nbsp;&nbsp;&nbsp;suotar_status_update_req_handler
<LI><a href="#[1d8]">&gt;&gt;</a>&nbsp;&nbsp;&nbsp;suotar_send_status_update_req
<LI><a href="#[1d7]">&gt;&gt;</a>&nbsp;&nbsp;&nbsp;suotar_send_mem_info_update_req
<LI><a href="#[2e]">&gt;&gt;</a>&nbsp;&nbsp;&nbsp;param_update_request_timer_cb
<LI><a href="#[1ae]">&gt;&gt;</a>&nbsp;&nbsp;&nbsp;ltk_exch_create_msg
<LI><a href="#[cf]">&gt;&gt;</a>&nbsp;&nbsp;&nbsp;gattc_write_req_ind_handler.108
<LI><a href="#[c5]">&gt;&gt;</a>&nbsp;&nbsp;&nbsp;gattc_write_req_ind_handler.102
<LI><a href="#[b8]">&gt;&gt;</a>&nbsp;&nbsp;&nbsp;gattc_write_req_ind_handler
<LI><a href="#[b7]">&gt;&gt;</a>&nbsp;&nbsp;&nbsp;gattc_read_req_ind_handler.74
<LI><a href="#[d0]">&gt;&gt;</a>&nbsp;&nbsp;&nbsp;gattc_read_req_ind_handler.109
<LI><a href="#[c4]">&gt;&gt;</a>&nbsp;&nbsp;&nbsp;gattc_read_req_ind_handler.101
<LI><a href="#[b1]">&gt;&gt;</a>&nbsp;&nbsp;&nbsp;gattc_read_req_ind_handler
<LI><a href="#[ce]">&gt;&gt;</a>&nbsp;&nbsp;&nbsp;gattc_att_info_req_ind_handler.107
<LI><a href="#[b9]">&gt;&gt;</a>&nbsp;&nbsp;&nbsp;gattc_att_info_req_ind_handler
<LI><a href="#[d7]">&gt;&gt;</a>&nbsp;&nbsp;&nbsp;gapm_device_ready_ind_handler
<LI><a href="#[d8]">&gt;&gt;</a>&nbsp;&nbsp;&nbsp;gapm_cmp_evt_handler
<LI><a href="#[dd]">&gt;&gt;</a>&nbsp;&nbsp;&nbsp;gapc_set_dev_info_req_ind_handler
<LI><a href="#[e0]">&gt;&gt;</a>&nbsp;&nbsp;&nbsp;gapc_param_update_req_ind_handler
<LI><a href="#[dc]">&gt;&gt;</a>&nbsp;&nbsp;&nbsp;gapc_get_dev_info_req_ind_handler
<LI><a href="#[da]">&gt;&gt;</a>&nbsp;&nbsp;&nbsp;gapc_connection_req_ind_handler
<LI><a href="#[e5]">&gt;&gt;</a>&nbsp;&nbsp;&nbsp;gapc_bond_req_ind_handler
<LI><a href="#[f2]">&gt;&gt;</a>&nbsp;&nbsp;&nbsp;diss_value_req_ind_handler
<LI><a href="#[b2]">&gt;&gt;</a>&nbsp;&nbsp;&nbsp;diss_value_cfm_handler
<LI><a href="#[b0]">&gt;&gt;</a>&nbsp;&nbsp;&nbsp;diss_set_value_req_handler
<LI><a href="#[bf]">&gt;&gt;</a>&nbsp;&nbsp;&nbsp;custs1_value_req_rsp_handler
<LI><a href="#[19d]">&gt;&gt;</a>&nbsp;&nbsp;&nbsp;custs1_exe_operation
[...]
</UL>

<P><STRONG><a name="[185]"></a>spi_flash_read_data</STRONG> (Thumb, 92 bytes, Stack size 24 bytes, lto-llvm-2321f4.o(.text.spi_flash_read_data))
<BR><BR>[Stack]<UL><LI>Max Depth = 56<LI>Call Chain = spi_flash_read_data &rArr; spi_flash_is_busy &rArr; spi_flash_read_status_reg &rArr; spi_transaction &rArr; spi_cs_high
</UL>
<BR>[Calls]<UL><LI><a href="#[17b]">&gt;&gt;</a>&nbsp;&nbsp;&nbsp;spi_set_bitmode
<LI><a href="#[179]">&gt;&gt;</a>&nbsp;&nbsp;&nbsp;spi_flash_is_busy
<LI><a href="#[181]">&gt;&gt;</a>&nbsp;&nbsp;&nbsp;spi_cs_low
<LI><a href="#[182]">&gt;&gt;</a>&nbsp;&nbsp;&nbsp;spi_cs_high
<LI><a href="#[39]">&gt;&gt;</a>&nbsp;&nbsp;&nbsp;spi_access
</UL>
<BR>[Called By]<UL><LI><a href="#[177]">&gt;&gt;</a>&nbsp;&nbsp;&nbsp;user_catch_rest_hndl
<LI><a href="#[de]">&gt;&gt;</a>&nbsp;&nbsp;&nbsp;gapm_profile_added_ind_handler
<LI><a href="#[184]">&gt;&gt;</a>&nbsp;&nbsp;&nbsp;app_read_ext_mem
</UL>

<P><STRONG><a name="[17d]"></a>spi_flash_read_status_reg</STRONG> (Thumb, 20 bytes, Stack size 8 bytes, lto-llvm-2321f4.o(.text.spi_flash_read_status_reg))
<BR><BR>[Stack]<UL><LI>Max Depth = 24<LI>Call Chain = spi_flash_read_status_reg &rArr; spi_transaction &rArr; spi_cs_high
</UL>
<BR>[Calls]<UL><LI><a href="#[17c]">&gt;&gt;</a>&nbsp;&nbsp;&nbsp;spi_transaction
<LI><a href="#[17b]">&gt;&gt;</a>&nbsp;&nbsp;&nbsp;spi_set_bitmode
</UL>
<BR>[Called By]<UL><LI><a href="#[17a]">&gt;&gt;</a>&nbsp;&nbsp;&nbsp;spi_flash_write_enable
<LI><a href="#[183]">&gt;&gt;</a>&nbsp;&nbsp;&nbsp;spi_flash_wait_till_ready
<LI><a href="#[179]">&gt;&gt;</a>&nbsp;&nbsp;&nbsp;spi_flash_is_busy
<LI><a href="#[178]">&gt;&gt;</a>&nbsp;&nbsp;&nbsp;app_erase_flash_sectors
</UL>

<P><STRONG><a name="[187]"></a>spi_flash_release_from_power_down</STRONG> (Thumb, 24 bytes, Stack size 8 bytes, lto-llvm-2321f4.o(.text.spi_flash_release_from_power_down))
<BR><BR>[Stack]<UL><LI>Max Depth = 24<LI>Call Chain = spi_flash_release_from_power_down &rArr; spi_transaction &rArr; spi_cs_high
</UL>
<BR>[Calls]<UL><LI><a href="#[17c]">&gt;&gt;</a>&nbsp;&nbsp;&nbsp;spi_transaction
<LI><a href="#[17b]">&gt;&gt;</a>&nbsp;&nbsp;&nbsp;spi_set_bitmode
<LI><a href="#[181]">&gt;&gt;</a>&nbsp;&nbsp;&nbsp;spi_cs_low
<LI><a href="#[182]">&gt;&gt;</a>&nbsp;&nbsp;&nbsp;spi_cs_high
</UL>
<BR>[Called By]<UL><LI><a href="#[1b1]">&gt;&gt;</a>&nbsp;&nbsp;&nbsp;spi_flash_peripheral_init
<LI><a href="#[18a]">&gt;&gt;</a>&nbsp;&nbsp;&nbsp;on_suotar_status_change
<LI><a href="#[186]">&gt;&gt;</a>&nbsp;&nbsp;&nbsp;app_spi_flash_init
</UL>

<P><STRONG><a name="[1b2]"></a>spi_flash_ultra_deep_power_down</STRONG> (Thumb, 26 bytes, Stack size 8 bytes, lto-llvm-2321f4.o(.text.spi_flash_ultra_deep_power_down))
<BR><BR>[Stack]<UL><LI>Max Depth = 40<LI>Call Chain = spi_flash_ultra_deep_power_down &rArr; spi_flash_is_busy &rArr; spi_flash_read_status_reg &rArr; spi_transaction &rArr; spi_cs_high
</UL>
<BR>[Calls]<UL><LI><a href="#[17c]">&gt;&gt;</a>&nbsp;&nbsp;&nbsp;spi_transaction
<LI><a href="#[17b]">&gt;&gt;</a>&nbsp;&nbsp;&nbsp;spi_set_bitmode
<LI><a href="#[179]">&gt;&gt;</a>&nbsp;&nbsp;&nbsp;spi_flash_is_busy
</UL>
<BR>[Called By]<UL><LI><a href="#[177]">&gt;&gt;</a>&nbsp;&nbsp;&nbsp;user_catch_rest_hndl
<LI><a href="#[de]">&gt;&gt;</a>&nbsp;&nbsp;&nbsp;gapm_profile_added_ind_handler
</UL>

<P><STRONG><a name="[183]"></a>spi_flash_wait_till_ready</STRONG> (Thumb, 36 bytes, Stack size 16 bytes, lto-llvm-2321f4.o(.text.spi_flash_wait_till_ready))
<BR><BR>[Stack]<UL><LI>Max Depth = 40<LI>Call Chain = spi_flash_wait_till_ready &rArr; spi_flash_read_status_reg &rArr; spi_transaction &rArr; spi_cs_high
</UL>
<BR>[Calls]<UL><LI><a href="#[17d]">&gt;&gt;</a>&nbsp;&nbsp;&nbsp;spi_flash_read_status_reg
</UL>
<BR>[Called By]<UL><LI><a href="#[17a]">&gt;&gt;</a>&nbsp;&nbsp;&nbsp;spi_flash_write_enable
<LI><a href="#[180]">&gt;&gt;</a>&nbsp;&nbsp;&nbsp;app_flash_write_data
</UL>

<P><STRONG><a name="[17a]"></a>spi_flash_write_enable</STRONG> (Thumb, 50 bytes, Stack size 8 bytes, lto-llvm-2321f4.o(.text.spi_flash_write_enable))
<BR><BR>[Stack]<UL><LI>Max Depth = 48<LI>Call Chain = spi_flash_write_enable &rArr; spi_flash_wait_till_ready &rArr; spi_flash_read_status_reg &rArr; spi_transaction &rArr; spi_cs_high
</UL>
<BR>[Calls]<UL><LI><a href="#[17c]">&gt;&gt;</a>&nbsp;&nbsp;&nbsp;spi_transaction
<LI><a href="#[17b]">&gt;&gt;</a>&nbsp;&nbsp;&nbsp;spi_set_bitmode
<LI><a href="#[183]">&gt;&gt;</a>&nbsp;&nbsp;&nbsp;spi_flash_wait_till_ready
<LI><a href="#[17d]">&gt;&gt;</a>&nbsp;&nbsp;&nbsp;spi_flash_read_status_reg
<LI><a href="#[179]">&gt;&gt;</a>&nbsp;&nbsp;&nbsp;spi_flash_is_busy
</UL>
<BR>[Called By]<UL><LI><a href="#[180]">&gt;&gt;</a>&nbsp;&nbsp;&nbsp;app_flash_write_data
<LI><a href="#[178]">&gt;&gt;</a>&nbsp;&nbsp;&nbsp;app_erase_flash_sectors
</UL>

<P><STRONG><a name="[17b]"></a>spi_set_bitmode</STRONG> (Thumb, 32 bytes, Stack size 8 bytes, lto-llvm-2321f4.o(.text.spi_set_bitmode))
<BR><BR>[Stack]<UL><LI>Max Depth = 8<LI>Call Chain = spi_set_bitmode
</UL>
<BR>[Called By]<UL><LI><a href="#[17a]">&gt;&gt;</a>&nbsp;&nbsp;&nbsp;spi_flash_write_enable
<LI><a href="#[1b2]">&gt;&gt;</a>&nbsp;&nbsp;&nbsp;spi_flash_ultra_deep_power_down
<LI><a href="#[187]">&gt;&gt;</a>&nbsp;&nbsp;&nbsp;spi_flash_release_from_power_down
<LI><a href="#[17d]">&gt;&gt;</a>&nbsp;&nbsp;&nbsp;spi_flash_read_status_reg
<LI><a href="#[185]">&gt;&gt;</a>&nbsp;&nbsp;&nbsp;spi_flash_read_data
<LI><a href="#[188]">&gt;&gt;</a>&nbsp;&nbsp;&nbsp;spi_flash_auto_detect
<LI><a href="#[18a]">&gt;&gt;</a>&nbsp;&nbsp;&nbsp;on_suotar_status_change
<LI><a href="#[180]">&gt;&gt;</a>&nbsp;&nbsp;&nbsp;app_flash_write_data
<LI><a href="#[178]">&gt;&gt;</a>&nbsp;&nbsp;&nbsp;app_erase_flash_sectors
</UL>

<P><STRONG><a name="[17c]"></a>spi_transaction</STRONG> (Thumb, 24 bytes, Stack size 8 bytes, lto-llvm-2321f4.o(.text.spi_transaction))
<BR><BR>[Stack]<UL><LI>Max Depth = 16<LI>Call Chain = spi_transaction &rArr; spi_cs_high
</UL>
<BR>[Calls]<UL><LI><a href="#[181]">&gt;&gt;</a>&nbsp;&nbsp;&nbsp;spi_cs_low
<LI><a href="#[182]">&gt;&gt;</a>&nbsp;&nbsp;&nbsp;spi_cs_high
<LI><a href="#[39]">&gt;&gt;</a>&nbsp;&nbsp;&nbsp;spi_access
</UL>
<BR>[Called By]<UL><LI><a href="#[17a]">&gt;&gt;</a>&nbsp;&nbsp;&nbsp;spi_flash_write_enable
<LI><a href="#[1b2]">&gt;&gt;</a>&nbsp;&nbsp;&nbsp;spi_flash_ultra_deep_power_down
<LI><a href="#[187]">&gt;&gt;</a>&nbsp;&nbsp;&nbsp;spi_flash_release_from_power_down
<LI><a href="#[17d]">&gt;&gt;</a>&nbsp;&nbsp;&nbsp;spi_flash_read_status_reg
<LI><a href="#[18a]">&gt;&gt;</a>&nbsp;&nbsp;&nbsp;on_suotar_status_change
<LI><a href="#[178]">&gt;&gt;</a>&nbsp;&nbsp;&nbsp;app_erase_flash_sectors
</UL>

<P><STRONG><a name="[c3]"></a>suotar_cleanup</STRONG> (Thumb, 44 bytes, Stack size 16 bytes, lto-llvm-2321f4.o(.text.suotar_cleanup))
<BR><BR>[Stack]<UL><LI>Max Depth = 16<LI>Call Chain = suotar_cleanup
</UL>
<BR>[Calls]<UL><LI><a href="#[1a1]">&gt;&gt;</a>&nbsp;&nbsp;&nbsp;attmdb_att_set_value
</UL>
<BR>[Address Reference Count : 1]<UL><LI> lto-llvm-2321f4.o(.rodata)
</UL>
<P><STRONG><a name="[c2]"></a>suotar_create</STRONG> (Thumb, 2 bytes, Stack size 0 bytes, lto-llvm-2321f4.o(.text.suotar_create))
<BR>[Address Reference Count : 1]<UL><LI> lto-llvm-2321f4.o(.rodata)
</UL>
<P><STRONG><a name="[c1]"></a>suotar_destroy</STRONG> (Thumb, 16 bytes, Stack size 8 bytes, lto-llvm-2321f4.o(.text.suotar_destroy))
<BR><BR>[Stack]<UL><LI>Max Depth = 8<LI>Call Chain = suotar_destroy
</UL>
<BR>[Calls]<UL><LI><a href="#[12d]">&gt;&gt;</a>&nbsp;&nbsp;&nbsp;ke_free
</UL>
<BR>[Address Reference Count : 1]<UL><LI> lto-llvm-2321f4.o(.rodata)
</UL>
<P><STRONG><a name="[f4]"></a>suotar_gpio_map_ind_handler</STRONG> (Thumb, 52 bytes, Stack size 8 bytes, lto-llvm-2321f4.o(.text.suotar_gpio_map_ind_handler))
<BR><BR>[Stack]<UL><LI>Max Depth = 16<LI>Call Chain = suotar_gpio_map_ind_handler &rArr; suotar_send_status_update_req
</UL>
<BR>[Calls]<UL><LI><a href="#[1d8]">&gt;&gt;</a>&nbsp;&nbsp;&nbsp;suotar_send_status_update_req
<LI><a href="#[1d7]">&gt;&gt;</a>&nbsp;&nbsp;&nbsp;suotar_send_mem_info_update_req
</UL>
<BR>[Address Reference Count : 1]<UL><LI> lto-llvm-2321f4.o(.rodata)
</UL>
<P><STRONG><a name="[c0]"></a>suotar_init</STRONG> (Thumb, 896 bytes, Stack size 72 bytes, lto-llvm-2321f4.o(.text.suotar_init))
<BR><BR>[Stack]<UL><LI>Max Depth = 72<LI>Call Chain = suotar_init
</UL>
<BR>[Calls]<UL><LI><a href="#[10a]">&gt;&gt;</a>&nbsp;&nbsp;&nbsp;ke_state_set
<LI><a href="#[1a1]">&gt;&gt;</a>&nbsp;&nbsp;&nbsp;attmdb_att_set_value
<LI><a href="#[1a0]">&gt;&gt;</a>&nbsp;&nbsp;&nbsp;attmdb_add_service
<LI><a href="#[12c]">&gt;&gt;</a>&nbsp;&nbsp;&nbsp;ke_malloc
<LI><a href="#[12d]">&gt;&gt;</a>&nbsp;&nbsp;&nbsp;ke_free
<LI><a href="#[174]">&gt;&gt;</a>&nbsp;&nbsp;&nbsp;__aeabi_memclr
<LI><a href="#[10c]">&gt;&gt;</a>&nbsp;&nbsp;&nbsp;__aeabi_memcpy
</UL>
<BR>[Address Reference Count : 1]<UL><LI> lto-llvm-2321f4.o(.rodata)
</UL>
<P><STRONG><a name="[c6]"></a>suotar_mem_info_update_req_handler</STRONG> (Thumb, 48 bytes, Stack size 8 bytes, lto-llvm-2321f4.o(.text.suotar_mem_info_update_req_handler))
<BR><BR>[Stack]<UL><LI>Max Depth = 8<LI>Call Chain = suotar_mem_info_update_req_handler
</UL>
<BR>[Calls]<UL><LI><a href="#[1a1]">&gt;&gt;</a>&nbsp;&nbsp;&nbsp;attmdb_att_set_value
<LI><a href="#[18f]">&gt;&gt;</a>&nbsp;&nbsp;&nbsp;prf_env_get
</UL>
<BR>[Address Reference Count : 1]<UL><LI> lto-llvm-2321f4.o(.rodata)
</UL>
<P><STRONG><a name="[f6]"></a>suotar_patch_data_ind_handler</STRONG> (Thumb, 712 bytes, Stack size 120 bytes, lto-llvm-2321f4.o(.text.suotar_patch_data_ind_handler))
<BR><BR>[Stack]<UL><LI>Max Depth = 248<LI>Call Chain = suotar_patch_data_ind_handler &rArr; app_flash_write_data &rArr; app_erase_flash_sectors &rArr; spi_flash_write_enable &rArr; spi_flash_wait_till_ready &rArr; spi_flash_read_status_reg &rArr; spi_transaction &rArr; spi_cs_high
</UL>
<BR>[Calls]<UL><LI><a href="#[1aa]">&gt;&gt;</a>&nbsp;&nbsp;&nbsp;__aeabi_memset
<LI><a href="#[10c]">&gt;&gt;</a>&nbsp;&nbsp;&nbsp;__aeabi_memcpy
<LI><a href="#[1d8]">&gt;&gt;</a>&nbsp;&nbsp;&nbsp;suotar_send_status_update_req
<LI><a href="#[1d7]">&gt;&gt;</a>&nbsp;&nbsp;&nbsp;suotar_send_mem_info_update_req
<LI><a href="#[1d9]">&gt;&gt;</a>&nbsp;&nbsp;&nbsp;app_suotar_spi_config
<LI><a href="#[186]">&gt;&gt;</a>&nbsp;&nbsp;&nbsp;app_spi_flash_init
<LI><a href="#[184]">&gt;&gt;</a>&nbsp;&nbsp;&nbsp;app_read_ext_mem
<LI><a href="#[180]">&gt;&gt;</a>&nbsp;&nbsp;&nbsp;app_flash_write_data
<LI><a href="#[178]">&gt;&gt;</a>&nbsp;&nbsp;&nbsp;app_erase_flash_sectors
</UL>
<BR>[Address Reference Count : 1]<UL><LI> lto-llvm-2321f4.o(.rodata)
</UL>
<P><STRONG><a name="[f5]"></a>suotar_patch_len_ind_handler</STRONG> (Thumb, 60 bytes, Stack size 8 bytes, lto-llvm-2321f4.o(.text.suotar_patch_len_ind_handler))
<BR><BR>[Stack]<UL><LI>Max Depth = 16<LI>Call Chain = suotar_patch_len_ind_handler &rArr; suotar_send_status_update_req
</UL>
<BR>[Calls]<UL><LI><a href="#[1d8]">&gt;&gt;</a>&nbsp;&nbsp;&nbsp;suotar_send_status_update_req
</UL>
<BR>[Address Reference Count : 1]<UL><LI> lto-llvm-2321f4.o(.rodata)
</UL>
<P><STRONG><a name="[f3]"></a>suotar_patch_mem_dev_ind_handler</STRONG> (Thumb, 300 bytes, Stack size 24 bytes, lto-llvm-2321f4.o(.text.suotar_patch_mem_dev_ind_handler))
<BR><BR>[Stack]<UL><LI>Max Depth = 152<LI>Call Chain = suotar_patch_mem_dev_ind_handler &rArr; app_flash_write_data &rArr; app_erase_flash_sectors &rArr; spi_flash_write_enable &rArr; spi_flash_wait_till_ready &rArr; spi_flash_read_status_reg &rArr; spi_transaction &rArr; spi_cs_high
</UL>
<BR>[Calls]<UL><LI><a href="#[127]">&gt;&gt;</a>&nbsp;&nbsp;&nbsp;platform_reset
<LI><a href="#[1d8]">&gt;&gt;</a>&nbsp;&nbsp;&nbsp;suotar_send_status_update_req
<LI><a href="#[1d7]">&gt;&gt;</a>&nbsp;&nbsp;&nbsp;suotar_send_mem_info_update_req
<LI><a href="#[18a]">&gt;&gt;</a>&nbsp;&nbsp;&nbsp;on_suotar_status_change
<LI><a href="#[189]">&gt;&gt;</a>&nbsp;&nbsp;&nbsp;app_suotar_stop
<LI><a href="#[1d9]">&gt;&gt;</a>&nbsp;&nbsp;&nbsp;app_suotar_spi_config
<LI><a href="#[186]">&gt;&gt;</a>&nbsp;&nbsp;&nbsp;app_spi_flash_init
<LI><a href="#[180]">&gt;&gt;</a>&nbsp;&nbsp;&nbsp;app_flash_write_data
<LI><a href="#[172]">&gt;&gt;</a>&nbsp;&nbsp;&nbsp;app_easy_gap_disconnect
</UL>
<BR>[Address Reference Count : 1]<UL><LI> lto-llvm-2321f4.o(.rodata)
</UL>
<P><STRONG><a name="[1d7]"></a>suotar_send_mem_info_update_req</STRONG> (Thumb, 32 bytes, Stack size 8 bytes, lto-llvm-2321f4.o(.text.suotar_send_mem_info_update_req))
<BR><BR>[Stack]<UL><LI>Max Depth = 8<LI>Call Chain = suotar_send_mem_info_update_req
</UL>
<BR>[Calls]<UL><LI><a href="#[16e]">&gt;&gt;</a>&nbsp;&nbsp;&nbsp;prf_get_task_from_id
<LI><a href="#[11c]">&gt;&gt;</a>&nbsp;&nbsp;&nbsp;ke_msg_send
<LI><a href="#[119]">&gt;&gt;</a>&nbsp;&nbsp;&nbsp;ke_msg_alloc
</UL>
<BR>[Called By]<UL><LI><a href="#[f3]">&gt;&gt;</a>&nbsp;&nbsp;&nbsp;suotar_patch_mem_dev_ind_handler
<LI><a href="#[f6]">&gt;&gt;</a>&nbsp;&nbsp;&nbsp;suotar_patch_data_ind_handler
<LI><a href="#[f4]">&gt;&gt;</a>&nbsp;&nbsp;&nbsp;suotar_gpio_map_ind_handler
</UL>

<P><STRONG><a name="[1d8]"></a>suotar_send_status_update_req</STRONG> (Thumb, 32 bytes, Stack size 8 bytes, lto-llvm-2321f4.o(.text.suotar_send_status_update_req))
<BR><BR>[Stack]<UL><LI>Max Depth = 8<LI>Call Chain = suotar_send_status_update_req
</UL>
<BR>[Calls]<UL><LI><a href="#[16e]">&gt;&gt;</a>&nbsp;&nbsp;&nbsp;prf_get_task_from_id
<LI><a href="#[11c]">&gt;&gt;</a>&nbsp;&nbsp;&nbsp;ke_msg_send
<LI><a href="#[119]">&gt;&gt;</a>&nbsp;&nbsp;&nbsp;ke_msg_alloc
</UL>
<BR>[Called By]<UL><LI><a href="#[f3]">&gt;&gt;</a>&nbsp;&nbsp;&nbsp;suotar_patch_mem_dev_ind_handler
<LI><a href="#[f5]">&gt;&gt;</a>&nbsp;&nbsp;&nbsp;suotar_patch_len_ind_handler
<LI><a href="#[f6]">&gt;&gt;</a>&nbsp;&nbsp;&nbsp;suotar_patch_data_ind_handler
<LI><a href="#[f4]">&gt;&gt;</a>&nbsp;&nbsp;&nbsp;suotar_gpio_map_ind_handler
</UL>

<P><STRONG><a name="[c7]"></a>suotar_status_update_req_handler</STRONG> (Thumb, 120 bytes, Stack size 32 bytes, lto-llvm-2321f4.o(.text.suotar_status_update_req_handler))
<BR><BR>[Stack]<UL><LI>Max Depth = 32<LI>Call Chain = suotar_status_update_req_handler
</UL>
<BR>[Calls]<UL><LI><a href="#[11c]">&gt;&gt;</a>&nbsp;&nbsp;&nbsp;ke_msg_send
<LI><a href="#[119]">&gt;&gt;</a>&nbsp;&nbsp;&nbsp;ke_msg_alloc
<LI><a href="#[1a1]">&gt;&gt;</a>&nbsp;&nbsp;&nbsp;attmdb_att_set_value
<LI><a href="#[18f]">&gt;&gt;</a>&nbsp;&nbsp;&nbsp;prf_env_get
</UL>
<BR>[Address Reference Count : 1]<UL><LI> lto-llvm-2321f4.o(.rodata)
</UL>
<P><STRONG><a name="[1a7]"></a>systick_wait</STRONG> (Thumb, 76 bytes, Stack size 8 bytes, lto-llvm-2321f4.o(.text.systick_wait))
<BR><BR>[Stack]<UL><LI>Max Depth = 8<LI>Call Chain = systick_wait
</UL>
<BR>[Called By]<UL><LI><a href="#[2a]">&gt;&gt;</a>&nbsp;&nbsp;&nbsp;display
</UL>

<P><STRONG><a name="[25]"></a>timer_canceled_handler</STRONG> (Thumb, 2 bytes, Stack size 0 bytes, lto-llvm-2321f4.o(.text.timer_canceled_handler))
<BR>[Address Reference Count : 2]<UL><LI> lto-llvm-2321f4.o(.text.app_timer_api_process_handler)
<LI> lto-llvm-2321f4.o(.text.app_easy_timer_cancel)
</UL>
<P><STRONG><a name="[27]"></a>timer_modified_handler</STRONG> (Thumb, 2 bytes, Stack size 0 bytes, lto-llvm-2321f4.o(.text.timer_modified_handler))
<BR>[Address Reference Count : 1]<UL><LI> lto-llvm-2321f4.o(.text.app_timer_api_process_handler)
</UL>
<P><STRONG><a name="[1ad]"></a>transformTime</STRONG> (Thumb, 252 bytes, Stack size 40 bytes, lto-llvm-2321f4.o(.text.transformTime))
<BR><BR>[Stack]<UL><LI>Max Depth = 40<LI>Call Chain = transformTime
</UL>
<BR>[Calls]<UL><LI><a href="#[1da]">&gt;&gt;</a>&nbsp;&nbsp;&nbsp;__aeabi_idivmod
<LI><a href="#[113]">&gt;&gt;</a>&nbsp;&nbsp;&nbsp;__aeabi_uidivmod
<LI><a href="#[163]">&gt;&gt;</a>&nbsp;&nbsp;&nbsp;__aeabi_uidiv
</UL>
<BR>[Called By]<UL><LI><a href="#[177]">&gt;&gt;</a>&nbsp;&nbsp;&nbsp;user_catch_rest_hndl
<LI><a href="#[2c]">&gt;&gt;</a>&nbsp;&nbsp;&nbsp;do_min_work_with_analog_clock
</UL>

<P><STRONG><a name="[30]"></a>uart_callback</STRONG> (Thumb, 140 bytes, Stack size 8 bytes, lto-llvm-2321f4.o(.text.uart_callback))
<BR><BR>[Stack]<UL><LI>Max Depth = 16<LI>Call Chain = uart_callback &rArr; uart_send
</UL>
<BR>[Calls]<UL><LI><a href="#[12d]">&gt;&gt;</a>&nbsp;&nbsp;&nbsp;ke_free
<LI><a href="#[1c5]">&gt;&gt;</a>&nbsp;&nbsp;&nbsp;uart_send
<LI><a href="#[18d]">&gt;&gt;</a>&nbsp;&nbsp;&nbsp;arch_strlen
</UL>
<BR>[Called By]<UL><LI><a href="#[9]">&gt;&gt;</a>&nbsp;&nbsp;&nbsp;UART2_Handler
</UL>
<BR>[Address Reference Count : 1]<UL><LI> lto-llvm-2321f4.o(.text.main)
</UL>
<P><STRONG><a name="[164]"></a>uart_rx_isr</STRONG> (Thumb, 12 bytes, Stack size 0 bytes, lto-llvm-2321f4.o(.text.uart_rx_isr))
<BR><BR>[Called By]<UL><LI><a href="#[9]">&gt;&gt;</a>&nbsp;&nbsp;&nbsp;UART2_Handler
</UL>

<P><STRONG><a name="[1c5]"></a>uart_send</STRONG> (Thumb, 80 bytes, Stack size 8 bytes, lto-llvm-2321f4.o(.text.uart_send))
<BR><BR>[Stack]<UL><LI>Max Depth = 8<LI>Call Chain = uart_send
</UL>
<BR>[Called By]<UL><LI><a href="#[1e]">&gt;&gt;</a>&nbsp;&nbsp;&nbsp;main
<LI><a href="#[30]">&gt;&gt;</a>&nbsp;&nbsp;&nbsp;uart_callback
</UL>

<P><STRONG><a name="[1af]"></a>user_app_adv_start</STRONG> (Thumb, 300 bytes, Stack size 56 bytes, lto-llvm-2321f4.o(.text.user_app_adv_start))
<BR><BR>[Stack]<UL><LI>Max Depth = 88<LI>Call Chain = user_app_adv_start &rArr; app_easy_timer &rArr; create_timer
</UL>
<BR>[Calls]<UL><LI><a href="#[11c]">&gt;&gt;</a>&nbsp;&nbsp;&nbsp;ke_msg_send
<LI><a href="#[119]">&gt;&gt;</a>&nbsp;&nbsp;&nbsp;ke_msg_alloc
<LI><a href="#[10a]">&gt;&gt;</a>&nbsp;&nbsp;&nbsp;ke_state_set
<LI><a href="#[10c]">&gt;&gt;</a>&nbsp;&nbsp;&nbsp;__aeabi_memcpy
<LI><a href="#[2d]">&gt;&gt;</a>&nbsp;&nbsp;&nbsp;__2sprintf
<LI><a href="#[78]">&gt;&gt;</a>&nbsp;&nbsp;&nbsp;nvds_get_func
<LI><a href="#[16a]">&gt;&gt;</a>&nbsp;&nbsp;&nbsp;app_easy_timer
</UL>
<BR>[Called By]<UL><LI><a href="#[de]">&gt;&gt;</a>&nbsp;&nbsp;&nbsp;gapm_profile_added_ind_handler
<LI><a href="#[d8]">&gt;&gt;</a>&nbsp;&nbsp;&nbsp;gapm_cmp_evt_handler
<LI><a href="#[db]">&gt;&gt;</a>&nbsp;&nbsp;&nbsp;gapc_disconnect_ind_handler
<LI><a href="#[da]">&gt;&gt;</a>&nbsp;&nbsp;&nbsp;gapc_connection_req_ind_handler
</UL>

<P><STRONG><a name="[177]"></a>user_catch_rest_hndl</STRONG> (Thumb, 588 bytes, Stack size 88 bytes, lto-llvm-2321f4.o(.text.user_catch_rest_hndl))
<BR><BR>[Stack]<UL><LI>Max Depth = 448<LI>Call Chain = user_catch_rest_hndl &rArr; arch_printf &rArr; arch_itoa
</UL>
<BR>[Calls]<UL><LI><a href="#[127]">&gt;&gt;</a>&nbsp;&nbsp;&nbsp;platform_reset
<LI><a href="#[11c]">&gt;&gt;</a>&nbsp;&nbsp;&nbsp;ke_msg_send
<LI><a href="#[119]">&gt;&gt;</a>&nbsp;&nbsp;&nbsp;ke_msg_alloc
<LI><a href="#[194]">&gt;&gt;</a>&nbsp;&nbsp;&nbsp;__aeabi_memclr4
<LI><a href="#[1ad]">&gt;&gt;</a>&nbsp;&nbsp;&nbsp;transformTime
<LI><a href="#[1b2]">&gt;&gt;</a>&nbsp;&nbsp;&nbsp;spi_flash_ultra_deep_power_down
<LI><a href="#[185]">&gt;&gt;</a>&nbsp;&nbsp;&nbsp;spi_flash_read_data
<LI><a href="#[1b1]">&gt;&gt;</a>&nbsp;&nbsp;&nbsp;spi_flash_peripheral_init
<LI><a href="#[1ab]">&gt;&gt;</a>&nbsp;&nbsp;&nbsp;do_display_update_with_analog_clock
<LI><a href="#[2a]">&gt;&gt;</a>&nbsp;&nbsp;&nbsp;display
<LI><a href="#[198]">&gt;&gt;</a>&nbsp;&nbsp;&nbsp;bls_att_pushNotifyData
<LI><a href="#[2f]">&gt;&gt;</a>&nbsp;&nbsp;&nbsp;arch_printf
<LI><a href="#[176]">&gt;&gt;</a>&nbsp;&nbsp;&nbsp;app_easy_timer_cancel
<LI><a href="#[16a]">&gt;&gt;</a>&nbsp;&nbsp;&nbsp;app_easy_timer
</UL>
<BR>[Called By]<UL><LI><a href="#[d8]">&gt;&gt;</a>&nbsp;&nbsp;&nbsp;gapm_cmp_evt_handler
<LI><a href="#[d9]">&gt;&gt;</a>&nbsp;&nbsp;&nbsp;gapc_cmp_evt_handler
<LI><a href="#[e6]">&gt;&gt;</a>&nbsp;&nbsp;&nbsp;gapc_bond_ind_handler
<LI><a href="#[d6]">&gt;&gt;</a>&nbsp;&nbsp;&nbsp;app_entry_point_handler
</UL>
<P>
<H3>
Undefined Global Symbols
</H3>
<P><STRONG><a name="[1bc]"></a>reset_indication</STRONG> (Unknown, 0 bytes, Stack size 0 bytes, UNDEFINED)
<BR><BR>[Called By]<UL><LI><a href="#[1e]">&gt;&gt;</a>&nbsp;&nbsp;&nbsp;main
</UL>
<HR></body></html>
