<html>
<body>
<pre>
<h1>µVision Build Log</h1>
<h2>Tool Versions:</h2>
IDE-Version: ¦ÌVision V5.36.0.0
Copyright (C) 2021 ARM Ltd and ARM Germany GmbH. All rights reserved.
License Information: tian tyh, HP Inc., LIC=585FJ-UULHB-KPSZY-IL13Y-7NG0H-9EA8L
 
Tool Versions:
Toolchain:       MDK-ARM Plus  Version: 5.36.0.0
Toolchain Path:  d:\Tools\Keil5\ARM\ARMCLANG\Bin
C Compiler:      ArmClang.exe V6.16
Assembler:       Armasm.exe V6.16
Linker/Locator:  ArmLink.exe V6.16
Library Manager: ArmAr.exe V6.16
Hex Converter:   FromElf.exe V6.16
CPU DLL:         SARMCM3.DLL V5.36.0.0
Dialog DLL:      DARMCM1.DLL V1.19.4.0
Target DLL:      Segger\JL2CM3.dll V2.99.40.0
Dialog DLL:      TARMCM1.DLL V1.14.4.0
 
<h2>Project:</h2>
D:\da14585_420_SES\projects\target_apps\ble_examples\ble_app_ota\Keil_5\ble_app_ota.uvprojx
Project File Date:  10/05/2025

<h2>Output:</h2>
*** Using Compiler 'V6.16', folder: 'd:\Tools\Keil5\ARM\ARMCLANG\Bin'
Rebuild target 'DA14585'
compiling system_DA14585_586.c...
compiling trng.c...
compiling arch_console.c...
assembling startup_DA14585_586.s...
compiling jump_table.c...
compiling chacha20.c...
compiling arch_system.c...
compiling uart.c...
compiling nmi_handler.c...
compiling hash.c...
compiling arch_sleep.c...
compiling syscntl.c...
compiling wkupct_quadec.c...
compiling arch_rom.c...
compiling dma.c...
compiling nvds.c...
compiling hardfault_handler.c...
compiling otp_hdr.c...
compiling adc_58x.c...
compiling battery.c...
compiling spi_58x.c...
compiling i2c_eeprom.c...
compiling gpio.c...
compiling spi_flash.c...
compiling hw_otpc_58x.c...
compiling systick.c...
compiling arch_main.c...
compiling i2c.c...
compiling rf_531.c...
compiling rwip.c...
compiling rf_585.c...
compiling ble_arp.c...
compiling prf_utils.c...
compiling attm_db_128.c...
compiling custom_common.c...
compiling diss.c...
compiling rwble.c...
compiling custs1.c...
compiling diss_task.c...
compiling suotar_task.c...
compiling prf.c...
compiling suotar.c...
compiling custs1_task.c...
compiling bass_task.c...
compiling bass.c...
compiling app_default_handlers.c...
compiling app_security.c...
compiling app_task.c...
compiling app_findme.c...
compiling app_bass.c...
compiling app.c...
compiling app_proxr.c...
compiling app_findme_task.c...
compiling app_bass_task.c...
compiling app_security_task.c...
compiling app_proxr_task.c...
compiling app_diss.c...
compiling app_diss_task.c...
compiling app_suotar_task.c...
compiling app_msg_utils.c...
compiling app_easy_msg_utils.c...
compiling app_entry_point.c...
compiling app_customs.c...
compiling app_suotar.c...
compiling app_easy_timer.c...
compiling app_customs_task.c...
compiling app_customs_common.c...
compiling app_easy_security.c...
compiling app_easy_whitelist.c...
compiling user_custs_config.c...
compiling app_utils.c...
compiling user_custs1_def.c...
compiling app_bond_db.c...
compiling user_periph_setup.c...
compiling user_ota.c...
compiling etime.c...
compiling crc32.c...
compiling calendar_display.c...
compiling user_custs1_impl.c...
compiling font16.c...
compiling analog_clock.c...
compiling EPD_4in2.c...
compiling font8.c...
compiling font16CN.c...
compiling font12CN.c...
compiling font20.c...
compiling font12.c...
compiling font24.c...
compiling font24CN.c...
compiling GUI_Paint.c...
compiling lunar.c...
compiling ImageData.c...
linking...
Program Size: Code=33252 RO-data=21200 RW-data=4 ZI-data=11636  
FromELF: creating hex file...
After Build - User command #1: fromelf --bincombined --output=".\out_DA14585\Objects\ble_app_ota_585_29.bin"  ".\out_DA14585\Objects\ble_app_ota_585_29.axf"
".\out_DA14585\Objects\ble_app_ota_585_29.axf" - 0 Error(s), 0 Warning(s).

<h2>Software Packages used:</h2>

Package Vendor: ARM
                https://www.keil.com/pack/ARM.Cortex_DFP.1.1.0.pack
                ARM.Cortex_DFP.1.1.0
                ARM Cortex Reference Subsystems Device Family Pack

<h2>Collection of Component include folders:</h2>
  D:\Tools\Keil5\Arm\Packs\ARM\Cortex_DFP\1.1.0\Device\ARMCM0\Include

<h2>Collection of Component Files used:</h2>
Build Time Elapsed:  00:00:06
</pre>
</body>
</html>
