Component: ARM Compiler 6.16 Tool: armlink [5dfeaa00]

==============================================================================

Section Cross References

    startup_da14585_586.o(RESET) refers to startup_da14585_586.o(STACK) for __initial_sp
    startup_da14585_586.o(RESET) refers to startup_da14585_586.o(.text) for Reset_Handler
    startup_da14585_586.o(RESET) refers to lto-llvm-8ef5f6.o(.text.SysTick_Handler) for SysTick_Handler
    startup_da14585_586.o(RESET) refers to lto-llvm-8ef5f6.o(.text.BLE_WAKEUP_LP_Handler) for BLE_WAKEUP_LP_Handler
    startup_da14585_586.o(RESET) refers to lto-llvm-8ef5f6.o(.text.rwble_isr) for rwble_isr
    startup_da14585_586.o(RESET) refers to lto-llvm-8ef5f6.o(.text.UART2_Handler) for UART2_Handler
    startup_da14585_586.o(RESET) refers to lto-llvm-8ef5f6.o(.text.I2C_Handler) for I2C_Handler
    startup_da14585_586.o(RESET) refers to lto-llvm-8ef5f6.o(.text.ADC_Handler) for ADC_Handler
    startup_da14585_586.o(RESET) refers to lto-llvm-8ef5f6.o(.text.GPIO0_Handler) for GPIO0_Handler
    startup_da14585_586.o(RESET) refers to lto-llvm-8ef5f6.o(.text.GPIO1_Handler) for GPIO1_Handler
    startup_da14585_586.o(RESET) refers to lto-llvm-8ef5f6.o(.text.GPIO2_Handler) for GPIO2_Handler
    startup_da14585_586.o(RESET) refers to lto-llvm-8ef5f6.o(.text.GPIO3_Handler) for GPIO3_Handler
    startup_da14585_586.o(RESET) refers to lto-llvm-8ef5f6.o(.text.GPIO4_Handler) for GPIO4_Handler
    startup_da14585_586.o(RESET) refers to lto-llvm-8ef5f6.o(.text.WKUP_QUADEC_Handler) for WKUP_QUADEC_Handler
    startup_da14585_586.o(.text) refers to lto-llvm-8ef5f6.o(system_DA14xxx) for SystemInit
    startup_da14585_586.o(.text) refers to entry.o(.ARM.Collect$$$$00000000) for __main
    startup_da14585_586.o(.text) refers to lto-llvm-8ef5f6.o(.text.NMI_HandlerC) for NMI_HandlerC
    startup_da14585_586.o(.text) refers to lto-llvm-8ef5f6.o(.text.HardFault_HandlerC) for HardFault_HandlerC
    patch.o(.text) refers to patch.o(.constdata) for .constdata
    patch.o(.constdata) refers to patch.o(.text) for PATCHED_llcp_length_req_handler
    patch.o(.constdata) refers to smpc_util.o(.text) for PATCHED_smpc_dhkey_calc_start
    cos.o(i.__softfp_cos) refers (Special) to iusefp.o(.text) for __I$use$fp
    cos.o(i.__softfp_cos) refers to cos.o(i.cos) for cos
    cos.o(i.cos) refers (Special) to iusefp.o(.text) for __I$use$fp
    cos.o(i.cos) refers to errno.o(i.__set_errno) for __set_errno
    cos.o(i.cos) refers to dunder.o(i.__mathlib_dbl_invalid) for __mathlib_dbl_invalid
    cos.o(i.cos) refers to dunder.o(i.__mathlib_dbl_infnan) for __mathlib_dbl_infnan
    cos.o(i.cos) refers to rred.o(i.__ieee754_rem_pio2) for __ieee754_rem_pio2
    cos.o(i.cos) refers to sin_i.o(i.__kernel_sin) for __kernel_sin
    cos.o(i.cos) refers to cos_i.o(i.__kernel_cos) for __kernel_cos
    sin.o(i.__softfp_sin) refers (Special) to iusefp.o(.text) for __I$use$fp
    sin.o(i.__softfp_sin) refers to sin.o(i.sin) for sin
    sin.o(i.sin) refers (Special) to iusefp.o(.text) for __I$use$fp
    sin.o(i.sin) refers to errno.o(i.__set_errno) for __set_errno
    sin.o(i.sin) refers to dunder.o(i.__mathlib_dbl_invalid) for __mathlib_dbl_invalid
    sin.o(i.sin) refers to dunder.o(i.__mathlib_dbl_infnan) for __mathlib_dbl_infnan
    sin.o(i.sin) refers to rred.o(i.__ieee754_rem_pio2) for __ieee754_rem_pio2
    sin.o(i.sin) refers to cos_i.o(i.__kernel_cos) for __kernel_cos
    sin.o(i.sin) refers to sin_i.o(i.__kernel_sin) for __kernel_sin
    entry.o(.ARM.Collect$$$$00000000) refers (Special) to entry10a.o(.ARM.Collect$$$$0000000D) for __rt_final_cpp
    entry.o(.ARM.Collect$$$$00000000) refers (Special) to entry11a.o(.ARM.Collect$$$$0000000F) for __rt_final_exit
    entry.o(.ARM.Collect$$$$00000000) refers (Special) to entry7b.o(.ARM.Collect$$$$00000008) for _main_clock
    entry.o(.ARM.Collect$$$$00000000) refers (Special) to entry8b.o(.ARM.Collect$$$$0000000A) for _main_cpp_init
    entry.o(.ARM.Collect$$$$00000000) refers (Special) to entry9a.o(.ARM.Collect$$$$0000000B) for _main_init
    entry.o(.ARM.Collect$$$$00000000) refers (Special) to entry5.o(.ARM.Collect$$$$00000004) for _main_scatterload
    entry.o(.ARM.Collect$$$$00000000) refers (Special) to entry2.o(.ARM.Collect$$$$00000001) for _main_stk
    printfb.o(i.__0fprintf$bare) refers to printfb.o(i._printf_core) for _printf_core
    printfb.o(i.__0fprintf$bare) refers to fputc.o(i.fputc) for fputc
    printfb.o(i.__0printf$bare) refers to printfb.o(i._printf_core) for _printf_core
    printfb.o(i.__0printf$bare) refers to fputc.o(i.fputc) for fputc
    printfb.o(i.__0printf$bare) refers to stdout.o(.data) for __stdout
    printfb.o(i.__0snprintf$bare) refers to printfb.o(i._printf_core) for _printf_core
    printfb.o(i.__0snprintf$bare) refers to printfb.o(i._snputc) for _snputc
    printfb.o(i.__0sprintf$bare) refers to printfb.o(i._printf_core) for _printf_core
    printfb.o(i.__0sprintf$bare) refers to printfb.o(i._sputc) for _sputc
[...]
    atts_write_rsp_send                      0x07f10b55   Thumb Code     0  da14585_symbols.txt ABSOLUTE
    atts_mtu_exc_req                         0x07f10b75   Thumb Code     0  da14585_symbols.txt ABSOLUTE
    atts_l2cc_pdu_recv_handler_func          0x07f1177f   Thumb Code     0  da14585_symbols.txt ABSOLUTE
    atts_allocate_pdu                        0x07f11957   Thumb Code     0  da14585_symbols.txt ABSOLUTE
    atts_send_pdu                            0x07f11979   Thumb Code     0  da14585_symbols.txt ABSOLUTE
    gattc_cleanup                            0x07f119e7   Thumb Code     0  da14585_symbols.txt ABSOLUTE
    gattc_init                               0x07f11a6b   Thumb Code     0  da14585_symbols.txt ABSOLUTE
    gattc_update_state                       0x07f11a9d   Thumb Code     0  da14585_symbols.txt ABSOLUTE
    gattc_create                             0x07f11ac1   Thumb Code     0  da14585_symbols.txt ABSOLUTE
    gattc_con_enable                         0x07f11b35   Thumb Code     0  da14585_symbols.txt ABSOLUTE
    gattc_get_mtu                            0x07f11b3b   Thumb Code     0  da14585_symbols.txt ABSOLUTE
    gattc_set_mtu                            0x07f11b47   Thumb Code     0  da14585_symbols.txt ABSOLUTE
    gattc_get_requester                      0x07f11b8d   Thumb Code     0  da14585_symbols.txt ABSOLUTE
    gattc_send_complete_evt                  0x07f11ba9   Thumb Code     0  da14585_symbols.txt ABSOLUTE
    gattc_send_error_evt                     0x07f11c05   Thumb Code     0  da14585_symbols.txt ABSOLUTE
    gattc_get_operation                      0x07f11c2b   Thumb Code     0  da14585_symbols.txt ABSOLUTE
    gattc_get_op_seq_num                     0x07f11c41   Thumb Code     0  da14585_symbols.txt ABSOLUTE
    gattc_get_operation_ptr                  0x07f11c57   Thumb Code     0  da14585_symbols.txt ABSOLUTE
    gattc_set_operation_ptr                  0x07f11c63   Thumb Code     0  da14585_symbols.txt ABSOLUTE
    gattc_reschedule_operation               0x07f11c6f   Thumb Code     0  da14585_symbols.txt ABSOLUTE
    gattc_reallocate_svc                     0x07f11cb5   Thumb Code     0  da14585_symbols.txt ABSOLUTE
    gattm_svc_get_start_hdl                  0x07f12c6d   Thumb Code     0  da14585_symbols.txt ABSOLUTE
    gattm_init                               0x07f12c73   Thumb Code     0  da14585_symbols.txt ABSOLUTE
    gattm_init_attr                          0x07f12c91   Thumb Code     0  da14585_symbols.txt ABSOLUTE
    gattm_create                             0x07f12ce5   Thumb Code     0  da14585_symbols.txt ABSOLUTE
    gattm_cleanup                            0x07f12ced   Thumb Code     0  da14585_symbols.txt ABSOLUTE
    gattm_get_max_mtu                        0x07f12cf5   Thumb Code     0  da14585_symbols.txt ABSOLUTE
    gattm_set_max_mtu                        0x07f12cfb   Thumb Code     0  da14585_symbols.txt ABSOLUTE
    gattm_get_max_mps                        0x07f12d17   Thumb Code     0  da14585_symbols.txt ABSOLUTE
    gattm_set_max_mps                        0x07f12d1d   Thumb Code     0  da14585_symbols.txt ABSOLUTE
    l2cc_cleanup                             0x07f12f85   Thumb Code     0  da14585_symbols.txt ABSOLUTE
    l2cc_init                                0x07f12fc9   Thumb Code     0  da14585_symbols.txt ABSOLUTE
    l2cc_create                              0x07f12ffb   Thumb Code     0  da14585_symbols.txt ABSOLUTE
    l2cc_update_state                        0x07f13033   Thumb Code     0  da14585_symbols.txt ABSOLUTE
    l2cm_init                                0x07f13405   Thumb Code     0  da14585_symbols.txt ABSOLUTE
    l2cm_create                              0x07f13419   Thumb Code     0  da14585_symbols.txt ABSOLUTE
    l2cm_cleanup                             0x07f13421   Thumb Code     0  da14585_symbols.txt ABSOLUTE
    l2cm_set_link_layer_buff_size            0x07f13429   Thumb Code     0  da14585_symbols.txt ABSOLUTE
    smpc_send_use_enc_block_cmd              0x07f13439   Thumb Code     0  da14585_symbols.txt ABSOLUTE
    smpc_send_start_enc_cmd                  0x07f13471   Thumb Code     0  da14585_symbols.txt ABSOLUTE
    smpc_send_ltk_req_rsp                    0x07f134eb   Thumb Code     0  da14585_symbols.txt ABSOLUTE
    smpc_send_pairing_req_ind                0x07f13547   Thumb Code     0  da14585_symbols.txt ABSOLUTE
    smpc_send_pairing_ind                    0x07f1362b   Thumb Code     0  da14585_symbols.txt ABSOLUTE
    smpc_check_pairing_feat                  0x07f13747   Thumb Code     0  da14585_symbols.txt ABSOLUTE
    smpc_launch_rep_att_timer                0x07f13761   Thumb Code     0  da14585_symbols.txt ABSOLUTE
    smpc_check_repeated_attempts             0x07f1379d   Thumb Code     0  da14585_symbols.txt ABSOLUTE
    smpc_check_max_key_size                  0x07f137ff   Thumb Code     0  da14585_symbols.txt ABSOLUTE
    smpc_check_key_distrib                   0x07f13845   Thumb Code     0  da14585_symbols.txt ABSOLUTE
    smpc_xor                                 0x07f13885   Thumb Code     0  da14585_symbols.txt ABSOLUTE
    smpc_generate_l                          0x07f1389b   Thumb Code     0  da14585_symbols.txt ABSOLUTE
    smpc_generate_ci                         0x07f138e9   Thumb Code     0  da14585_symbols.txt ABSOLUTE
    smpc_generate_rand                       0x07f1394d   Thumb Code     0  da14585_symbols.txt ABSOLUTE
    smpc_generate_e1                         0x07f13973   Thumb Code     0  da14585_symbols.txt ABSOLUTE
    smpc_generate_cfm                        0x07f13a2d   Thumb Code     0  da14585_symbols.txt ABSOLUTE
    smpc_generate_stk                        0x07f13aa7   Thumb Code     0  da14585_symbols.txt ABSOLUTE
    smpc_calc_subkeys                        0x07f13afd   Thumb Code     0  da14585_symbols.txt ABSOLUTE
    smpc_clear_timeout_timer                 0x07f13b73   Thumb Code     0  da14585_symbols.txt ABSOLUTE
    smpc_pairing_end                         0x07f13b9d   Thumb Code     0  da14585_symbols.txt ABSOLUTE
    smpc_tkdp_rcp_continue                   0x07f13bfb   Thumb Code     0  da14585_symbols.txt ABSOLUTE
    smpc_tkdp_rcp_start                      0x07f13c75   Thumb Code     0  da14585_symbols.txt ABSOLUTE
    smpc_pdu_send                            0x07f13cc9   Thumb Code     0  da14585_symbols.txt ABSOLUTE
    smpc_tkdp_send_start                     0x07f13d67   Thumb Code     0  da14585_symbols.txt ABSOLUTE
    smpc_tkdp_send_continue                  0x07f13df3   Thumb Code     0  da14585_symbols.txt ABSOLUTE
    smpc_get_key_sec_prop                    0x07f13e6f   Thumb Code     0  da14585_symbols.txt ABSOLUTE
    smpc_is_sec_mode_reached                 0x07f13f3b   Thumb Code     0  da14585_symbols.txt ABSOLUTE
    smpc_handle_enc_change_evt               0x07f13f65   Thumb Code     0  da14585_symbols.txt ABSOLUTE
    smpc_pdu_recv_func                       0x07f1401f   Thumb Code     0  da14585_symbols.txt ABSOLUTE
    smpc_generate_subkey                     0x07f14089   Thumb Code     0  da14585_symbols.txt ABSOLUTE
    leftshift_onebit                         0x07f140bd   Thumb Code     0  da14585_symbols.txt ABSOLUTE
    padding                                  0x07f140d5   Thumb Code     0  da14585_symbols.txt ABSOLUTE
    smpc_generate_subkey_P2                  0x07f140f9   Thumb Code     0  da14585_symbols.txt ABSOLUTE
    AES_CMAC_block                           0x07f1419d   Thumb Code     0  da14585_symbols.txt ABSOLUTE
    smpc_generate_f4                         0x07f1425d   Thumb Code     0  da14585_symbols.txt ABSOLUTE
    smpc_generate_g2                         0x07f14371   Thumb Code     0  da14585_symbols.txt ABSOLUTE
    smpc_generate_f5                         0x07f1441b   Thumb Code     0  da14585_symbols.txt ABSOLUTE
    smpc_generate_f5_T                       0x07f1442d   Thumb Code     0  da14585_symbols.txt ABSOLUTE
    smpc_generate_f5_P2                      0x07f1449d   Thumb Code     0  da14585_symbols.txt ABSOLUTE
    smpc_generate_f6                         0x07f1466f   Thumb Code     0  da14585_symbols.txt ABSOLUTE
    smpm_send_encrypt_req                    0x07f14809   Thumb Code     0  da14585_symbols.txt ABSOLUTE
    smpm_send_gen_rand_nb_req                0x07f14837   Thumb Code     0  da14585_symbols.txt ABSOLUTE
    smpm_check_addr_type                     0x07f1484d   Thumb Code     0  da14585_symbols.txt ABSOLUTE
    gapc_update_state                        0x07f148b9   Thumb Code     0  da14585_symbols.txt ABSOLUTE
    gapc_get_requester                       0x07f148e9   Thumb Code     0  da14585_symbols.txt ABSOLUTE
    gapc_send_complete_evt                   0x07f14905   Thumb Code     0  da14585_symbols.txt ABSOLUTE
    gapc_init                                0x07f14a2f   Thumb Code     0  da14585_symbols.txt ABSOLUTE
    gapc_con_create                          0x07f14a61   Thumb Code     0  da14585_symbols.txt ABSOLUTE
    gapc_con_create_enh                      0x07f14b1b   Thumb Code     0  da14585_symbols.txt ABSOLUTE
    gapc_con_cleanup                         0x07f14c15   Thumb Code     0  da14585_symbols.txt ABSOLUTE
    gapc_send_disconect_ind                  0x07f14c25   Thumb Code     0  da14585_symbols.txt ABSOLUTE
    gapc_get_conidx                          0x07f14c47   Thumb Code     0  da14585_symbols.txt ABSOLUTE
    gapc_get_conhdl                          0x07f14c81   Thumb Code     0  da14585_symbols.txt ABSOLUTE
    gapc_get_role                            0x07f14c99   Thumb Code     0  da14585_symbols.txt ABSOLUTE
    gapc_get_bdaddr                          0x07f14cb5   Thumb Code     0  da14585_symbols.txt ABSOLUTE
    gapc_get_csrk                            0x07f14cd5   Thumb Code     0  da14585_symbols.txt ABSOLUTE
    gapc_get_sign_counter                    0x07f14cf3   Thumb Code     0  da14585_symbols.txt ABSOLUTE
    gapc_send_error_evt                      0x07f14d11   Thumb Code     0  da14585_symbols.txt ABSOLUTE
    gapc_get_operation                       0x07f14d33   Thumb Code     0  da14585_symbols.txt ABSOLUTE
    gapc_get_operation_ptr                   0x07f14d49   Thumb Code     0  da14585_symbols.txt ABSOLUTE
    gapc_set_operation_ptr                   0x07f14d55   Thumb Code     0  da14585_symbols.txt ABSOLUTE
    gapc_reschedule_operation                0x07f14d61   Thumb Code     0  da14585_symbols.txt ABSOLUTE
    gapc_get_enc_keysize                     0x07f14d91   Thumb Code     0  da14585_symbols.txt ABSOLUTE
    gapc_is_sec_set                          0x07f14da9   Thumb Code     0  da14585_symbols.txt ABSOLUTE
    gapc_set_enc_keysize                     0x07f14e35   Thumb Code     0  da14585_symbols.txt ABSOLUTE
    gapc_link_encrypted                      0x07f14e49   Thumb Code     0  da14585_symbols.txt ABSOLUTE
    gapc_auth_set                            0x07f14e63   Thumb Code     0  da14585_symbols.txt ABSOLUTE
    gapc_svc_chg_ccc_get                     0x07f14e83   Thumb Code     0  da14585_symbols.txt ABSOLUTE
    gapc_svc_chg_ccc_set                     0x07f14e93   Thumb Code     0  da14585_symbols.txt ABSOLUTE
    gapc_check_lecb_sec_perm                 0x07f14ea9   Thumb Code     0  da14585_symbols.txt ABSOLUTE
    gapc_search_lecb_channel                 0x07f14f11   Thumb Code     0  da14585_symbols.txt ABSOLUTE
    gapc_lecnx_check_tx                      0x07f14f4b   Thumb Code     0  da14585_symbols.txt ABSOLUTE
    gapc_lecnx_check_rx                      0x07f14f93   Thumb Code     0  da14585_symbols.txt ABSOLUTE
    gapc_lecnx_get_field                     0x07f14fd7   Thumb Code     0  da14585_symbols.txt ABSOLUTE
    gapc_process_op                          0x07f1504d   Thumb Code     0  da14585_symbols.txt ABSOLUTE
    gapc_param_update_sanity                 0x07f151c7   Thumb Code     0  da14585_symbols.txt ABSOLUTE
    gapc_param_cb_con_sanity                 0x07f151ef   Thumb Code     0  da14585_symbols.txt ABSOLUTE
    l2cc_pdu_recv_ind_handler_func           0x07f156ab   Thumb Code     0  da14585_symbols.txt ABSOLUTE
    gapc_lecb_connect_cfm_handler_func       0x07f16653   Thumb Code     0  da14585_symbols.txt ABSOLUTE
    gapm_init                                0x07f16a27   Thumb Code     0  da14585_symbols.txt ABSOLUTE
    gapm_init_attr                           0x07f16a83   Thumb Code     0  da14585_symbols.txt ABSOLUTE
    gapm_get_operation                       0x07f16aaf   Thumb Code     0  da14585_symbols.txt ABSOLUTE
    gapm_get_requester                       0x07f16ac1   Thumb Code     0  da14585_symbols.txt ABSOLUTE
    gapm_reschedule_operation                0x07f16ad9   Thumb Code     0  da14585_symbols.txt ABSOLUTE
    gapm_send_complete_evt                   0x07f16afb   Thumb Code     0  da14585_symbols.txt ABSOLUTE
    gapm_send_error_evt                      0x07f16b31   Thumb Code     0  da14585_symbols.txt ABSOLUTE
    gapm_con_create                          0x07f16b51   Thumb Code     0  da14585_symbols.txt ABSOLUTE
    gapm_con_enable                          0x07f16bd5   Thumb Code     0  da14585_symbols.txt ABSOLUTE
    gapm_con_cleanup                         0x07f16be1   Thumb Code     0  da14585_symbols.txt ABSOLUTE
    gapm_get_id_from_task                    0x07f16c11   Thumb Code     0  da14585_symbols.txt ABSOLUTE
    gapm_get_task_from_id                    0x07f16c51   Thumb Code     0  da14585_symbols.txt ABSOLUTE
    gapm_is_disc_connection                  0x07f16c8d   Thumb Code     0  da14585_symbols.txt ABSOLUTE
    gapm_adv_sanity                          0x07f17ab9   Thumb Code     0  da14585_symbols.txt ABSOLUTE
    gapm_adv_op_sanity                       0x07f17bad   Thumb Code     0  da14585_symbols.txt ABSOLUTE
    gapm_set_adv_mode                        0x07f17d2b   Thumb Code     0  da14585_symbols.txt ABSOLUTE
    gapm_set_adv_data                        0x07f17d45   Thumb Code     0  da14585_symbols.txt ABSOLUTE
    gapm_execute_adv_op                      0x07f17dd1   Thumb Code     0  da14585_symbols.txt ABSOLUTE
    gapm_scan_op_sanity                      0x07f17ef7   Thumb Code     0  da14585_symbols.txt ABSOLUTE
    gapm_set_scan_mode                       0x07f17fff   Thumb Code     0  da14585_symbols.txt ABSOLUTE
    gapm_execute_scan_op                     0x07f1801d   Thumb Code     0  da14585_symbols.txt ABSOLUTE
    gapm_connect_op_sanity                   0x07f180d7   Thumb Code     0  da14585_symbols.txt ABSOLUTE
    gapm_basic_hci_cmd_send                  0x07f18257   Thumb Code     0  da14585_symbols.txt ABSOLUTE
    gapm_execute_connect_op                  0x07f1826b   Thumb Code     0  da14585_symbols.txt ABSOLUTE
    gapm_get_role                            0x07f1840d   Thumb Code     0  da14585_symbols.txt ABSOLUTE
    gapm_get_ad_type_flag                    0x07f18415   Thumb Code     0  da14585_symbols.txt ABSOLUTE
    gapm_add_to_filter                       0x07f1843b   Thumb Code     0  da14585_symbols.txt ABSOLUTE
    gapm_is_filtered                         0x07f184bb   Thumb Code     0  da14585_symbols.txt ABSOLUTE
    gapm_update_air_op_state                 0x07f1851f   Thumb Code     0  da14585_symbols.txt ABSOLUTE
    gapm_get_irk                             0x07f185e7   Thumb Code     0  da14585_symbols.txt ABSOLUTE
    gapm_get_bdaddr                          0x07f185ed   Thumb Code     0  da14585_symbols.txt ABSOLUTE
    l2cc_pdu_pack_func                       0x07f18609   Thumb Code     0  da14585_symbols.txt ABSOLUTE
    l2cc_pdu_unpack_func                     0x07f18b01   Thumb Code     0  da14585_symbols.txt ABSOLUTE
    l2cc_detect_dest                         0x07f18e03   Thumb Code     0  da14585_symbols.txt ABSOLUTE
    l2c_process_sdu_func                     0x07f18e5f   Thumb Code     0  da14585_symbols.txt ABSOLUTE
    l2c_send_lecb_message_func               0x07f18f77   Thumb Code     0  da14585_symbols.txt ABSOLUTE
    smpc_check_param_func                    0x07f19071   Thumb Code     0  da14585_symbols.txt ABSOLUTE
    smpc_construct_id_addr_info_pdu          0x07f19157   Thumb Code     0  da14585_symbols.txt ABSOLUTE
    smpc_recv_pair_rand_pdu                  0x07f193e3   Thumb Code     0  da14585_symbols.txt ABSOLUTE
    smpc_recv_public_key_exchange_pdu        0x07f19647   Thumb Code     0  da14585_symbols.txt ABSOLUTE
    gapc_hci_handler                         0x07f19c73   Thumb Code     0  da14585_symbols.txt ABSOLUTE
    gapm_hci_handler                         0x07f1a8c1   Thumb Code     0  da14585_symbols.txt ABSOLUTE
    smpc_pairing_start                       0x07f1a951   Thumb Code     0  da14585_symbols.txt ABSOLUTE
    smpc_pairing_tk_exch                     0x07f1a9d7   Thumb Code     0  da14585_symbols.txt ABSOLUTE
    smpc_pairing_ltk_exch                    0x07f1aa95   Thumb Code     0  da14585_symbols.txt ABSOLUTE
    smpc_pairing_csrk_exch                   0x07f1aae9   Thumb Code     0  da14585_symbols.txt ABSOLUTE
    smpc_pairing_rsp                         0x07f1ab3f   Thumb Code     0  da14585_symbols.txt ABSOLUTE
    smpc_pairing_req_handler                 0x07f1ac23   Thumb Code     0  da14585_symbols.txt ABSOLUTE
    smpc_security_req_send                   0x07f1ac5b   Thumb Code     0  da14585_symbols.txt ABSOLUTE
    smpc_encrypt_start                       0x07f1ac85   Thumb Code     0  da14585_symbols.txt ABSOLUTE
    smpc_encrypt_start_handler               0x07f1acab   Thumb Code     0  da14585_symbols.txt ABSOLUTE
    smpc_encrypt_cfm                         0x07f1acdd   Thumb Code     0  da14585_symbols.txt ABSOLUTE
    smpc_sign_command                        0x07f1ad09   Thumb Code     0  da14585_symbols.txt ABSOLUTE
    smpc_sign_cont                           0x07f1ade1   Thumb Code     0  da14585_symbols.txt ABSOLUTE
    smpc_calc_confirm_cont                   0x07f1af87   Thumb Code     0  da14585_symbols.txt ABSOLUTE
    smpc_confirm_gen_rand                    0x07f1b4c9   Thumb Code     0  da14585_symbols.txt ABSOLUTE
    smpc_public_key_exchange_start_func      0x07f1b58f   Thumb Code     0  da14585_symbols.txt ABSOLUTE
    smpc_dhkey_calc_start                    0x07f1b5b3   Thumb Code     0  da14585_symbols.txt ABSOLUTE
    smpc_sec_authentication_start            0x07f1b601   Thumb Code     0  da14585_symbols.txt ABSOLUTE
    smpc_dhkey_calc_ind_func                 0x07f1b62f   Thumb Code     0  da14585_symbols.txt ABSOLUTE
    smpm_gen_rand_addr                       0x07f1b675   Thumb Code     0  da14585_symbols.txt ABSOLUTE
    smpm_resolv_addr                         0x07f1b68d   Thumb Code     0  da14585_symbols.txt ABSOLUTE
    smpm_use_enc_block                       0x07f1b6af   Thumb Code     0  da14585_symbols.txt ABSOLUTE
    smpm_gen_rand_nb                         0x07f1b6b7   Thumb Code     0  da14585_symbols.txt ABSOLUTE
    smpm_ecdh_key_create_func                0x07f1b6bf   Thumb Code     0  da14585_symbols.txt ABSOLUTE
    ke_init                                  0x07f1b6dd   Thumb Code     0  da14585_symbols.txt ABSOLUTE
    ke_flush                                 0x07f1b70f   Thumb Code     0  da14585_symbols.txt ABSOLUTE
    ke_sleep_check                           0x07f1b74f   Thumb Code     0  da14585_symbols.txt ABSOLUTE
    ke_stats_get                             0x07f1b761   Thumb Code     0  da14585_symbols.txt ABSOLUTE
    ke_event_init                            0x07f1b77d   Thumb Code     0  da14585_symbols.txt ABSOLUTE
    ke_event_callback_set                    0x07f1b789   Thumb Code     0  da14585_symbols.txt ABSOLUTE
    ke_event_set                             0x07f1b79d   Thumb Code     0  da14585_symbols.txt ABSOLUTE
    ke_event_clear                           0x07f1b7c9   Thumb Code     0  da14585_symbols.txt ABSOLUTE
    ke_event_get                             0x07f1b7f5   Thumb Code     0  da14585_symbols.txt ABSOLUTE
    ke_event_get_all                         0x07f1b81b   Thumb Code     0  da14585_symbols.txt ABSOLUTE
    ke_event_flush                           0x07f1b821   Thumb Code     0  da14585_symbols.txt ABSOLUTE
    ke_event_schedule                        0x07f1b829   Thumb Code     0  da14585_symbols.txt ABSOLUTE
    ke_mem_init                              0x07f1b879   Thumb Code     0  da14585_symbols.txt ABSOLUTE
    ke_mem_is_empty                          0x07f1b8c5   Thumb Code     0  da14585_symbols.txt ABSOLUTE
    ke_check_malloc                          0x07f1b905   Thumb Code     0  da14585_symbols.txt ABSOLUTE
    ke_malloc                                0x07f1b995   Thumb Code     0  da14585_symbols.txt ABSOLUTE
    ke_free                                  0x07f1ba8b   Thumb Code     0  da14585_symbols.txt ABSOLUTE
    ke_is_free                               0x07f1bb6d   Thumb Code     0  da14585_symbols.txt ABSOLUTE
    ke_get_mem_usage                         0x07f1bb7f   Thumb Code     0  da14585_symbols.txt ABSOLUTE
    ke_get_max_mem_usage                     0x07f1bb8b   Thumb Code     0  da14585_symbols.txt ABSOLUTE
    ke_msg_alloc                             0x07f1bbb1   Thumb Code     0  da14585_symbols.txt ABSOLUTE
    ke_msg_send                              0x07f1bbe3   Thumb Code     0  da14585_symbols.txt ABSOLUTE
    ke_msg_send_basic                        0x07f1bc0f   Thumb Code     0  da14585_symbols.txt ABSOLUTE
    ke_msg_forward                           0x07f1bc1d   Thumb Code     0  da14585_symbols.txt ABSOLUTE
    ke_msg_forward_new_id                    0x07f1bc27   Thumb Code     0  da14585_symbols.txt ABSOLUTE
    ke_msg_free                              0x07f1bc37   Thumb Code     0  da14585_symbols.txt ABSOLUTE
    ke_msg_dest_id_get                       0x07f1bc3f   Thumb Code     0  da14585_symbols.txt ABSOLUTE
    ke_msg_src_id_get                        0x07f1bc45   Thumb Code     0  da14585_symbols.txt ABSOLUTE
    ke_msg_in_queue                          0x07f1bc4b   Thumb Code     0  da14585_symbols.txt ABSOLUTE
    ke_queue_extract                         0x07f1bc5d   Thumb Code     0  da14585_symbols.txt ABSOLUTE
    ke_queue_insert                          0x07f1bcad   Thumb Code     0  da14585_symbols.txt ABSOLUTE
    ke_task_init_func                        0x07f1be3f   Thumb Code     0  da14585_symbols.txt ABSOLUTE
    ke_task_create                           0x07f1be53   Thumb Code     0  da14585_symbols.txt ABSOLUTE
    ke_task_delete                           0x07f1be8b   Thumb Code     0  da14585_symbols.txt ABSOLUTE
    ke_state_set                             0x07f1beb7   Thumb Code     0  da14585_symbols.txt ABSOLUTE
    ke_state_get                             0x07f1bf1b   Thumb Code     0  da14585_symbols.txt ABSOLUTE
    ke_msg_discard                           0x07f1bf39   Thumb Code     0  da14585_symbols.txt ABSOLUTE
    ke_msg_save                              0x07f1bf3d   Thumb Code     0  da14585_symbols.txt ABSOLUTE
    ke_task_msg_flush                        0x07f1bf41   Thumb Code     0  da14585_symbols.txt ABSOLUTE
    ke_timer_init_func                       0x07f1c049   Thumb Code     0  da14585_symbols.txt ABSOLUTE
    ke_timer_set                             0x07f1c055   Thumb Code     0  da14585_symbols.txt ABSOLUTE
    ke_timer_clear                           0x07f1c0e9   Thumb Code     0  da14585_symbols.txt ABSOLUTE
    ke_timer_active                          0x07f1c13f   Thumb Code     0  da14585_symbols.txt ABSOLUTE
    ke_timer_sleep_check                     0x07f1c165   Thumb Code     0  da14585_symbols.txt ABSOLUTE
    rwble_hl_reset                           0x07f1c28b   Thumb Code     0  da14585_symbols.txt ABSOLUTE
    rwble_hl_send_message                    0x07f1c2ad   Thumb Code     0  da14585_symbols.txt ABSOLUTE
    rwip_check_wakeup_boundary               0x07f1c2b1   Thumb Code     0  da14585_symbols.txt ABSOLUTE
    rwip_init                                0x07f1c2d7   Thumb Code     0  da14585_symbols.txt ABSOLUTE
    rwip_reset                               0x07f1c39b   Thumb Code     0  da14585_symbols.txt ABSOLUTE
    rwip_version                             0x07f1c3d3   Thumb Code     0  da14585_symbols.txt ABSOLUTE
    rwip_schedule                            0x07f1c3db   Thumb Code     0  da14585_symbols.txt ABSOLUTE
    rwip_prevent_sleep_set                   0x07f1c47f   Thumb Code     0  da14585_symbols.txt ABSOLUTE
    rwip_wakeup                              0x07f1c4a1   Thumb Code     0  da14585_symbols.txt ABSOLUTE
    rwip_prevent_sleep_clear                 0x07f1c4b7   Thumb Code     0  da14585_symbols.txt ABSOLUTE
    rwip_wakeup_end                          0x07f1c4d9   Thumb Code     0  da14585_symbols.txt ABSOLUTE
    rwip_wakeup_delay_set                    0x07f1c4f5   Thumb Code     0  da14585_symbols.txt ABSOLUTE
    rwip_sleep_enable                        0x07f1c503   Thumb Code     0  da14585_symbols.txt ABSOLUTE
    rwip_ext_wakeup_enable                   0x07f1c509   Thumb Code     0  da14585_symbols.txt ABSOLUTE
    rwble_init                               0x07f1c52d   Thumb Code     0  da14585_symbols.txt ABSOLUTE
    rwble_reset                              0x07f1c593   Thumb Code     0  da14585_symbols.txt ABSOLUTE
    rwble_version                            0x07f1c5c7   Thumb Code     0  da14585_symbols.txt ABSOLUTE
    rwble_send_message                       0x07f1c5f3   Thumb Code     0  da14585_symbols.txt ABSOLUTE
    YieldToScheduler                         0x07f1c6d9   Thumb Code     0  da14585_symbols.txt ABSOLUTE
    xorshift64star                           0x07f1c6e1   Thumb Code     0  da14585_symbols.txt ABSOLUTE
    uECC_set_rng                             0x07f1c747   Thumb Code     0  da14585_symbols.txt ABSOLUTE
    uECC_get_rng                             0x07f1c74d   Thumb Code     0  da14585_symbols.txt ABSOLUTE
    uECC_curve_private_key_size              0x07f1c753   Thumb Code     0  da14585_symbols.txt ABSOLUTE
    uECC_curve_public_key_size               0x07f1c763   Thumb Code     0  da14585_symbols.txt ABSOLUTE
    uECC_vli_clear                           0x07f1c76b   Thumb Code     0  da14585_symbols.txt ABSOLUTE
    uECC_vli_isZero                          0x07f1c781   Thumb Code     0  da14585_symbols.txt ABSOLUTE
    uECC_vli_testBit                         0x07f1c7a3   Thumb Code     0  da14585_symbols.txt ABSOLUTE
    uECC_vli_numBits                         0x07f1c7b5   Thumb Code     0  da14585_symbols.txt ABSOLUTE
    uECC_vli_set                             0x07f1c7ef   Thumb Code     0  da14585_symbols.txt ABSOLUTE
    uECC_vli_equal                           0x07f1c82d   Thumb Code     0  da14585_symbols.txt ABSOLUTE
    uECC_vli_cmp                             0x07f1c851   Thumb Code     0  da14585_symbols.txt ABSOLUTE
    uECC_vli_rshift1                         0x07f1c887   Thumb Code     0  da14585_symbols.txt ABSOLUTE
    uECC_vli_square                          0x07f1c8a5   Thumb Code     0  da14585_symbols.txt ABSOLUTE
    uECC_vli_modAdd                          0x07f1c8b1   Thumb Code     0  da14585_symbols.txt ABSOLUTE
    uECC_vli_modSub                          0x07f1c8df   Thumb Code     0  da14585_symbols.txt ABSOLUTE
    uECC_vli_mmod                            0x07f1c8ff   Thumb Code     0  da14585_symbols.txt ABSOLUTE
    uECC_vli_modMult                         0x07f1ca09   Thumb Code     0  da14585_symbols.txt ABSOLUTE
    uECC_vli_modMult_fast                    0x07f1ca2b   Thumb Code     0  da14585_symbols.txt ABSOLUTE
    uECC_vli_modSquare                       0x07f1ca4b   Thumb Code     0  da14585_symbols.txt ABSOLUTE
    uECC_vli_modSquare_fast                  0x07f1ca59   Thumb Code     0  da14585_symbols.txt ABSOLUTE
    uECC_vli_modInv                          0x07f1ca99   Thumb Code     0  da14585_symbols.txt ABSOLUTE
    uECC_secp256r1                           0x07f1cdd5   Thumb Code     0  da14585_symbols.txt ABSOLUTE
    uECC_vli_nativeToBytes                   0x07f1d3d3   Thumb Code     0  da14585_symbols.txt ABSOLUTE
    uECC_vli_bytesToNative                   0x07f1d3f5   Thumb Code     0  da14585_symbols.txt ABSOLUTE
    uECC_generate_random_int                 0x07f1d433   Thumb Code     0  da14585_symbols.txt ABSOLUTE
    uECC_make_key                            0x07f1d495   Thumb Code     0  da14585_symbols.txt ABSOLUTE
    uECC_shared_secret                       0x07f1d513   Thumb Code     0  da14585_symbols.txt ABSOLUTE
    uECC_compress                            0x07f1d5cf   Thumb Code     0  da14585_symbols.txt ABSOLUTE
    uECC_decompress                          0x07f1d5fd   Thumb Code     0  da14585_symbols.txt ABSOLUTE
    uECC_valid_point                         0x07f1d66d   Thumb Code     0  da14585_symbols.txt ABSOLUTE
    uECC_valid_public_key                    0x07f1d6cf   Thumb Code     0  da14585_symbols.txt ABSOLUTE
    uECC_compute_public_key                  0x07f1d703   Thumb Code     0  da14585_symbols.txt ABSOLUTE
    uECC_sign                                0x07f1d989   Thumb Code     0  da14585_symbols.txt ABSOLUTE
    uECC_sign_deterministic                  0x07f1da6f   Thumb Code     0  da14585_symbols.txt ABSOLUTE
    uECC_verify                              0x07f1dbdd   Thumb Code     0  da14585_symbols.txt ABSOLUTE
    uECC_curve_num_words                     0x07f1de89   Thumb Code     0  da14585_symbols.txt ABSOLUTE
    uECC_curve_num_bytes                     0x07f1de91   Thumb Code     0  da14585_symbols.txt ABSOLUTE
    uECC_curve_num_bits                      0x07f1de99   Thumb Code     0  da14585_symbols.txt ABSOLUTE
    uECC_curve_num_n_words                   0x07f1dea1   Thumb Code     0  da14585_symbols.txt ABSOLUTE
    uECC_curve_num_n_bytes                   0x07f1deb1   Thumb Code     0  da14585_symbols.txt ABSOLUTE
    uECC_curve_num_n_bits                    0x07f1dec1   Thumb Code     0  da14585_symbols.txt ABSOLUTE
    uECC_curve_p                             0x07f1dec9   Thumb Code     0  da14585_symbols.txt ABSOLUTE
    uECC_curve_n                             0x07f1decd   Thumb Code     0  da14585_symbols.txt ABSOLUTE
    uECC_curve_G                             0x07f1ded1   Thumb Code     0  da14585_symbols.txt ABSOLUTE
    uECC_curve_b                             0x07f1ded5   Thumb Code     0  da14585_symbols.txt ABSOLUTE
    uECC_vli_mod_sqrt                        0x07f1ded9   Thumb Code     0  da14585_symbols.txt ABSOLUTE
    uECC_vli_mmod_fast                       0x07f1dedf   Thumb Code     0  da14585_symbols.txt ABSOLUTE
    uECC_point_mult                          0x07f1dee5   Thumb Code     0  da14585_symbols.txt ABSOLUTE
    __aeabi_uidiv                            0x07f1dfb9   Thumb Code     0  da14585_symbols.txt ABSOLUTE
    __aeabi_uidivmod                         0x07f1dfb9   Thumb Code     0  da14585_symbols.txt ABSOLUTE
    __aeabi_idiv                             0x07f1dfe5   Thumb Code     0  da14585_symbols.txt ABSOLUTE
    __aeabi_idivmod                          0x07f1dfe5   Thumb Code     0  da14585_symbols.txt ABSOLUTE
    __aeabi_lmul                             0x07f1e00d   Thumb Code     0  da14585_symbols.txt ABSOLUTE
    _ll_mul                                  0x07f1e00d   Thumb Code     0  da14585_symbols.txt ABSOLUTE
    rand                                     0x07f1e089   Thumb Code     0  da14585_symbols.txt ABSOLUTE
    srand                                    0x07f1e09b   Thumb Code     0  da14585_symbols.txt ABSOLUTE
    __aeabi_memcpy                           0x07f1e0ad   Thumb Code     0  da14585_symbols.txt ABSOLUTE
    __aeabi_memcpy4                          0x07f1e0ad   Thumb Code     0  da14585_symbols.txt ABSOLUTE
    __aeabi_memcpy8                          0x07f1e0ad   Thumb Code     0  da14585_symbols.txt ABSOLUTE
    __aeabi_memset                           0x07f1e0d1   Thumb Code     0  da14585_symbols.txt ABSOLUTE
    __aeabi_memset4                          0x07f1e0d1   Thumb Code     0  da14585_symbols.txt ABSOLUTE
    __aeabi_memset8                          0x07f1e0d1   Thumb Code     0  da14585_symbols.txt ABSOLUTE
    __aeabi_memclr                           0x07f1e0df   Thumb Code     0  da14585_symbols.txt ABSOLUTE
    __aeabi_memclr4                          0x07f1e0df   Thumb Code     0  da14585_symbols.txt ABSOLUTE
    __aeabi_memclr8                          0x07f1e0df   Thumb Code     0  da14585_symbols.txt ABSOLUTE
    _memset$wrapper                          0x07f1e0e3   Thumb Code     0  da14585_symbols.txt ABSOLUTE
    memcmp                                   0x07f1e0f5   Thumb Code     0  da14585_symbols.txt ABSOLUTE
    __aeabi_uread4                           0x07f1e10f   Thumb Code     0  da14585_symbols.txt ABSOLUTE
    __rt_uread4                              0x07f1e10f   Thumb Code     0  da14585_symbols.txt ABSOLUTE
    _uread4                                  0x07f1e10f   Thumb Code     0  da14585_symbols.txt ABSOLUTE
    __aeabi_uwrite4                          0x07f1e123   Thumb Code     0  da14585_symbols.txt ABSOLUTE
    __rt_uwrite4                             0x07f1e123   Thumb Code     0  da14585_symbols.txt ABSOLUTE
    _uwrite4                                 0x07f1e123   Thumb Code     0  da14585_symbols.txt ABSOLUTE
    __aeabi_llsl                             0x07f1e135   Thumb Code     0  da14585_symbols.txt ABSOLUTE
    _ll_shift_l                              0x07f1e135   Thumb Code     0  da14585_symbols.txt ABSOLUTE
    __ARM_common_switch8                     0x07f1e155   Thumb Code     0  da14585_symbols.txt ABSOLUTE
    uart_api                                 0x07f1e170   Data           0  da14585_symbols.txt ABSOLUTE
    co_sca2ppm                               0x07f1e180   Data           0  da14585_symbols.txt ABSOLUTE
    co_null_bdaddr                           0x07f1e190   Data           0  da14585_symbols.txt ABSOLUTE
    co_default_bdaddr                        0x07f1e196   Data           0  da14585_symbols.txt ABSOLUTE
    llc_state_handler                        0x07f1e41c   Data           0  da14585_symbols.txt ABSOLUTE
    llc_default_handler                      0x07f1e4ec   Data           0  da14585_symbols.txt ABSOLUTE
    llm_dflt_bdaddr                          0x07f1e504   Data           0  da14585_symbols.txt ABSOLUTE
    llm_local_cmds                           0x07f1e51c   Data           0  da14585_symbols.txt ABSOLUTE
    llm_local_le_feats                       0x07f1e55c   Data           0  da14585_symbols.txt ABSOLUTE
    llm_local_le_states                      0x07f1e564   Data           0  da14585_symbols.txt ABSOLUTE
    llm_state_handler                        0x07f1e74c   Data           0  da14585_symbols.txt ABSOLUTE
    llm_default_handler                      0x07f1e77c   Data           0  da14585_symbols.txt ABSOLUTE
    LLM_AA_CT1                               0x07f1e784   Data           0  da14585_symbols.txt ABSOLUTE
    LLM_AA_CT2                               0x07f1e787   Data           0  da14585_symbols.txt ABSOLUTE
    ecc_p256_G                               0x07f1e789   Data           0  da14585_symbols.txt ABSOLUTE
    gtl_default_state                        0x07f1e7dc   Data           0  da14585_symbols.txt ABSOLUTE
    gtl_default_handler                      0x07f1e7e4   Data           0  da14585_symbols.txt ABSOLUTE
    hci_cmd_desc_tab_lk_ctrl                 0x07f1e7f0   Data           0  da14585_symbols.txt ABSOLUTE
    hci_cmd_desc_tab_ctrl_bb                 0x07f1e814   Data           0  da14585_symbols.txt ABSOLUTE
    hci_cmd_desc_tab_info_par                0x07f1e88c   Data           0  da14585_symbols.txt ABSOLUTE
    hci_cmd_desc_tab_stat_par                0x07f1e8c8   Data           0  da14585_symbols.txt ABSOLUTE
    hci_cmd_desc_tab_le                      0x07f1e8d4   Data           0  da14585_symbols.txt ABSOLUTE
    hci_cmd_desc_tab_vs                      0x07f1eb14   Data           0  da14585_symbols.txt ABSOLUTE
    rom_hci_cmd_desc_root_tab                0x07f1ec58   Data           0  da14585_symbols.txt ABSOLUTE
    hci_evt_desc_tab                         0x07f1ec88   Data           0  da14585_symbols.txt ABSOLUTE
    hci_evt_le_desc_tab                      0x07f1ecd0   Data           0  da14585_symbols.txt ABSOLUTE
    attc_handlers                            0x07f1ed40   Data           0  da14585_symbols.txt ABSOLUTE
    atts_handlers                            0x07f1edb0   Data           0  da14585_symbols.txt ABSOLUTE
    gattc_default_state                      0x07f1ee30   Data           0  da14585_symbols.txt ABSOLUTE
    gattc_default_handler                    0x07f1ef10   Data           0  da14585_symbols.txt ABSOLUTE
    gattm_default_state                      0x07f1ef5c   Data           0  da14585_symbols.txt ABSOLUTE
    gattm_default_handler                    0x07f1efb4   Data           0  da14585_symbols.txt ABSOLUTE
    l2cc_default_state                       0x07f1efcc   Data           0  da14585_symbols.txt ABSOLUTE
    l2cc_default_handler                     0x07f1efe4   Data           0  da14585_symbols.txt ABSOLUTE
    const_Rb                                 0x07f1f005   Data           0  da14585_symbols.txt ABSOLUTE
    const_Zero                               0x07f1f015   Data           0  da14585_symbols.txt ABSOLUTE
    gapc_default_state                       0x07f1f038   Data           0  da14585_symbols.txt ABSOLUTE
    gapc_default_handler                     0x07f1f188   Data           0  da14585_symbols.txt ABSOLUTE
    gapm_default_state                       0x07f1f224   Data           0  da14585_symbols.txt ABSOLUTE
    gapm_default_handler                     0x07f1f30c   Data           0  da14585_symbols.txt ABSOLUTE
    l2cc_connor_pkt_format                   0x07f1f314   Data           0  da14585_symbols.txt ABSOLUTE
    l2cc_signaling_pkt_format                0x07f1f31c   Data           0  da14585_symbols.txt ABSOLUTE
    l2cc_security_pkt_format                 0x07f1f378   Data           0  da14585_symbols.txt ABSOLUTE
    l2cc_attribute_pkt_format                0x07f1f3b4   Data           0  da14585_symbols.txt ABSOLUTE
    smpc_construct_pdu                       0x07f1f430   Data           0  da14585_symbols.txt ABSOLUTE
    __Vectors                                0x07fc0000   Data           4  startup_da14585_586.o(RESET)
    __Vectors_End                            0x07fc00a0   Data           0  startup_da14585_586.o(RESET)
    Image$$ER_IROM3$$Base                    0x07fc0510   Number         0  anon$$obj.o ABSOLUTE
    __main                                   0x07fc0511   Thumb Code     0  entry.o(.ARM.Collect$$$$00000000)
    _main_stk                                0x07fc0511   Thumb Code     0  entry2.o(.ARM.Collect$$$$00000001)
    _main_scatterload                        0x07fc0515   Thumb Code     0  entry5.o(.ARM.Collect$$$$00000004)
    __main_after_scatterload                 0x07fc0519   Thumb Code     0  entry5.o(.ARM.Collect$$$$00000004)
    _main_clock                              0x07fc0519   Thumb Code     0  entry7b.o(.ARM.Collect$$$$00000008)
    _main_cpp_init                           0x07fc0519   Thumb Code     0  entry8b.o(.ARM.Collect$$$$0000000A)
    _main_init                               0x07fc0519   Thumb Code     0  entry9a.o(.ARM.Collect$$$$0000000B)
    __rt_final_cpp                           0x07fc0521   Thumb Code     0  entry10a.o(.ARM.Collect$$$$0000000D)
    __rt_final_exit                          0x07fc0521   Thumb Code     0  entry11a.o(.ARM.Collect$$$$0000000F)
    Reset_Handler                            0x07fc0525   Thumb Code     8  startup_da14585_586.o(.text)
    SVC_Handler                              0x07fc055d   Thumb Code     2  startup_da14585_586.o(.text)
    PendSV_Handler                           0x07fc055f   Thumb Code     2  startup_da14585_586.o(.text)
    BLE_RF_DIAG_Handler                      0x07fc0563   Thumb Code     0  startup_da14585_586.o(.text)
    DMA_Handler                              0x07fc0563   Thumb Code     0  startup_da14585_586.o(.text)
    KEYBRD_Handler                           0x07fc0563   Thumb Code     0  startup_da14585_586.o(.text)
    PCM_Handler                              0x07fc0563   Thumb Code     0  startup_da14585_586.o(.text)
    RESERVED21_Handler                       0x07fc0563   Thumb Code     0  startup_da14585_586.o(.text)
    RESERVED22_Handler                       0x07fc0563   Thumb Code     0  startup_da14585_586.o(.text)
    RESERVED23_Handler                       0x07fc0563   Thumb Code     0  startup_da14585_586.o(.text)
    RFCAL_Handler                            0x07fc0563   Thumb Code     0  startup_da14585_586.o(.text)
    SPI_Handler                              0x07fc0563   Thumb Code     0  startup_da14585_586.o(.text)
    SRCIN_Handler                            0x07fc0563   Thumb Code     0  startup_da14585_586.o(.text)
    SRCOUT_Handler                           0x07fc0563   Thumb Code     0  startup_da14585_586.o(.text)
    SWTIM_Handler                            0x07fc0563   Thumb Code     0  startup_da14585_586.o(.text)
    PATCHED_atts_mtu_exc_req                 0x07fc0575   Thumb Code    52  patch.o(.text)
    PATCHED_smpc_is_sec_mode_reached         0x07fc05a9   Thumb Code    66  patch.o(.text)
    PATCHED_smpc_check_key_distrib           0x07fc05eb   Thumb Code    74  patch.o(.text)
    PATCHED_llcp_length_req_handler          0x07fc0635   Thumb Code   120  patch.o(.text)
    PATCHED_llcp_length_rsp_handler          0x07fc06ad   Thumb Code   136  patch.o(.text)
    JT_llc_le_length_effective_func          0x07fc0735   Thumb Code   182  patch.o(.text)
    PATCHED_smpc_construct_id_addr_info_pdu  0x07fc07eb   Thumb Code    48  patch.o(.text)
    PATCHED_llc_util_gen_skdx                0x07fc081b   Thumb Code    20  patch.o(.text)
    PATCHED_llm_adv_report_set               0x07fc082f   Thumb Code   142  patch.o(.text)
    PATCHED_lld_evt_move_to_master           0x07fc08bd   Thumb Code   360  patch.o(.text)
    PATCHED_gapm_adv_sanity                  0x07fc0a25   Thumb Code   244  patch.o(.text)
    PATCHED_gapm_get_ad_type_flag            0x07fc0b19   Thumb Code    38  patch.o(.text)
    PK_PointMult_func                        0x07fc0b3f   Thumb Code   246  patch.o(.text)
    llm_create_p256_key_func                 0x07fc0c35   Thumb Code    70  patch.o(.text)
    llm_p256_req_handler_func                0x07fc0c7b   Thumb Code   290  patch.o(.text)
    PATCHED_hci_command_handler              0x07fc0deb   Thumb Code   110  patch.o(.text)
    JT_l2cc_pdu_unpack_func                  0x07fc11d9   Thumb Code   812  patch.o(.text)
    JT_l2cc_pdu_recv_ind_handler_func        0x07fc1505   Thumb Code    70  patch.o(.text)
    PATCHED_llc_ch_map_req_ind               0x07fc154b   Thumb Code   110  patch.o(.text)
    PATCHED_smpc_recv_public_key_exchange_pdu 0x07fc16eb   Thumb Code   106  patch.o(.text)
    PATCHED_llm_con_req_ind                  0x07fc17e7   Thumb Code   624  patch.o(.text)
    patch_func                               0x07fc1a57   Thumb Code    48  patch.o(.text)
    patch_global_vars_init                   0x07fc1a87   Thumb Code     2  patch.o(.text)
    rf_calibration_585                       0x07fc1ab9   Thumb Code    84  rf_calibration.o(.text)
    enable_rf_diag_irq                       0x07fc1b0d   Thumb Code   112  rf_calibration.o(.text)
    set_gauss_modgain                        0x07fc1b7d   Thumb Code    54  rf_calibration.o(.text)
    PATCHED_smpc_dhkey_calc_start            0x07fc1bcd   Thumb Code   136  smpc_util.o(.text)
    JT_llm_p256_start_func                   0x07fc1c55   Thumb Code    82  smpc_util.o(.text)
    __aeabi_uldivmod                         0x07fc1cb5   Thumb Code    96  uldiv.o(.text)
    __scatterload                            0x07fc1d15   Thumb Code    28  init.o(.text)
    __scatterload_rt2                        0x07fc1d15   Thumb Code     0  init.o(.text)
    __aeabi_llsr                             0x07fc1d39   Thumb Code    34  llushr.o(.text)
    _ll_ushift_r                             0x07fc1d39   Thumb Code     0  llushr.o(.text)
    ADC_Handler                              0x07fc1d5d   Thumb Code     8  lto-llvm-8ef5f6.o(.text.ADC_Handler)
    BLE_WAKEUP_LP_Handler                    0x07fc1d69   Thumb Code   360  lto-llvm-8ef5f6.o(.text.BLE_WAKEUP_LP_Handler)
    GPIO0_Handler                            0x07fc215d   Thumb Code    10  lto-llvm-8ef5f6.o(.text.GPIO0_Handler)
    GPIO1_Handler                            0x07fc2167   Thumb Code    10  lto-llvm-8ef5f6.o(.text.GPIO1_Handler)
    GPIO2_Handler                            0x07fc2171   Thumb Code    10  lto-llvm-8ef5f6.o(.text.GPIO2_Handler)
    GPIO3_Handler                            0x07fc217b   Thumb Code    10  lto-llvm-8ef5f6.o(.text.GPIO3_Handler)
    GPIO4_Handler                            0x07fc2185   Thumb Code    10  lto-llvm-8ef5f6.o(.text.GPIO4_Handler)
    HardFault_HandlerC                       0x07fc221d   Thumb Code    16  lto-llvm-8ef5f6.o(.text.HardFault_HandlerC)
    I2C_Handler                              0x07fc2235   Thumb Code    12  lto-llvm-8ef5f6.o(.text.I2C_Handler)
    NMI_HandlerC                             0x07fc2321   Thumb Code    48  lto-llvm-8ef5f6.o(.text.NMI_HandlerC)
    SysTick_Handler                          0x07fc244d   Thumb Code     2  lto-llvm-8ef5f6.o(.text.SysTick_Handler)
    UART2_Handler                            0x07fc2451   Thumb Code   140  lto-llvm-8ef5f6.o(.text.UART2_Handler)
    WKUP_QUADEC_Handler                      0x07fc24e5   Thumb Code    88  lto-llvm-8ef5f6.o(.text.WKUP_QUADEC_Handler)
    main                                     0x07fc5b49   Thumb Code  2536  lto-llvm-8ef5f6.o(.text.main)
    rwble_isr                                0x07fc6ba1   Thumb Code   228  lto-llvm-8ef5f6.o(.text.rwble_isr)
    __0sprintf$8                             0x07fc8171   Thumb Code    36  printf8.o(i.__0sprintf$8)
    __1sprintf$8                             0x07fc8171   Thumb Code     0  printf8.o(i.__0sprintf$8)
    __2sprintf                               0x07fc8171   Thumb Code     0  printf8.o(i.__0sprintf$8)
    __scatterload_copy                       0x07fc8199   Thumb Code    14  handlers.o(i.__scatterload_copy)
    __scatterload_null                       0x07fc81a7   Thumb Code     2  handlers.o(i.__scatterload_null)
    __scatterload_zeroinit                   0x07fc81a9   Thumb Code    14  handlers.o(i.__scatterload_zeroinit)
    SystemInit                               0x07fc8639   Thumb Code    56  lto-llvm-8ef5f6.o(system_DA14xxx)
    Region$$Table$$Base                      0x07fcd840   Number         0  anon$$obj.o(Region$$Table)
    Region$$Table$$Limit                     0x07fcd870   Number         0  anon$$obj.o(Region$$Table)
    __initial_sp                             0x07fcdff8   Data           0  startup_da14585_586.o(STACK)
    ble_wakeup_executed                      0x07fd7600   Data           0  da14585_symbols.txt ABSOLUTE
    rf_in_sleep                              0x07fd7601   Data           0  da14585_symbols.txt ABSOLUTE
    custom_preinit                           0x07fd7604   Data           0  da14585_symbols.txt ABSOLUTE
    custom_postinit                          0x07fd7608   Data           0  da14585_symbols.txt ABSOLUTE
    custom_appinit                           0x07fd760c   Data           0  da14585_symbols.txt ABSOLUTE
    custom_preloop                           0x07fd7610   Data           0  da14585_symbols.txt ABSOLUTE
    custom_preschedule                       0x07fd7614   Data           0  da14585_symbols.txt ABSOLUTE
    custom_postschedule                      0x07fd7618   Data           0  da14585_symbols.txt ABSOLUTE
    custom_postschedule_async                0x07fd761c   Data           0  da14585_symbols.txt ABSOLUTE
    custom_presleepcheck                     0x07fd7620   Data           0  da14585_symbols.txt ABSOLUTE
    custom_appsleepset                       0x07fd7624   Data           0  da14585_symbols.txt ABSOLUTE
    custom_postsleepcheck                    0x07fd7628   Data           0  da14585_symbols.txt ABSOLUTE
    custom_presleepenter                     0x07fd762c   Data           0  da14585_symbols.txt ABSOLUTE
    custom_postsleepexit                     0x07fd7630   Data           0  da14585_symbols.txt ABSOLUTE
    custom_prewakeup                         0x07fd7634   Data           0  da14585_symbols.txt ABSOLUTE
    custom_postwakeup                        0x07fd7638   Data           0  da14585_symbols.txt ABSOLUTE
    custom_preidlecheck                      0x07fd763c   Data           0  da14585_symbols.txt ABSOLUTE
    custom_pti_set                           0x07fd7640   Data           0  da14585_symbols.txt ABSOLUTE
    REG_BLE_EM_TX_BUFFER_SIZE                0x07fd7644   Data           0  da14585_symbols.txt ABSOLUTE
    REG_BLE_EM_RX_BUFFER_SIZE                0x07fd7648   Data           0  da14585_symbols.txt ABSOLUTE
    _ble_base                                0x07fd764c   Data           0  da14585_symbols.txt ABSOLUTE
    gap_cfg_user                             0x07fd7650   Data           0  da14585_symbols.txt ABSOLUTE
    rom_func_addr_table                      0x07fd7654   Data           0  da14585_symbols.txt ABSOLUTE
    rom_cfg_table                            0x07fd7658   Data           0  da14585_symbols.txt ABSOLUTE
    BLE_TX_DESC_DATA_USER                    0x07fd765c   Data           0  da14585_symbols.txt ABSOLUTE
    BLE_TX_DESC_CNTL_USER                    0x07fd7660   Data           0  da14585_symbols.txt ABSOLUTE
    LLM_LE_ADV_DUMMY_IDX                     0x07fd7664   Data           0  da14585_symbols.txt ABSOLUTE
    LLM_LE_SCAN_CON_REQ_ADV_DIR_IDX          0x07fd7668   Data           0  da14585_symbols.txt ABSOLUTE
    LLM_LE_SCAN_RSP_IDX                      0x07fd766c   Data           0  da14585_symbols.txt ABSOLUTE
    LLM_LE_ADV_IDX                           0x07fd7670   Data           0  da14585_symbols.txt ABSOLUTE
    length_exchange_needed                   0x07fd7674   Data           0  da14585_symbols.txt ABSOLUTE
    enh_con_cmp_cnt                          0x07fd7678   Data           0  da14585_symbols.txt ABSOLUTE
    rx_pkt_cnt                               0x07fd7680   Data           0  da14585_symbols.txt ABSOLUTE
    rx_pkt_cnt_bad                           0x07fd7684   Data           0  da14585_symbols.txt ABSOLUTE
    rx_pkt_cnt_bad_adv                       0x07fd7688   Data           0  da14585_symbols.txt ABSOLUTE
    rx_pkt_cnt_bad_scn                       0x07fd768c   Data           0  da14585_symbols.txt ABSOLUTE
    rx_pkt_cnt_bad_oth                       0x07fd7690   Data           0  da14585_symbols.txt ABSOLUTE
    rx_pkt_cnt_bad_wo_sync_err               0x07fd7694   Data           0  da14585_symbols.txt ABSOLUTE
    rx_pkt_cnt_bad_con                       0x07fd7698   Data           0  da14585_symbols.txt ABSOLUTE
    connect_req_cnt                          0x07fd769c   Data           0  da14585_symbols.txt ABSOLUTE
    last_status                              0x07fd76a0   Data           0  da14585_symbols.txt ABSOLUTE
    llc_state                                0x07fd76a4   Data           0  da14585_symbols.txt ABSOLUTE
    lld_sleep_env                            0x07fd76ac   Data           0  da14585_symbols.txt ABSOLUTE
    lld_wlcoex_enable                        0x07fd76b0   Data           0  da14585_symbols.txt ABSOLUTE
    ble_duplicate_filter_max                 0x07fd76b4   Data           0  da14585_symbols.txt ABSOLUTE
    ble_duplicate_filter_found               0x07fd76b5   Data           0  da14585_symbols.txt ABSOLUTE
    alter_conn_adv_all_cnt                   0x07fd76b8   Data           0  da14585_symbols.txt ABSOLUTE
    alter_conn_adv_dir_cnt                   0x07fd76bc   Data           0  da14585_symbols.txt ABSOLUTE
    alter_conn_adv_cnt                       0x07fd76c0   Data           0  da14585_symbols.txt ABSOLUTE
    create_conn_cnt                          0x07fd76c4   Data           0  da14585_symbols.txt ABSOLUTE
    alter_conn_cnt                           0x07fd76c8   Data           0  da14585_symbols.txt ABSOLUTE
    alter_conn_restart_cnt                   0x07fd76cc   Data           0  da14585_symbols.txt ABSOLUTE
    alter_conn_peer_addr                     0x07fd76d0   Data           0  da14585_symbols.txt ABSOLUTE
    alter_conn_local_addr                    0x07fd76d6   Data           0  da14585_symbols.txt ABSOLUTE
    set_adv_data_discard_old                 0x07fd76dc   Data           0  da14585_symbols.txt ABSOLUTE
    llm_resolving_list_max                   0x07fd76dd   Data           0  da14585_symbols.txt ABSOLUTE
    llm_bt_env                               0x07fd76de   Data           0  da14585_symbols.txt ABSOLUTE
    init_tx_cnt_cntl_cnt1                    0x07fd76e8   Data           0  da14585_symbols.txt ABSOLUTE
    init_tx_cnt_cntl_cnt                     0x07fd76ec   Data           0  da14585_symbols.txt ABSOLUTE
    tx_cnt_cntl_cnt                          0x07fd76f0   Data           0  da14585_symbols.txt ABSOLUTE
    llm_state                                0x07fd76f4   Data           0  da14585_symbols.txt ABSOLUTE
    gtl_state                                0x07fd76f8   Data           0  da14585_symbols.txt ABSOLUTE
    use_h4tl                                 0x07fd76f9   Data           0  da14585_symbols.txt ABSOLUTE
    hci_cmd_desc_root_tab                    0x07fd76fc   Data           0  da14585_symbols.txt ABSOLUTE
    gattc_state                              0x07fd772c   Data           0  da14585_symbols.txt ABSOLUTE
    gattm_state                              0x07fd7734   Data           0  da14585_symbols.txt ABSOLUTE
    l2cc_state                               0x07fd7735   Data           0  da14585_symbols.txt ABSOLUTE
    l2cm_env                                 0x07fd773e   Data           0  da14585_symbols.txt ABSOLUTE
    gapc_state                               0x07fd7744   Data           0  da14585_symbols.txt ABSOLUTE
    gapm_state                               0x07fd774c   Data           0  da14585_symbols.txt ABSOLUTE
    ecdh_key_creation_in_progress            0x07fd7750   Data           0  da14585_symbols.txt ABSOLUTE
    ke_free_bad                              0x07fd7754   Data           0  da14585_symbols.txt ABSOLUTE
    rwip_env                                 0x07fd7758   Data           0  da14585_symbols.txt ABSOLUTE
    ble_reg_save                             0x07fd7764   Data           0  da14585_symbols.txt ABSOLUTE
    sleep_env                                0x07fd77b4   Data           0  da14585_symbols.txt ABSOLUTE
    uart_env                                 0x07fd77b8   Data           0  da14585_symbols.txt ABSOLUTE
    ke_mem_heaps_used                        0x07fd77dc   Data           0  da14585_symbols.txt ABSOLUTE
    co_buf_env                               0x07fd77e0   Data           0  da14585_symbols.txt ABSOLUTE
    llc_env                                  0x07fd7918   Data           0  da14585_symbols.txt ABSOLUTE
    lld_evt_env                              0x07fd7938   Data           0  da14585_symbols.txt ABSOLUTE
    llm_le_env                               0x07fd7964   Data           0  da14585_symbols.txt ABSOLUTE
    llm_resolving_list                       0x07fd7a60   Data           0  da14585_symbols.txt ABSOLUTE
    ea_env                                   0x07fd7cb8   Data           0  da14585_symbols.txt ABSOLUTE
    gtl_env                                  0x07fd7cf8   Data           0  da14585_symbols.txt ABSOLUTE
    hci_env                                  0x07fd7d40   Data           0  da14585_symbols.txt ABSOLUTE
    h4tl_env                                 0x07fd7d50   Data           0  da14585_symbols.txt ABSOLUTE
    gattc_env                                0x07fd7d68   Data           0  da14585_symbols.txt ABSOLUTE
    gattm_env                                0x07fd7d88   Data           0  da14585_symbols.txt ABSOLUTE
    l2cc_env                                 0x07fd7dac   Data           0  da14585_symbols.txt ABSOLUTE
    ecdh_key                                 0x07fd7dcc   Data           0  da14585_symbols.txt ABSOLUTE
    gapc_env                                 0x07fd7e2c   Data           0  da14585_symbols.txt ABSOLUTE
    gapm_env                                 0x07fd7e4c   Data           0  da14585_symbols.txt ABSOLUTE
    ke_env                                   0x07fd7e78   Data           0  da14585_symbols.txt ABSOLUTE
    rwip_rf                                  0x07fd7fb4   Data           0  da14585_symbols.txt ABSOLUTE



==============================================================================

Memory Map of the image

  Image Entry point : 0x07fc0511

  Load Region LR_IROM1 (Base: 0x07fc0000, Size: 0x000000a0, Max: 0x000000c0, ABSOLUTE)

    Execution Region ER_IROM1 (Exec base: 0x07fc0000, Load base: 0x07fc0000, Size: 0x000000a0, Max: 0x000000c0, ABSOLUTE)

    Exec Addr    Load Addr    Size         Type   Attr      Idx    E Section Name        Object

    0x07fc0000   0x07fc0000   0x000000a0   Data   RO            5    RESET               startup_da14585_586.o



  Load Region LR_IROM2 (Base: 0x07fc00c0, Size: 0x00000000, Max: 0x00000050, ABSOLUTE)

    Execution Region ER_IROM2 (Exec base: 0x07fc00c0, Load base: 0x07fc00c0, Size: 0x00000050, Max: 0x00000050, ABSOLUTE)

    Exec Addr    Load Addr    Size         Type   Attr      Idx    E Section Name        Object

    0x07fc00c0        -       0x00000050   Zero   RW            1    ER_IROM2.bss        anon$$obj.o



  Load Region LR_TRNG_ZI (Base: 0x07fc0110, Size: 0x00000000, Max: 0x00000400, ABSOLUTE)

    Execution Region ER_TRNG_ZI (Exec base: 0x07fc0110, Load base: 0x07fc0110, Size: 0x00000400, Max: 0x00000400, ABSOLUTE)

    Exec Addr    Load Addr    Size         Type   Attr      Idx    E Section Name        Object

    0x07fc0110        -       0x00000400   Zero   RW          922    .bss.trng_buffer_area_zi  lto-llvm-8ef5f6.o



  Load Region LR_IROM3 (Base: 0x07fc0510, Size: 0x0000d364, Max: 0x00011430, ABSOLUTE)

    Execution Region ER_IROM3 (Exec base: 0x07fc0510, Load base: 0x07fc0510, Size: 0x0000d364, Max: 0x00011430, ABSOLUTE)

    Exec Addr    Load Addr    Size         Type   Attr      Idx    E Section Name        Object

    0x07fc0510   0x07fc0510   0x00000000   Code   RO          119  * .ARM.Collect$$$$00000000  mc_p.l(entry.o)
    0x07fc0510   0x07fc0510   0x00000004   Code   RO          408    .ARM.Collect$$$$00000001  mc_p.l(entry2.o)
    0x07fc0514   0x07fc0514   0x00000004   Code   RO          411    .ARM.Collect$$$$00000004  mc_p.l(entry5.o)
    0x07fc0518   0x07fc0518   0x00000000   Code   RO          413    .ARM.Collect$$$$00000008  mc_p.l(entry7b.o)
    0x07fc0518   0x07fc0518   0x00000000   Code   RO          415    .ARM.Collect$$$$0000000A  mc_p.l(entry8b.o)
    0x07fc0518   0x07fc0518   0x00000008   Code   RO          416    .ARM.Collect$$$$0000000B  mc_p.l(entry9a.o)
    0x07fc0520   0x07fc0520   0x00000000   Code   RO          418    .ARM.Collect$$$$0000000D  mc_p.l(entry10a.o)
    0x07fc0520   0x07fc0520   0x00000000   Code   RO          420    .ARM.Collect$$$$0000000F  mc_p.l(entry11a.o)
    0x07fc0520   0x07fc0520   0x00000004   Code   RO          409    .ARM.Collect$$$$00002712  mc_p.l(entry2.o)
    0x07fc0524   0x07fc0524   0x00000050   Code   RO            6    .text               startup_da14585_586.o
    0x07fc0574   0x07fc0574   0x00001544   Code   RO          102    .text               da14585_586.lib(patch.o)
    0x07fc1ab8   0x07fc1ab8   0x00000114   Code   RO          107    .text               da14585_586.lib(rf_calibration.o)
    0x07fc1bcc   0x07fc1bcc   0x000000e8   Code   RO          109    .text               da14585_586.lib(smpc_util.o)
    0x07fc1cb4   0x07fc1cb4   0x00000060   Code   RO          427    .text               mc_p.l(uldiv.o)
    0x07fc1d14   0x07fc1d14   0x00000024   Code   RO          451    .text               mc_p.l(init.o)
    0x07fc1d38   0x07fc1d38   0x00000022   Code   RO          454    .text               mc_p.l(llushr.o)
    0x07fc1d5a   0x07fc1d5a   0x00000002   PAD
    0x07fc1d5c   0x07fc1d5c   0x0000000c   Code   RO          552    .text.ADC_Handler   lto-llvm-8ef5f6.o
    0x07fc1d68   0x07fc1d68   0x00000188   Code   RO          594    .text.BLE_WAKEUP_LP_Handler  lto-llvm-8ef5f6.o
    0x07fc1ef0   0x07fc1ef0   0x00000008   Code   RO          886    .text.DEV_SPI_WriteByte  lto-llvm-8ef5f6.o
    0x07fc1ef8   0x07fc1ef8   0x00000024   Code   RO          892    .text.EPD_2IN13_V2_ReadBusy  lto-llvm-8ef5f6.o
    0x07fc1f1c   0x07fc1f1c   0x00000020   Code   RO          888    .text.EPD_2IN13_V2_SendCommand  lto-llvm-8ef5f6.o
    0x07fc1f3c   0x07fc1f3c   0x00000018   Code   RO          890    .text.EPD_2IN13_V2_SendData  lto-llvm-8ef5f6.o
    0x07fc1f54   0x07fc1f54   0x000001d8   Code   RO          908    .text.EPD_DrawUTF8  lto-llvm-8ef5f6.o
    0x07fc212c   0x07fc212c   0x00000030   Code   RO          884    .text.EPD_GPIO_init  lto-llvm-8ef5f6.o
    0x07fc215c   0x07fc215c   0x0000000a   Code   RO          530    .text.GPIO0_Handler  lto-llvm-8ef5f6.o
    0x07fc2166   0x07fc2166   0x0000000a   Code   RO          532    .text.GPIO1_Handler  lto-llvm-8ef5f6.o
    0x07fc2170   0x07fc2170   0x0000000a   Code   RO          534    .text.GPIO2_Handler  lto-llvm-8ef5f6.o
    0x07fc217a   0x07fc217a   0x0000000a   Code   RO          536    .text.GPIO3_Handler  lto-llvm-8ef5f6.o
    0x07fc2184   0x07fc2184   0x0000000a   Code   RO          538    .text.GPIO4_Handler  lto-llvm-8ef5f6.o
    0x07fc218e   0x07fc218e   0x00000002   PAD
    0x07fc2190   0x07fc2190   0x00000030   Code   RO          524    .text.GPIO_ConfigurePin  lto-llvm-8ef5f6.o
    0x07fc21c0   0x07fc21c0   0x00000018   Code   RO          526    .text.GPIO_SetActive  lto-llvm-8ef5f6.o
    0x07fc21d8   0x07fc21d8   0x00000044   Code   RO          528    .text.GPIOn_Handler  lto-llvm-8ef5f6.o
    0x07fc221c   0x07fc221c   0x00000018   Code   RO          474    .text.HardFault_HandlerC  lto-llvm-8ef5f6.o
    0x07fc2234   0x07fc2234   0x00000010   Code   RO          586    .text.I2C_Handler   lto-llvm-8ef5f6.o
    0x07fc2244   0x07fc2244   0x000000dc   Code   RO          910    .text.LUNAR_SolarToLunar  lto-llvm-8ef5f6.o
    0x07fc2320   0x07fc2320   0x0000003c   Code   RO          476    .text.NMI_HandlerC  lto-llvm-8ef5f6.o
    0x07fc235c   0x07fc235c   0x00000090   Code   RO          906    .text.Paint_SetPixel  lto-llvm-8ef5f6.o
    0x07fc23ec   0x07fc23ec   0x00000002   Code   RO          612    .text.RADIOCNTL_Handler  lto-llvm-8ef5f6.o
    0x07fc23ee   0x07fc23ee   0x0000005e   Code   RO          912    .text.SolarToInt    lto-llvm-8ef5f6.o
    0x07fc244c   0x07fc244c   0x00000002   Code   RO          588    .text.SysTick_Handler  lto-llvm-8ef5f6.o
    0x07fc244e   0x07fc244e   0x00000002   PAD
    0x07fc2450   0x07fc2450   0x00000094   Code   RO          580    .text.UART2_Handler  lto-llvm-8ef5f6.o
    0x07fc24e4   0x07fc24e4   0x00000060   Code   RO          540    .text.WKUP_QUADEC_Handler  lto-llvm-8ef5f6.o
    0x07fc2544   0x07fc2544   0x00000028   Code   RO          484    .text._puts         lto-llvm-8ef5f6.o
    0x07fc256c   0x07fc256c   0x00000024   Code   RO          546    .text.adc_get_sample  lto-llvm-8ef5f6.o
    0x07fc2590   0x07fc2590   0x00000060   Code   RO          548    .text.adc_get_vbat_sample  lto-llvm-8ef5f6.o
    0x07fc25f0   0x07fc25f0   0x00000074   Code   RO          544    .text.adc_init      lto-llvm-8ef5f6.o
    0x07fc2664   0x07fc2664   0x00000020   Code   RO          550    .text.adc_usDelay   lto-llvm-8ef5f6.o
    0x07fc2684   0x07fc2684   0x00000094   Code   RO          876    .text.adv_data_update_timer_cb  lto-llvm-8ef5f6.o
    0x07fc2718   0x07fc2718   0x00000050   Code   RO          804    .text.app_bass_alert_timer_handler  lto-llvm-8ef5f6.o
    0x07fc2768   0x07fc2768   0x00000054   Code   RO          806    .text.app_bass_connect_timer_handler  lto-llvm-8ef5f6.o
    0x07fc27bc   0x07fc27bc   0x00000048   Code   RO          788    .text.app_bass_create_db  lto-llvm-8ef5f6.o
    0x07fc2804   0x07fc2804   0x0000004c   Code   RO          790    .text.app_bass_enable  lto-llvm-8ef5f6.o
    0x07fc2850   0x07fc2850   0x00000020   Code   RO          794    .text.app_bass_process_handler  lto-llvm-8ef5f6.o
    0x07fc2870   0x07fc2870   0x00000028   Code   RO          802    .text.app_bass_timer_handler  lto-llvm-8ef5f6.o
    0x07fc2898   0x07fc2898   0x000000a4   Code   RO          792    .text.app_batt_lvl  lto-llvm-8ef5f6.o
    0x07fc293c   0x07fc293c   0x00000034   Code   RO          864    .text.app_custs1_create_db  lto-llvm-8ef5f6.o
    0x07fc2970   0x07fc2970   0x00000004   Code   RO          866    .text.app_custs1_process_handler  lto-llvm-8ef5f6.o
    0x07fc2974   0x07fc2974   0x00000080   Code   RO          734    .text.app_db_init_next  lto-llvm-8ef5f6.o
    0x07fc29f4   0x07fc29f4   0x00000038   Code   RO          808    .text.app_diss_create_db  lto-llvm-8ef5f6.o
    0x07fc2a2c   0x07fc2a2c   0x00000020   Code   RO          810    .text.app_diss_process_handler  lto-llvm-8ef5f6.o
    0x07fc2a4c   0x07fc2a4c   0x00000038   Code   RO          736    .text.app_easy_gap_disconnect  lto-llvm-8ef5f6.o
    0x07fc2a84   0x07fc2a84   0x00000054   Code   RO          848    .text.app_easy_security_tk_exch  lto-llvm-8ef5f6.o
    0x07fc2ad8   0x07fc2ad8   0x00000058   Code   RO          860    .text.app_easy_timer  lto-llvm-8ef5f6.o
    0x07fc2b30   0x07fc2b30   0x00000050   Code   RO          862    .text.app_easy_timer_cancel  lto-llvm-8ef5f6.o
    0x07fc2b80   0x07fc2b80   0x00000048   Code   RO          842    .text.app_entry_point_handler  lto-llvm-8ef5f6.o
    0x07fc2bc8   0x07fc2bc8   0x00000094   Code   RO          826    .text.app_erase_flash_sectors  lto-llvm-8ef5f6.o
    0x07fc2c5c   0x07fc2c5c   0x000000bc   Code   RO          868    .text.app_fill_random_byte_array  lto-llvm-8ef5f6.o
    0x07fc2d18   0x07fc2d18   0x000000e4   Code   RO          824    .text.app_flash_write_data  lto-llvm-8ef5f6.o
    0x07fc2dfc   0x07fc2dfc   0x00000020   Code   RO          742    .text.app_gap_process_handler  lto-llvm-8ef5f6.o
    0x07fc2e1c   0x07fc2e1c   0x00000038   Code   RO          846    .text.app_msg_utils_api_process_handler  lto-llvm-8ef5f6.o
    0x07fc2e54   0x07fc2e54   0x0000001c   Code   RO          830    .text.app_read_ext_mem  lto-llvm-8ef5f6.o
    0x07fc2e70   0x07fc2e70   0x00000020   Code   RO          772    .text.app_sec_process_handler  lto-llvm-8ef5f6.o
    0x07fc2e90   0x07fc2e90   0x0000000e   Code   RO          822    .text.app_spi_flash_init  lto-llvm-8ef5f6.o
    0x07fc2e9e   0x07fc2e9e   0x00000002   PAD
    0x07fc2ea0   0x07fc2ea0   0x00000070   Code   RO          844    .text.app_std_process_event  lto-llvm-8ef5f6.o
    0x07fc2f10   0x07fc2f10   0x00000034   Code   RO          814    .text.app_suotar_create_db  lto-llvm-8ef5f6.o
    0x07fc2f44   0x07fc2f44   0x00000020   Code   RO          832    .text.app_suotar_process_handler  lto-llvm-8ef5f6.o
    0x07fc2f64   0x07fc2f64   0x00000080   Code   RO          820    .text.app_suotar_spi_config  lto-llvm-8ef5f6.o
    0x07fc2fe4   0x07fc2fe4   0x00000058   Code   RO          818    .text.app_suotar_stop  lto-llvm-8ef5f6.o
    0x07fc303c   0x07fc303c   0x0000013c   Code   RO          852    .text.app_timer_api_process_handler  lto-llvm-8ef5f6.o
    0x07fc3178   0x07fc3178   0x0000000e   Code   RO          738    .text.app_timer_set  lto-llvm-8ef5f6.o
    0x07fc3186   0x07fc3186   0x00000098   Code   RO          482    .text.arch_itoa     lto-llvm-8ef5f6.o
    0x07fc321e   0x07fc321e   0x00000002   PAD
    0x07fc3220   0x07fc3220   0x0000016c   Code   RO          480    .text.arch_printf   lto-llvm-8ef5f6.o
    0x07fc338c   0x07fc338c   0x00000064   Code   RO          478    .text.arch_printf_flush  lto-llvm-8ef5f6.o
    0x07fc33f0   0x07fc33f0   0x0000000e   Code   RO          486    .text.arch_strlen   lto-llvm-8ef5f6.o
    0x07fc33fe   0x07fc33fe   0x00000018   Code   RO          512    .text.ba431_get_rand_func  lto-llvm-8ef5f6.o
    0x07fc3416   0x07fc3416   0x00000004   Code   RO          800    .text.bass_batt_level_ntf_cfg_ind_handler  lto-llvm-8ef5f6.o
    0x07fc341a   0x07fc341a   0x00000002   PAD
    0x07fc341c   0x07fc341c   0x0000006c   Code   RO          724    .text.bass_batt_level_upd_req_handler  lto-llvm-8ef5f6.o
    0x07fc3488   0x07fc3488   0x00000004   Code   RO          798    .text.bass_batt_level_upd_rsp_handler  lto-llvm-8ef5f6.o
    0x07fc348c   0x07fc348c   0x0000001c   Code   RO          714    .text.bass_cleanup  lto-llvm-8ef5f6.o
    0x07fc34a8   0x07fc34a8   0x00000024   Code   RO          712    .text.bass_create   lto-llvm-8ef5f6.o
    0x07fc34cc   0x07fc34cc   0x0000001c   Code   RO          710    .text.bass_destroy  lto-llvm-8ef5f6.o
    0x07fc34e8   0x07fc34e8   0x0000007c   Code   RO          722    .text.bass_enable_req_handler  lto-llvm-8ef5f6.o
    0x07fc3564   0x07fc3564   0x00000004   Code   RO          796    .text.bass_enable_rsp_handler  lto-llvm-8ef5f6.o
    0x07fc3568   0x07fc3568   0x0000011c   Code   RO          718    .text.bass_exe_operation  lto-llvm-8ef5f6.o
    0x07fc3684   0x07fc3684   0x00000066   Code   RO          716    .text.bass_get_att_idx  lto-llvm-8ef5f6.o
    0x07fc36ea   0x07fc36ea   0x00000002   PAD
    0x07fc36ec   0x07fc36ec   0x0000016c   Code   RO          708    .text.bass_init     lto-llvm-8ef5f6.o
    0x07fc3858   0x07fc3858   0x0000006c   Code   RO          720    .text.bass_notify_batt_lvl  lto-llvm-8ef5f6.o
    0x07fc38c4   0x07fc38c4   0x000000ec   Code   RO          542    .text.battery_get_lvl  lto-llvm-8ef5f6.o
    0x07fc39b0   0x07fc39b0   0x00000034   Code   RO          902    .text.bls_att_pushNotifyData  lto-llvm-8ef5f6.o
    0x07fc39e4   0x07fc39e4   0x00000080   Code   RO          858    .text.create_timer  lto-llvm-8ef5f6.o
    0x07fc3a64   0x07fc3a64   0x00000002   Code   RO          506    .text.crypto_init_func  lto-llvm-8ef5f6.o
    0x07fc3a66   0x07fc3a66   0x00000002   PAD
    0x07fc3a68   0x07fc3a68   0x00000050   Code   RO          670    .text.custs1_att_get_value  lto-llvm-8ef5f6.o
    0x07fc3ab8   0x07fc3ab8   0x00000040   Code   RO          664    .text.custs1_att_info_rsp_handler  lto-llvm-8ef5f6.o
    0x07fc3af8   0x07fc3af8   0x00000062   Code   RO          674    .text.custs1_att_set_value  lto-llvm-8ef5f6.o
    0x07fc3b5a   0x07fc3b5a   0x00000002   PAD
    0x07fc3b5c   0x07fc3b5c   0x00000058   Code   RO          648    .text.custs1_cleanup  lto-llvm-8ef5f6.o
    0x07fc3bb4   0x07fc3bb4   0x00000054   Code   RO          646    .text.custs1_create  lto-llvm-8ef5f6.o
    0x07fc3c08   0x07fc3c08   0x00000028   Code   RO          644    .text.custs1_destroy  lto-llvm-8ef5f6.o
    0x07fc3c30   0x07fc3c30   0x00000104   Code   RO          668    .text.custs1_exe_operation  lto-llvm-8ef5f6.o
    0x07fc3d34   0x07fc3d34   0x0000001c   Code   RO          622    .text.custs1_get_att_handle  lto-llvm-8ef5f6.o
    0x07fc3d50   0x07fc3d50   0x00000026   Code   RO          624    .text.custs1_get_att_idx  lto-llvm-8ef5f6.o
    0x07fc3d76   0x07fc3d76   0x00000002   PAD
    0x07fc3d78   0x07fc3d78   0x00000298   Code   RO          642    .text.custs1_init   lto-llvm-8ef5f6.o
    0x07fc4010   0x07fc4010   0x00000078   Code   RO          672    .text.custs1_set_ccc_value  lto-llvm-8ef5f6.o
    0x07fc4088   0x07fc4088   0x00000078   Code   RO          662    .text.custs1_val_ind_req_handler  lto-llvm-8ef5f6.o
    0x07fc4100   0x07fc4100   0x00000080   Code   RO          658    .text.custs1_val_ntf_req_handler  lto-llvm-8ef5f6.o
    0x07fc4180   0x07fc4180   0x00000022   Code   RO          660    .text.custs1_val_set_req_handler  lto-llvm-8ef5f6.o
    0x07fc41a2   0x07fc41a2   0x00000002   PAD
    0x07fc41a4   0x07fc41a4   0x00000078   Code   RO          666    .text.custs1_value_req_rsp_handler  lto-llvm-8ef5f6.o
    0x07fc421c   0x07fc421c   0x00000002   Code   RO          502    .text.dbg_init_func_empty  lto-llvm-8ef5f6.o
    0x07fc421e   0x07fc421e   0x00000002   Code   RO          504    .text.dbg_platform_reset_complete_func_empty  lto-llvm-8ef5f6.o
    0x07fc4220   0x07fc4220   0x00000008   Code   RO          508    .text.dia_rand_func  lto-llvm-8ef5f6.o
    0x07fc4228   0x07fc4228   0x00000008   Code   RO          510    .text.dia_srand_func  lto-llvm-8ef5f6.o
    0x07fc4230   0x07fc4230   0x000001f4   Code   RO          900    .text.display       lto-llvm-8ef5f6.o
    0x07fc4424   0x07fc4424   0x00000002   Code   RO          632    .text.diss_cleanup  lto-llvm-8ef5f6.o
    0x07fc4426   0x07fc4426   0x00000002   Code   RO          630    .text.diss_create   lto-llvm-8ef5f6.o
    0x07fc4428   0x07fc4428   0x00000026   Code   RO          628    .text.diss_destroy  lto-llvm-8ef5f6.o
    0x07fc444e   0x07fc444e   0x00000002   PAD
    0x07fc4450   0x07fc4450   0x000000d8   Code   RO          626    .text.diss_init     lto-llvm-8ef5f6.o
    0x07fc4528   0x07fc4528   0x000000c0   Code   RO          636    .text.diss_set_value_req_handler  lto-llvm-8ef5f6.o
    0x07fc45e8   0x07fc45e8   0x00000084   Code   RO          640    .text.diss_value_cfm_handler  lto-llvm-8ef5f6.o
    0x07fc466c   0x07fc466c   0x000000c0   Code   RO          812    .text.diss_value_req_ind_handler  lto-llvm-8ef5f6.o
    0x07fc472c   0x07fc472c   0x0000002e   Code   RO          634    .text.diss_value_to_handle  lto-llvm-8ef5f6.o
    0x07fc475a   0x07fc475a   0x00000002   PAD
    0x07fc475c   0x07fc475c   0x000000a8   Code   RO          894    .text.do_display_update_with_analog_clock  lto-llvm-8ef5f6.o
    0x07fc4804   0x07fc4804   0x000000d4   Code   RO          898    .text.do_min_work_with_analog_clock  lto-llvm-8ef5f6.o
    0x07fc48d8   0x07fc48d8   0x00000128   Code   RO          776    .text.gapc_bond_ind_handler  lto-llvm-8ef5f6.o
    0x07fc4a00   0x07fc4a00   0x00000170   Code   RO          774    .text.gapc_bond_req_ind_handler  lto-llvm-8ef5f6.o
    0x07fc4b70   0x07fc4b70   0x00000024   Code   RO          748    .text.gapc_cmp_evt_handler  lto-llvm-8ef5f6.o
    0x07fc4b94   0x07fc4b94   0x00000140   Code   RO          750    .text.gapc_connection_req_ind_handler  lto-llvm-8ef5f6.o
    0x07fc4cd4   0x07fc4cd4   0x0000006c   Code   RO          752    .text.gapc_disconnect_ind_handler  lto-llvm-8ef5f6.o
    0x07fc4d40   0x07fc4d40   0x00000018   Code   RO          780    .text.gapc_encrypt_ind_handler  lto-llvm-8ef5f6.o
    0x07fc4d58   0x07fc4d58   0x00000004   Code   RO          778    .text.gapc_encrypt_req_ind_handler  lto-llvm-8ef5f6.o
    0x07fc4d5c   0x07fc4d5c   0x00000094   Code   RO          754    .text.gapc_get_dev_info_req_ind_handler  lto-llvm-8ef5f6.o
    0x07fc4df0   0x07fc4df0   0x00000004   Code   RO          764    .text.gapc_le_pkt_size_ind_handler  lto-llvm-8ef5f6.o
    0x07fc4df4   0x07fc4df4   0x00000020   Code   RO          762    .text.gapc_param_update_req_ind_handler  lto-llvm-8ef5f6.o
    0x07fc4e14   0x07fc4e14   0x00000004   Code   RO          768    .text.gapc_peer_features_ind_handler  lto-llvm-8ef5f6.o
    0x07fc4e18   0x07fc4e18   0x00000004   Code   RO          770    .text.gapc_security_ind_handler  lto-llvm-8ef5f6.o
    0x07fc4e1c   0x07fc4e1c   0x00000060   Code   RO          756    .text.gapc_set_dev_info_req_ind_handler  lto-llvm-8ef5f6.o
    0x07fc4e7c   0x07fc4e7c   0x00000004   Code   RO          782    .text.gapm_addr_solved_ind_handler  lto-llvm-8ef5f6.o
    0x07fc4e80   0x07fc4e80   0x00000004   Code   RO          760    .text.gapm_adv_report_ind_handler  lto-llvm-8ef5f6.o
    0x07fc4e84   0x07fc4e84   0x000000fc   Code   RO          746    .text.gapm_cmp_evt_handler  lto-llvm-8ef5f6.o
    0x07fc4f80   0x07fc4f80   0x00000038   Code   RO          744    .text.gapm_device_ready_ind_handler  lto-llvm-8ef5f6.o
    0x07fc4fb8   0x07fc4fb8   0x000000d0   Code   RO          758    .text.gapm_profile_added_ind_handler  lto-llvm-8ef5f6.o
    0x07fc5088   0x07fc5088   0x00000004   Code   RO          786    .text.gapm_ral_addr_ind_handler  lto-llvm-8ef5f6.o
    0x07fc508c   0x07fc508c   0x00000004   Code   RO          784    .text.gapm_ral_size_ind_handler  lto-llvm-8ef5f6.o
    0x07fc5090   0x07fc5090   0x00000058   Code   RO          654    .text.gattc_att_info_req_ind_handler  lto-llvm-8ef5f6.o
    0x07fc50e8   0x07fc50e8   0x00000054   Code   RO          726    .text.gattc_att_info_req_ind_handler.107  lto-llvm-8ef5f6.o
    0x07fc513c   0x07fc513c   0x00000014   Code   RO          656    .text.gattc_cmp_evt_handler  lto-llvm-8ef5f6.o
    0x07fc5150   0x07fc5150   0x00000010   Code   RO          732    .text.gattc_cmp_evt_handler.110  lto-llvm-8ef5f6.o
    0x07fc5160   0x07fc5160   0x000000e0   Code   RO          638    .text.gattc_read_req_ind_handler  lto-llvm-8ef5f6.o
    0x07fc5240   0x07fc5240   0x000000a8   Code   RO          700    .text.gattc_read_req_ind_handler.101  lto-llvm-8ef5f6.o
    0x07fc52e8   0x07fc52e8   0x000000d0   Code   RO          730    .text.gattc_read_req_ind_handler.109  lto-llvm-8ef5f6.o
    0x07fc53b8   0x07fc53b8   0x00000128   Code   RO          650    .text.gattc_read_req_ind_handler.74  lto-llvm-8ef5f6.o
    0x07fc54e0   0x07fc54e0   0x00000004   Code   RO          766    .text.gattc_svc_changed_cfg_ind_handler  lto-llvm-8ef5f6.o
    0x07fc54e4   0x07fc54e4   0x000001cc   Code   RO          652    .text.gattc_write_req_ind_handler  lto-llvm-8ef5f6.o
    0x07fc56b0   0x07fc56b0   0x000001fc   Code   RO          702    .text.gattc_write_req_ind_handler.102  lto-llvm-8ef5f6.o
    0x07fc58ac   0x07fc58ac   0x000000d8   Code   RO          728    .text.gattc_write_req_ind_handler.108  lto-llvm-8ef5f6.o
    0x07fc5984   0x07fc5984   0x0000006c   Code   RO          620    .text.get_cfg_handle  lto-llvm-8ef5f6.o
    0x07fc59f0   0x07fc59f0   0x00000050   Code   RO          516    .text.get_rc16m_count  lto-llvm-8ef5f6.o
    0x07fc5a40   0x07fc5a40   0x00000028   Code   RO          740    .text.get_user_prf_srv_perm  lto-llvm-8ef5f6.o
    0x07fc5a68   0x07fc5a68   0x00000078   Code   RO          592    .text.lld_sleep_compensate_func  lto-llvm-8ef5f6.o
    0x07fc5ae0   0x07fc5ae0   0x00000024   Code   RO          522    .text.lld_sleep_init_func  lto-llvm-8ef5f6.o
    0x07fc5b04   0x07fc5b04   0x00000008   Code   RO          520    .text.lld_sleep_lpcycles_2_us_sel_func  lto-llvm-8ef5f6.o
    0x07fc5b0c   0x07fc5b0c   0x00000008   Code   RO          518    .text.lld_sleep_us_2_lpcycles_sel_func  lto-llvm-8ef5f6.o
    0x07fc5b14   0x07fc5b14   0x00000034   Code   RO          850    .text.ltk_exch_create_msg  lto-llvm-8ef5f6.o
    0x07fc5b48   0x07fc5b48   0x00000a38   Code   RO          498    .text.main          lto-llvm-8ef5f6.o
    0x07fc6580   0x07fc6580   0x00000030   Code   RO          878    .text.mnf_data_update  lto-llvm-8ef5f6.o
    0x07fc65b0   0x07fc65b0   0x00000004   Code   RO          494    .text.nvds_del_func  lto-llvm-8ef5f6.o
    0x07fc65b4   0x07fc65b4   0x000000c8   Code   RO          490    .text.nvds_get_func  lto-llvm-8ef5f6.o
    0x07fc667c   0x07fc667c   0x00000004   Code   RO          492    .text.nvds_init_func  lto-llvm-8ef5f6.o
    0x07fc6680   0x07fc6680   0x00000004   Code   RO          496    .text.nvds_put_func  lto-llvm-8ef5f6.o
    0x07fc6684   0x07fc6684   0x0000002a   Code   RO          872    .text.on_suotar_status_change  lto-llvm-8ef5f6.o
    0x07fc66ae   0x07fc66ae   0x00000002   PAD
    0x07fc66b0   0x07fc66b0   0x00000054   Code   RO          880    .text.param_update_request_timer_cb  lto-llvm-8ef5f6.o
    0x07fc6704   0x07fc6704   0x00000144   Code   RO          870    .text.periph_init   lto-llvm-8ef5f6.o
    0x07fc6848   0x07fc6848   0x00000018   Code   RO          500    .text.platform_reset_func  lto-llvm-8ef5f6.o
    0x07fc6860   0x07fc6860   0x00000070   Code   RO          680    .text.prf_add_profile_func  lto-llvm-8ef5f6.o
    0x07fc68d0   0x07fc68d0   0x0000002c   Code   RO          684    .text.prf_cleanup_func  lto-llvm-8ef5f6.o
    0x07fc68fc   0x07fc68fc   0x00000028   Code   RO          682    .text.prf_create_func  lto-llvm-8ef5f6.o
    0x07fc6924   0x07fc6924   0x00000028   Code   RO          686    .text.prf_env_get   lto-llvm-8ef5f6.o
    0x07fc694c   0x07fc694c   0x00000028   Code   RO          688    .text.prf_get_id_from_task_func  lto-llvm-8ef5f6.o
    0x07fc6974   0x07fc6974   0x00000028   Code   RO          690    .text.prf_get_task_from_id_func  lto-llvm-8ef5f6.o
    0x07fc699c   0x07fc699c   0x00000064   Code   RO          676    .text.prf_init_func  lto-llvm-8ef5f6.o
    0x07fc6a00   0x07fc6a00   0x00000038   Code   RO          678    .text.prf_itf_get   lto-llvm-8ef5f6.o
    0x07fc6a38   0x07fc6a38   0x00000002   Code   RO          614    .text.rf_force_agc_enable  lto-llvm-8ef5f6.o
    0x07fc6a3a   0x07fc6a3a   0x00000002   PAD
    0x07fc6a3c   0x07fc6a3c   0x000000a4   Code   RO          600    .text.rf_init_func  lto-llvm-8ef5f6.o
    0x07fc6ae0   0x07fc6ae0   0x00000004   Code   RO          602    .text.rf_reg_rd     lto-llvm-8ef5f6.o
    0x07fc6ae4   0x07fc6ae4   0x00000002   Code   RO          604    .text.rf_reg_wr     lto-llvm-8ef5f6.o
    0x07fc6ae6   0x07fc6ae6   0x00000002   PAD
    0x07fc6ae8   0x07fc6ae8   0x0000004c   Code   RO          598    .text.rf_regs       lto-llvm-8ef5f6.o
    0x07fc6b34   0x07fc6b34   0x0000004c   Code   RO          618    .text.rf_reinit_func  lto-llvm-8ef5f6.o
    0x07fc6b80   0x07fc6b80   0x00000002   Code   RO          610    .text.rf_reset      lto-llvm-8ef5f6.o
    0x07fc6b82   0x07fc6b82   0x00000008   Code   RO          616    .text.rf_rssi_convert  lto-llvm-8ef5f6.o
    0x07fc6b8a   0x07fc6b8a   0x00000002   PAD
    0x07fc6b8c   0x07fc6b8c   0x00000010   Code   RO          608    .text.rf_sleep      lto-llvm-8ef5f6.o
    0x07fc6b9c   0x07fc6b9c   0x00000004   Code   RO          606    .text.rf_txpwr_dbm_get  lto-llvm-8ef5f6.o
    0x07fc6ba0   0x07fc6ba0   0x000000f4   Code   RO          596    .text.rwble_isr     lto-llvm-8ef5f6.o
    0x07fc6c94   0x07fc6c94   0x00000044   Code   RO          514    .text.set_sleep_delay  lto-llvm-8ef5f6.o
    0x07fc6cd8   0x07fc6cd8   0x00000038   Code   RO          560    .text.spi_access    lto-llvm-8ef5f6.o
    0x07fc6d10   0x07fc6d10   0x00000010   Code   RO          554    .text.spi_cs_high   lto-llvm-8ef5f6.o
    0x07fc6d20   0x07fc6d20   0x00000020   Code   RO          558    .text.spi_cs_low    lto-llvm-8ef5f6.o
    0x07fc6d40   0x07fc6d40   0x00000078   Code   RO          572    .text.spi_flash_auto_detect  lto-llvm-8ef5f6.o
    0x07fc6db8   0x07fc6db8   0x00000012   Code   RO          564    .text.spi_flash_is_busy  lto-llvm-8ef5f6.o
    0x07fc6dca   0x07fc6dca   0x00000002   PAD
    0x07fc6dcc   0x07fc6dcc   0x0000001c   Code   RO          896    .text.spi_flash_peripheral_init  lto-llvm-8ef5f6.o
    0x07fc6de8   0x07fc6de8   0x00000060   Code   RO          578    .text.spi_flash_read_data  lto-llvm-8ef5f6.o
    0x07fc6e48   0x07fc6e48   0x00000014   Code   RO          566    .text.spi_flash_read_status_reg  lto-llvm-8ef5f6.o
    0x07fc6e5c   0x07fc6e5c   0x00000018   Code   RO          570    .text.spi_flash_release_from_power_down  lto-llvm-8ef5f6.o
    0x07fc6e74   0x07fc6e74   0x0000001a   Code   RO          574    .text.spi_flash_ultra_deep_power_down  lto-llvm-8ef5f6.o
    0x07fc6e8e   0x07fc6e8e   0x00000002   PAD
    0x07fc6e90   0x07fc6e90   0x00000028   Code   RO          568    .text.spi_flash_wait_till_ready  lto-llvm-8ef5f6.o
    0x07fc6eb8   0x07fc6eb8   0x00000032   Code   RO          576    .text.spi_flash_write_enable  lto-llvm-8ef5f6.o
    0x07fc6eea   0x07fc6eea   0x00000002   PAD
    0x07fc6eec   0x07fc6eec   0x00000028   Code   RO          556    .text.spi_set_bitmode  lto-llvm-8ef5f6.o
    0x07fc6f14   0x07fc6f14   0x00000018   Code   RO          562    .text.spi_transaction  lto-llvm-8ef5f6.o
    0x07fc6f2c   0x07fc6f2c   0x00000034   Code   RO          698    .text.suotar_cleanup  lto-llvm-8ef5f6.o
    0x07fc6f60   0x07fc6f60   0x00000002   Code   RO          696    .text.suotar_create  lto-llvm-8ef5f6.o
    0x07fc6f62   0x07fc6f62   0x00000010   Code   RO          694    .text.suotar_destroy  lto-llvm-8ef5f6.o
    0x07fc6f72   0x07fc6f72   0x00000002   PAD
    0x07fc6f74   0x07fc6f74   0x0000003c   Code   RO          836    .text.suotar_gpio_map_ind_handler  lto-llvm-8ef5f6.o
    0x07fc6fb0   0x07fc6fb0   0x000004cc   Code   RO          692    .text.suotar_init   lto-llvm-8ef5f6.o
    0x07fc747c   0x07fc747c   0x00000038   Code   RO          704    .text.suotar_mem_info_update_req_handler  lto-llvm-8ef5f6.o
    0x07fc74b4   0x07fc74b4   0x000002cc   Code   RO          840    .text.suotar_patch_data_ind_handler  lto-llvm-8ef5f6.o
    0x07fc7780   0x07fc7780   0x00000048   Code   RO          838    .text.suotar_patch_len_ind_handler  lto-llvm-8ef5f6.o
    0x07fc77c8   0x07fc77c8   0x0000013c   Code   RO          834    .text.suotar_patch_mem_dev_ind_handler  lto-llvm-8ef5f6.o
    0x07fc7904   0x07fc7904   0x00000024   Code   RO          828    .text.suotar_send_mem_info_update_req  lto-llvm-8ef5f6.o
    0x07fc7928   0x07fc7928   0x00000024   Code   RO          816    .text.suotar_send_status_update_req  lto-llvm-8ef5f6.o
    0x07fc794c   0x07fc794c   0x00000080   Code   RO          706    .text.suotar_status_update_req_handler  lto-llvm-8ef5f6.o
    0x07fc79cc   0x07fc79cc   0x00000050   Code   RO          590    .text.systick_wait  lto-llvm-8ef5f6.o
    0x07fc7a1c   0x07fc7a1c   0x00000002   Code   RO          854    .text.timer_canceled_handler  lto-llvm-8ef5f6.o
    0x07fc7a1e   0x07fc7a1e   0x00000002   Code   RO          856    .text.timer_modified_handler  lto-llvm-8ef5f6.o
    0x07fc7a20   0x07fc7a20   0x00000154   Code   RO          904    .text.transformTime  lto-llvm-8ef5f6.o
    0x07fc7b74   0x07fc7b74   0x0000009c   Code   RO          488    .text.uart_callback  lto-llvm-8ef5f6.o
    0x07fc7c10   0x07fc7c10   0x0000000c   Code   RO          582    .text.uart_rx_isr   lto-llvm-8ef5f6.o
    0x07fc7c1c   0x07fc7c1c   0x00000068   Code   RO          584    .text.uart_send     lto-llvm-8ef5f6.o
    0x07fc7c84   0x07fc7c84   0x0000015c   Code   RO          874    .text.user_app_adv_start  lto-llvm-8ef5f6.o
    0x07fc7de0   0x07fc7de0   0x00000390   Code   RO          882    .text.user_catch_rest_hndl  lto-llvm-8ef5f6.o
    0x07fc8170   0x07fc8170   0x00000028   Code   RO          329    i.__0sprintf$8      mc_p.l(printf8.o)
    0x07fc8198   0x07fc8198   0x0000000e   Code   RO          936    i.__scatterload_copy  mc_p.l(handlers.o)
    0x07fc81a6   0x07fc81a6   0x00000002   Code   RO          937    i.__scatterload_null  mc_p.l(handlers.o)
    0x07fc81a8   0x07fc81a8   0x0000000e   Code   RO          938    i.__scatterload_zeroinit  mc_p.l(handlers.o)
    0x07fc81b6   0x07fc81b6   0x00000002   PAD
    0x07fc81b8   0x07fc81b8   0x00000428   Code   RO          334    i._printf_core      mc_p.l(printf8.o)
    0x07fc85e0   0x07fc85e0   0x00000020   Code   RO          335    i._printf_post_padding  mc_p.l(printf8.o)
    0x07fc8600   0x07fc8600   0x0000002c   Code   RO          336    i._printf_pre_padding  mc_p.l(printf8.o)
    0x07fc862c   0x07fc862c   0x0000000a   Code   RO          338    i._sputc            mc_p.l(printf8.o)
    0x07fc8636   0x07fc8636   0x00000002   PAD
    0x07fc8638   0x07fc8638   0x00000040   Code   RO          472    system_DA14xxx      lto-llvm-8ef5f6.o
    0x07fc8678   0x07fc8678   0x000000e0   Data   RO          103    .constdata          da14585_586.lib(patch.o)
    0x07fc8758   0x07fc8758   0x00005054   Data   RO          915    .rodata             lto-llvm-8ef5f6.o
    0x07fcd7ac   0x07fcd7ac   0x00000004   Data   RO          926    .rodata.cst4        lto-llvm-8ef5f6.o
    0x07fcd7b0   0x07fcd7b0   0x00000084   Data   RO          925    .rodata.str1.1      lto-llvm-8ef5f6.o
    0x07fcd834   0x07fcd834   0x0000000b   Data   RO          924    .rodata.str1.4      lto-llvm-8ef5f6.o
    0x07fcd83f   0x07fcd83f   0x00000001   PAD
    0x07fcd840   0x07fcd840   0x00000030   Data   RO          935    Region$$Table       anon$$obj.o
    0x07fcd870   0x07fcd870   0x00000004   Data   RW          921    .data               lto-llvm-8ef5f6.o


    Execution Region ER_PRODTEST (Exec base: 0x07fcd878, Load base: 0x07fcd874, Size: 0x00000000, Max: 0xffffffff, ABSOLUTE, UNINIT)

    **** No section assigned to this execution region ****


    Execution Region ER_ZI (Exec base: 0x07fcd878, Load base: 0x07fcd874, Size: 0x00000780, Max: 0xffffffff, ABSOLUTE)

    Exec Addr    Load Addr    Size         Type   Attr      Idx    E Section Name        Object

    0x07fcd878        -       0x00000180   Zero   RW          914    .bss                lto-llvm-8ef5f6.o
    0x07fcd9f8        -       0x00000600   Zero   RW            3    STACK               startup_da14585_586.o


    Execution Region ER_NZI (Exec base: 0x07fcdff8, Load base: 0x07fcd874, Size: 0x0000040c, Max: 0xffffffff, ABSOLUTE, UNINIT)

    Exec Addr    Load Addr    Size         Type   Attr      Idx    E Section Name        Object

    0x07fcdff8        -       0x0000040c   Zero   RW          917    .bss.heap_mem_area_not_ret  lto-llvm-8ef5f6.o



  Load Region LR_RETAINED_RAM0 (Base: 0x07fd1940, Size: 0x00000000, Max: 0x000042c4, ABSOLUTE)

    Execution Region RET_DATA_UNINIT (Exec base: 0x07fd1940, Load base: 0x07fd1940, Size: 0x00000000, Max: 0x00000000, ABSOLUTE, UNINIT)

    **** No section assigned to this execution region ****


    Execution Region RET_DATA (Exec base: 0x07fd1940, Load base: 0x07fd1940, Size: 0x00000d6c, Max: 0x000032c8, ABSOLUTE)

    Exec Addr    Load Addr    Size         Type   Attr      Idx    E Section Name        Object

    0x07fd1940        -       0x00000d6c   Zero   RW          923    .bss.retention_mem_area0  lto-llvm-8ef5f6.o


    Execution Region RET_HEAP (Exec base: 0x07fd26ac, Load base: 0x07fd1940, Size: 0x00000ffc, Max: 0x00000ffc, ABSOLUTE, UNINIT)

    Exec Addr    Load Addr    Size         Type   Attr      Idx    E Section Name        Object

    0x07fd26ac        -       0x0000080c   Zero   RW          919    .bss.heap_db_area   lto-llvm-8ef5f6.o
    0x07fd2eb8        -       0x00000274   Zero   RW          918    .bss.heap_env_area  lto-llvm-8ef5f6.o
    0x07fd312c        -       0x0000057c   Zero   RW          920    .bss.heap_msg_area  lto-llvm-8ef5f6.o



  Load Region LR_FREE_AREA (Base: 0x07fd7278, Size: 0x00000000, Max: 0x00000388, ABSOLUTE)

    Execution Region ER_FREE_AREA (Exec base: 0x07fd7278, Load base: 0x07fd7278, Size: 0x00000000, Max: 0x00000388, ABSOLUTE)

    **** No section assigned to this execution region ****


==============================================================================

Image component sizes


      Code (inc. data)   RO Data    RW Data    ZI Data      Debug   Object Name

     25644       2888      20711          4       9972     278623   lto-llvm-8ef5f6.o
        80         16        160          0       1536        776   startup_da14585_586.o

    ----------------------------------------------------------------------
     25764       2904      20920          4      11588     279399   Object Totals
         0          0         48          0         80          0   (incl. Generated)
        40          0          1          0          0          0   (incl. Padding)

    ----------------------------------------------------------------------

      Code (inc. data)   RO Data    RW Data    ZI Data      Debug   Library Member Name

      5444        230        224          0          0       1008   patch.o
       276         26          0          0          0        172   rf_calibration.o
       232         14          0          0          0        112   smpc_util.o
         0          0          0          0          0          0   entry.o
         0          0          0          0          0          0   entry10a.o
         0          0          0          0          0          0   entry11a.o
         8          4          0          0          0          0   entry2.o
         4          0          0          0          0          0   entry5.o
         0          0          0          0          0          0   entry7b.o
         0          0          0          0          0          0   entry8b.o
         8          4          0          0          0          0   entry9a.o
        30          0          0          0          0          0   handlers.o
        36          8          0          0          0         68   init.o
        34          0          0          0          0         68   llushr.o
      1190         48          0          0          0        384   printf8.o
        96          0          0          0          0         84   uldiv.o

    ----------------------------------------------------------------------
      7364        334        224          0          0       1896   Library Totals
         6          0          0          0          0          0   (incl. Padding)

    ----------------------------------------------------------------------

      Code (inc. data)   RO Data    RW Data    ZI Data      Debug   Library Name

      5952        270        224          0          0       1292   da14585_586.lib
      1406         64          0          0          0        604   mc_p.l

    ----------------------------------------------------------------------
      7364        334        224          0          0       1896   Library Totals

    ----------------------------------------------------------------------

==============================================================================


      Code (inc. data)   RO Data    RW Data    ZI Data      Debug   

     33128       3238      21144          4      11588     281007   Grand Totals
     33128       3238      21144          4      11588     281007   ELF Image Totals
     33128       3238      21144          4          0          0   ROM Totals

==============================================================================

    Total RO  Size (Code + RO Data)                54272 (  53.00kB)
    Total RW  Size (RW Data + ZI Data)             11592 (  11.32kB)
    Total ROM Size (Code + RO Data + RW Data)      54276 (  53.00kB)

==============================================================================

